Component: ARM Compiler 5.06 update 2 (build 183) Tool: armlink [4d35b7]

==============================================================================

Section Cross References

    main.o(i._Z8Sys_Initv) refers to delay.o(i.delay_init) for delay_init
    main.o(i._Z8Sys_Initv) refers to misc_1.o(i.NVIC_PriorityGroupConfig) for NVIC_PriorityGroupConfig
    main.o(i._Z8Sys_Initv) refers to serialport.o(i._ZN10SerialPortC1Ei) for SerialPort::SerialPort(int)
    main.o(i._Z8Sys_Initv) refers to spi_enc28j60.o(i.SPI_Enc28j60_Init) for SPI_Enc28j60_Init
    main.o(i._Z8Sys_Initv) refers to enc28j60.o(i.enc28j60Init) for enc28j60Init
    main.o(i._Z8Sys_Initv) refers to enc28j60.o(i.enc28j60PhyWrite) for enc28j60PhyWrite
    main.o(i._Z8Sys_Initv) refers to ip_arp_udp_tcp.o(i.init_ip_arp_udp_tcp) for init_ip_arp_udp_tcp
    main.o(i._Z8Sys_Initv) refers to lcd.o(i.LCD_Init) for LCD_Init
    main.o(i._Z8Sys_Initv) refers to key.o(i.KEY_Init) for KEY_Init
    main.o(i._Z8Sys_Initv) refers to stm32f10x_flash.o(i.FLASH_Unlock) for FLASH_Unlock
    main.o(i._Z8Sys_Initv) refers to bsp.o(i.EE_INIT) for EE_INIT
    main.o(i._Z8Sys_Initv) refers to time.o(i.TIM3_Init) for TIM3_Init
    main.o(i._Z8Sys_Initv) refers to enc28j60.o(.data) for myip
    main.o(i._Z8Sys_Initv) refers to touch.o(.data) for tp_dev
    main.o(i._Z8Sys_Initv) refers to dis.o(.data) for DisFlag
    main.o(i.__sti___8_main_cpp_DS0) refers to led.o(i._ZN3LedC1EP12GPIO_TypeDefi) for Led::Led(GPIO_TypeDef*, int)
    main.o(i.__sti___8_main_cpp_DS0) refers to main.o(.bss) for DS0
    main.o(i.main) refers to main.o(i._Z8Sys_Initv) for Sys_Init()
    main.o(i.main) refers to led.o(i._ZN3Led2onEv) for Led::on()
    main.o(i.main) refers to led.o(i._ZN3Led8overturnEv) for Led::overturn()
    main.o(i.main) refers to dis.o(i.Dis) for Dis
    main.o(i.main) refers to main.o(.bss) for DS1
    main.o(i.main) refers to dis.o(.data) for DisFlag
    main.o(i.rtp_test) refers to key.o(i.KEY_Scan) for KEY_Scan
    main.o(i.rtp_test) refers to lcd.o(i.LCD_ShowNum) for LCD_ShowNum
    main.o(i.rtp_test) refers to printf5.o(i.__0printf$5) for __2printf
    main.o(i.rtp_test) refers to delay.o(i.delay_ms) for delay_ms
    main.o(i.rtp_test) refers to lcd.o(i.LCD_Clear) for LCD_Clear
    main.o(i.rtp_test) refers to touch.o(i.TP_Adjust) for TP_Adjust
    main.o(i.rtp_test) refers to touch.o(i.TP_Save_Adjdata) for TP_Save_Adjdata
    main.o(i.rtp_test) refers to touch.o(i.TP_Get_Adjdata) for TP_Get_Adjdata
    main.o(i.rtp_test) refers to lcd.o(i.Load_Drow_Dialog) for Load_Drow_Dialog
    main.o(i.rtp_test) refers to led.o(i._ZN3Led8overturnEv) for Led::overturn()
    main.o(i.rtp_test) refers to touch.o(.data) for tp_dev
    main.o(i.rtp_test) refers to lcd.o(.bss) for lcddev
    main.o(i.rtp_test) refers to main.o(.bss) for DS0
    main.o(.ARM.exidx) refers to main.o(i._Z8Sys_Initv) for i._Z8Sys_Initv
    main.o(.ARM.exidx) refers to main.o(i.main) for i.main
    main.o(.ARM.exidx) refers to main.o(i.rtp_test) for i.rtp_test
    main.o(.ARM.exidx) refers to main.o(i.__sti___8_main_cpp_DS0) for i.__sti___8_main_cpp_DS0
    main.o(.init_array) refers to main.o(i.__sti___8_main_cpp_DS0) for __sti___8_main_cpp_DS0
    main.o(.init_array) refers to cpp_init.o(.text) for __cpp_initialize__aeabi_
    led.o(i._ZN3Led8overturnEv) refers to led.o(i._ZN3Led3offEv) for Led::off()
    led.o(i._ZN3Led8overturnEv) refers to led.o(i._ZN3Led2onEv) for Led::on()
    led.o(i._ZN3LedC1EP12GPIO_TypeDefi) refers to stm32f10x_rcc.o(i.RCC_APB2PeriphClockCmd) for RCC_APB2PeriphClockCmd
    led.o(i._ZN3LedC1EP12GPIO_TypeDefi) refers to stm32f10x_gpio.o(i.GPIO_Init) for GPIO_Init
    led.o(i._ZN3LedC1EP12GPIO_TypeDefi) refers to led.o(i._ZN3Led3offEv) for Led::off()
    led.o(.ARM.exidx) refers to led.o(i._ZN3Led3offEv) for i._ZN3Led3offEv
    led.o(.ARM.exidx) refers to led.o(i._ZN3LedC1EP12GPIO_TypeDefi) for i._ZN3LedC1EP12GPIO_TypeDefi
    led.o(.ARM.exidx) refers to led.o(i._ZN3Led2onEv) for i._ZN3Led2onEv
    led.o(.ARM.exidx) refers to led.o(i._ZN3Led8overturnEv) for i._ZN3Led8overturnEv
    serialport.o(i._ZN10SerialPortC1Ei) refers to usart.o(i.uart_init) for uart_init
    serialport.o(.ARM.exidx) refers to serialport.o(i._ZN10SerialPortC1Ei) for i._ZN10SerialPortC1Ei
    delay.o(i.delay_init) refers to misc_1.o(i.SysTick_CLKSourceConfig) for SysTick_CLKSourceConfig
    delay.o(i.delay_init) refers to system_stm32f10x.o(.data) for SystemCoreClock
    delay.o(i.delay_init) refers to delay.o(.data) for fac_us
    delay.o(i.delay_ms) refers to delay.o(.data) for fac_ms
    delay.o(i.delay_us) refers to delay.o(.data) for fac_us
    sys.o(i.NVIC_Configuration) refers to misc_1.o(i.NVIC_PriorityGroupConfig) for NVIC_PriorityGroupConfig
    usart.o(i.USART1_IRQHandler) refers to stm32f10x_usart.o(i.USART_GetITStatus) for USART_GetITStatus
    usart.o(i.USART1_IRQHandler) refers to stm32f10x_usart.o(i.USART_ReceiveData) for USART_ReceiveData
[...]
    ../clib/microlib/stubs.s                 0x00000000   Number         0  useno.o ABSOLUTE
    ../fplib/microlib/d2f.c                  0x00000000   Number         0  d2f.o ABSOLUTE
    ../fplib/microlib/f2d.c                  0x00000000   Number         0  f2d.o ABSOLUTE
    ../fplib/microlib/fpadd.c                0x00000000   Number         0  dadd.o ABSOLUTE
    ../fplib/microlib/fpadd.c                0x00000000   Number         0  fadd.o ABSOLUTE
    ../fplib/microlib/fpdiv.c                0x00000000   Number         0  fdiv.o ABSOLUTE
    ../fplib/microlib/fpdiv.c                0x00000000   Number         0  ddiv.o ABSOLUTE
    ../fplib/microlib/fpepilogue.c           0x00000000   Number         0  depilogue.o ABSOLUTE
    ../fplib/microlib/fpepilogue.c           0x00000000   Number         0  fepilogue.o ABSOLUTE
    ../fplib/microlib/fpfix.c                0x00000000   Number         0  dfixui.o ABSOLUTE
    ../fplib/microlib/fpfix.c                0x00000000   Number         0  dfixul.o ABSOLUTE
    ../fplib/microlib/fpfix.c                0x00000000   Number         0  ffixui.o ABSOLUTE
    ../fplib/microlib/fpfix.c                0x00000000   Number         0  ffixi.o ABSOLUTE
    ../fplib/microlib/fpflt.c                0x00000000   Number         0  fflti.o ABSOLUTE
    ../fplib/microlib/fpflt.c                0x00000000   Number         0  ffltui.o ABSOLUTE
    ../fplib/microlib/fpflt.c                0x00000000   Number         0  dflti.o ABSOLUTE
    ../fplib/microlib/fpflt.c                0x00000000   Number         0  dfltui.o ABSOLUTE
    ../fplib/microlib/fpmul.c                0x00000000   Number         0  dmul.o ABSOLUTE
    ../fplib/microlib/fpmul.c                0x00000000   Number         0  fmul.o ABSOLUTE
    ../fplib/microlib/fpsqrt.c               0x00000000   Number         0  dsqrt.o ABSOLUTE
    ../mathlib/sqrt.c                        0x00000000   Number         0  sqrt.o ABSOLUTE
    ../mathlib/sqrt.c                        0x00000000   Number         0  sqrt_x.o ABSOLUTE
    Class\\led.cpp                           0x00000000   Number         0  led.o ABSOLUTE
    Class\\serialport.cpp                    0x00000000   Number         0  serialport.o ABSOLUTE
    Class\led.cpp                            0x00000000   Number         0  led.o ABSOLUTE
    Class\serialport.cpp                     0x00000000   Number         0  serialport.o ABSOLUTE
    RTE\Device\STM32F103ZE\startup_stm32f10x_hd.s 0x00000000   Number         0  startup_stm32f10x_hd.o ABSOLUTE
    RTE\Device\STM32F103ZE\system_stm32f10x.c 0x00000000   Number         0  system_stm32f10x.o ABSOLUTE
    RTE\\Device\\STM32F103ZE\\system_stm32f10x.c 0x00000000   Number         0  system_stm32f10x.o ABSOLUTE
    SYSTEM\\delay.c                          0x00000000   Number         0  delay.o ABSOLUTE
    SYSTEM\\sys.c                            0x00000000   Number         0  sys.o ABSOLUTE
    SYSTEM\\usart.c                          0x00000000   Number         0  usart.o ABSOLUTE
    SYSTEM\delay.c                           0x00000000   Number         0  delay.o ABSOLUTE
    SYSTEM\sys.c                             0x00000000   Number         0  sys.o ABSOLUTE
    SYSTEM\usart.c                           0x00000000   Number         0  usart.o ABSOLUTE
    USER\\main.cpp                           0x00000000   Number         0  main.o ABSOLUTE
    USER\main.cpp                            0x00000000   Number         0  main.o ABSOLUTE
    app\\dis.c                               0x00000000   Number         0  dis.o ABSOLUTE
    app\\netserve.c                          0x00000000   Number         0  netserve.o ABSOLUTE
    app\dis.c                                0x00000000   Number         0  dis.o ABSOLUTE
    app\netserve.c                           0x00000000   Number         0  netserve.o ABSOLUTE
    cdcmple.s                                0x00000000   Number         0  cdcmple.o ABSOLUTE
    cdrcmple.s                               0x00000000   Number         0  cdrcmple.o ABSOLUTE
    dc.s                                     0x00000000   Number         0  dc.o ABSOLUTE
    drive\\enc28j60.c                        0x00000000   Number         0  enc28j60.o ABSOLUTE
    drive\\ip_arp_udp_tcp.c                  0x00000000   Number         0  ip_arp_udp_tcp.o ABSOLUTE
    drive\enc28j60.c                         0x00000000   Number         0  enc28j60.o ABSOLUTE
    drive\ip_arp_udp_tcp.c                   0x00000000   Number         0  ip_arp_udp_tcp.o ABSOLUTE
    f:\Keil\ARM\PACK\Keil\STM32F1xx_DFP\2.0.0\Device\StdPeriph_Driver\src\misc.c 0x00000000   Number         0  misc_1.o ABSOLUTE
    f:\Keil\ARM\PACK\Keil\STM32F1xx_DFP\2.0.0\Device\StdPeriph_Driver\src\stm32f10x_adc.c 0x00000000   Number         0  stm32f10x_adc.o ABSOLUTE
    f:\Keil\ARM\PACK\Keil\STM32F1xx_DFP\2.0.0\Device\StdPeriph_Driver\src\stm32f10x_exti.c 0x00000000   Number         0  stm32f10x_exti.o ABSOLUTE
    f:\Keil\ARM\PACK\Keil\STM32F1xx_DFP\2.0.0\Device\StdPeriph_Driver\src\stm32f10x_flash.c 0x00000000   Number         0  stm32f10x_flash.o ABSOLUTE
    f:\Keil\ARM\PACK\Keil\STM32F1xx_DFP\2.0.0\Device\StdPeriph_Driver\src\stm32f10x_fsmc.c 0x00000000   Number         0  stm32f10x_fsmc.o ABSOLUTE
    f:\Keil\ARM\PACK\Keil\STM32F1xx_DFP\2.0.0\Device\StdPeriph_Driver\src\stm32f10x_gpio.c 0x00000000   Number         0  stm32f10x_gpio.o ABSOLUTE
    f:\Keil\ARM\PACK\Keil\STM32F1xx_DFP\2.0.0\Device\StdPeriph_Driver\src\stm32f10x_rcc.c 0x00000000   Number         0  stm32f10x_rcc.o ABSOLUTE
    f:\Keil\ARM\PACK\Keil\STM32F1xx_DFP\2.0.0\Device\StdPeriph_Driver\src\stm32f10x_spi.c 0x00000000   Number         0  stm32f10x_spi.o ABSOLUTE
    f:\Keil\ARM\PACK\Keil\STM32F1xx_DFP\2.0.0\Device\StdPeriph_Driver\src\stm32f10x_tim.c 0x00000000   Number         0  stm32f10x_tim.o ABSOLUTE
    f:\Keil\ARM\PACK\Keil\STM32F1xx_DFP\2.0.0\Device\StdPeriph_Driver\src\stm32f10x_usart.c 0x00000000   Number         0  stm32f10x_usart.o ABSOLUTE
    f:\\Keil\\ARM\\PACK\\Keil\\STM32F1xx_DFP\\2.0.0\\Device\\StdPeriph_Driver\\src\\misc.c 0x00000000   Number         0  misc_1.o ABSOLUTE
    f:\\Keil\\ARM\\PACK\\Keil\\STM32F1xx_DFP\\2.0.0\\Device\\StdPeriph_Driver\\src\\stm32f10x_adc.c 0x00000000   Number         0  stm32f10x_adc.o ABSOLUTE
    f:\\Keil\\ARM\\PACK\\Keil\\STM32F1xx_DFP\\2.0.0\\Device\\StdPeriph_Driver\\src\\stm32f10x_exti.c 0x00000000   Number         0  stm32f10x_exti.o ABSOLUTE
    f:\\Keil\\ARM\\PACK\\Keil\\STM32F1xx_DFP\\2.0.0\\Device\\StdPeriph_Driver\\src\\stm32f10x_flash.c 0x00000000   Number         0  stm32f10x_flash.o ABSOLUTE
    f:\\Keil\\ARM\\PACK\\Keil\\STM32F1xx_DFP\\2.0.0\\Device\\StdPeriph_Driver\\src\\stm32f10x_fsmc.c 0x00000000   Number         0  stm32f10x_fsmc.o ABSOLUTE
    f:\\Keil\\ARM\\PACK\\Keil\\STM32F1xx_DFP\\2.0.0\\Device\\StdPeriph_Driver\\src\\stm32f10x_gpio.c 0x00000000   Number         0  stm32f10x_gpio.o ABSOLUTE
    f:\\Keil\\ARM\\PACK\\Keil\\STM32F1xx_DFP\\2.0.0\\Device\\StdPeriph_Driver\\src\\stm32f10x_rcc.c 0x00000000   Number         0  stm32f10x_rcc.o ABSOLUTE
    f:\\Keil\\ARM\\PACK\\Keil\\STM32F1xx_DFP\\2.0.0\\Device\\StdPeriph_Driver\\src\\stm32f10x_spi.c 0x00000000   Number         0  stm32f10x_spi.o ABSOLUTE
    f:\\Keil\\ARM\\PACK\\Keil\\STM32F1xx_DFP\\2.0.0\\Device\\StdPeriph_Driver\\src\\stm32f10x_tim.c 0x00000000   Number         0  stm32f10x_tim.o ABSOLUTE
    f:\\Keil\\ARM\\PACK\\Keil\\STM32F1xx_DFP\\2.0.0\\Device\\StdPeriph_Driver\\src\\stm32f10x_usart.c 0x00000000   Number         0  stm32f10x_usart.o ABSOLUTE
    handlers.s                               0x00000000   Number         0  handlers.o ABSOLUTE
    hard\\bsp.c                              0x00000000   Number         0  bsp.o ABSOLUTE
    hard\\eeprom.c                           0x00000000   Number         0  eeprom.o ABSOLUTE
    hard\\key.c                              0x00000000   Number         0  key.o ABSOLUTE
    hard\\lcd.c                              0x00000000   Number         0  lcd.o ABSOLUTE
    hard\\spi_enc28j60.c                     0x00000000   Number         0  spi_enc28j60.o ABSOLUTE
    hard\\time.c                             0x00000000   Number         0  time.o ABSOLUTE
    hard\\touch.c                            0x00000000   Number         0  touch.o ABSOLUTE
    hard\bsp.c                               0x00000000   Number         0  bsp.o ABSOLUTE
    hard\eeprom.c                            0x00000000   Number         0  eeprom.o ABSOLUTE
    hard\key.c                               0x00000000   Number         0  key.o ABSOLUTE
    hard\lcd.c                               0x00000000   Number         0  lcd.o ABSOLUTE
    hard\spi_enc28j60.c                      0x00000000   Number         0  spi_enc28j60.o ABSOLUTE
    hard\time.c                              0x00000000   Number         0  time.o ABSOLUTE
    hard\touch.c                             0x00000000   Number         0  touch.o ABSOLUTE
    init.s                                   0x00000000   Number         0  init.o ABSOLUTE
    RESET                                    0x08000000   Section      304  startup_stm32f10x_hd.o(RESET)
    .ARM.Collect$$$$00000000                 0x08000130   Section        0  entry.o(.ARM.Collect$$$$00000000)
    .ARM.Collect$$$$00000001                 0x08000130   Section        4  entry2.o(.ARM.Collect$$$$00000001)
    .ARM.Collect$$$$00000004                 0x08000134   Section        4  entry5.o(.ARM.Collect$$$$00000004)
    .ARM.Collect$$$$00000008                 0x08000138   Section        0  entry7b.o(.ARM.Collect$$$$00000008)
    .ARM.Collect$$$$00000009                 0x08000138   Section        4  entry8a.o(.ARM.Collect$$$$00000009)
    .ARM.Collect$$$$0000000A                 0x0800013c   Section        0  entry8b.o(.ARM.Collect$$$$0000000A)
    .ARM.Collect$$$$0000000B                 0x0800013c   Section        8  entry9a.o(.ARM.Collect$$$$0000000B)
    .ARM.Collect$$$$0000000D                 0x08000144   Section        0  entry10a.o(.ARM.Collect$$$$0000000D)
    .ARM.Collect$$$$0000000F                 0x08000144   Section        0  entry11a.o(.ARM.Collect$$$$0000000F)
    .ARM.Collect$$$$00002712                 0x08000144   Section        4  entry2.o(.ARM.Collect$$$$00002712)
    __lit__00000000                          0x08000144   Data           4  entry2.o(.ARM.Collect$$$$00002712)
    .text                                    0x08000148   Section       36  startup_stm32f10x_hd.o(.text)
    .text                                    0x0800016c   Section        0  strlen.o(.text)
    .text                                    0x0800017c   Section        0  cpp_init.o(.text)
    .text                                    0x0800019c   Section        0  fadd.o(.text)
    .text                                    0x0800024c   Section        0  fmul.o(.text)
    .text                                    0x080002b0   Section        0  fdiv.o(.text)
    .text                                    0x0800032c   Section        0  ddiv.o(.text)
    .text                                    0x0800040a   Section        0  fflti.o(.text)
    .text                                    0x0800041c   Section        0  ffltui.o(.text)
    .text                                    0x08000426   Section        0  dflti.o(.text)
    .text                                    0x08000448   Section        0  dfltui.o(.text)
    .text                                    0x08000462   Section        0  ffixi.o(.text)
    .text                                    0x08000494   Section        0  ffixui.o(.text)
    .text                                    0x080004bc   Section        0  dfixui.o(.text)
    .text                                    0x080004ee   Section        0  f2d.o(.text)
    .text                                    0x08000514   Section       48  cdcmple.o(.text)
    .text                                    0x08000544   Section       48  cdrcmple.o(.text)
    .text                                    0x08000574   Section        0  d2f.o(.text)
    .text                                    0x080005ac   Section        0  uldiv.o(.text)
    .text                                    0x0800060e   Section        0  llushr.o(.text)
    .text                                    0x0800062e   Section        0  fepilogue.o(.text)
    .text                                    0x0800062e   Section        0  iusefp.o(.text)
    .text                                    0x0800069c   Section        0  depilogue.o(.text)
    .text                                    0x08000756   Section        0  dsqrt.o(.text)
    .text                                    0x080007f8   Section       36  init.o(.text)
    .text                                    0x0800081c   Section        0  llshl.o(.text)
    i.Dis                                    0x0800083c   Section        0  dis.o(i.Dis)
    i.Draw_Circle                            0x08000884   Section        0  lcd.o(i.Draw_Circle)
    i.EE_FindValidPage                       0x0800091c   Section        0  eeprom.o(i.EE_FindValidPage)
    EE_FindValidPage                         0x0800091d   Thumb Code    80  eeprom.o(i.EE_FindValidPage)
    i.EE_Format                              0x08000974   Section        0  eeprom.o(i.EE_Format)
    EE_Format                                0x08000975   Thumb Code    50  eeprom.o(i.EE_Format)
    i.EE_INIT                                0x080009b0   Section        0  bsp.o(i.EE_INIT)
    i.EE_Init                                0x080009b8   Section        0  eeprom.o(i.EE_Init)
    i.EE_PageTransfer                        0x080009c8   Section        0  eeprom.o(i.EE_PageTransfer)
    EE_PageTransfer                          0x080009c9   Thumb Code   224  eeprom.o(i.EE_PageTransfer)
    i.EE_ReadVariable                        0x08000abc   Section        0  eeprom.o(i.EE_ReadVariable)
    i.EE_Read_Byte                           0x08000b24   Section        0  bsp.o(i.EE_Read_Byte)
    i.EE_Read_Word                           0x08000b40   Section        0  bsp.o(i.EE_Read_Word)
    i.EE_VerifyPageFullWriteVariable         0x08000b78   Section        0  eeprom.o(i.EE_VerifyPageFullWriteVariable)
    EE_VerifyPageFullWriteVariable           0x08000b79   Thumb Code   122  eeprom.o(i.EE_VerifyPageFullWriteVariable)
    i.EE_WriteVariable                       0x08000c00   Section        0  eeprom.o(i.EE_WriteVariable)
    i.EE_Write_Byte                          0x08000c24   Section        0  bsp.o(i.EE_Write_Byte)
    i.EE_Write_Word                          0x08000c3c   Section        0  bsp.o(i.EE_Write_Word)
    i.FLASH_ErasePage                        0x08000c74   Section        0  stm32f10x_flash.o(i.FLASH_ErasePage)
    i.FLASH_GetBank1Status                   0x08000cc0   Section        0  stm32f10x_flash.o(i.FLASH_GetBank1Status)
    i.FLASH_ProgramHalfWord                  0x08000cf4   Section        0  stm32f10x_flash.o(i.FLASH_ProgramHalfWord)
    i.FLASH_Unlock                           0x08000d34   Section        0  stm32f10x_flash.o(i.FLASH_Unlock)
    i.FLASH_WaitForLastOperation             0x08000d4c   Section        0  stm32f10x_flash.o(i.FLASH_WaitForLastOperation)
    i.FSMC_NORSRAMCmd                        0x08000d74   Section        0  stm32f10x_fsmc.o(i.FSMC_NORSRAMCmd)
    i.FSMC_NORSRAMInit                       0x08000da8   Section        0  stm32f10x_fsmc.o(i.FSMC_NORSRAMInit)
    i.Find_Font                              0x08000e90   Section        0  lcd.o(i.Find_Font)
    i.GPIO_Init                              0x08000ef0   Section        0  stm32f10x_gpio.o(i.GPIO_Init)
    i.GPIO_ReadInputDataBit                  0x08001006   Section        0  stm32f10x_gpio.o(i.GPIO_ReadInputDataBit)
    i.GPIO_SetBits                           0x08001018   Section        0  stm32f10x_gpio.o(i.GPIO_SetBits)
    i.IPandARP_Serve                         0x0800101c   Section        0  netserve.o(i.IPandARP_Serve)
    i.InitCurrWrAddress                      0x08001068   Section        0  eeprom.o(i.InitCurrWrAddress)
    i.KEY_Init                               0x080010cc   Section        0  key.o(i.KEY_Init)
    i.KEY_Scan                               0x08001108   Section        0  key.o(i.KEY_Scan)
    i.LCD_Clear                              0x080011d0   Section        0  lcd.o(i.LCD_Clear)
    i.LCD_DisString                          0x0800123c   Section        0  lcd.o(i.LCD_DisString)
    i.LCD_Display_Dir                        0x08001274   Section        0  lcd.o(i.LCD_Display_Dir)
    i.LCD_DrawLine                           0x080012c0   Section        0  lcd.o(i.LCD_DrawLine)
    i.LCD_DrawPoint                          0x08001370   Section        0  lcd.o(i.LCD_DrawPoint)
    i.LCD_Fill                               0x08001394   Section        0  lcd.o(i.LCD_Fill)
    i.LCD_Get_Input                          0x0800144c   Section        0  dis.o(i.LCD_Get_Input)
    i.LCD_Init                               0x08001740   Section        0  lcd.o(i.LCD_Init)
    i.LCD_Pow                                0x08001adc   Section        0  lcd.o(i.LCD_Pow)
    i.LCD_RD_DATA                            0x08001af4   Section        0  lcd.o(i.LCD_RD_DATA)
    i.LCD_ReadReg                            0x08001b00   Section        0  lcd.o(i.LCD_ReadReg)
    i.LCD_Scan_Dir                           0x08001b18   Section        0  lcd.o(i.LCD_Scan_Dir)
    i.LCD_SetCursor                          0x08001bb0   Section        0  lcd.o(i.LCD_SetCursor)
    i.LCD_ShowChar                           0x08001cbc   Section        0  lcd.o(i.LCD_ShowChar)
    i.LCD_ShowChinese                        0x08001e24   Section        0  lcd.o(i.LCD_ShowChinese)
    i.LCD_ShowNum                            0x08001ee4   Section        0  lcd.o(i.LCD_ShowNum)
    i.LCD_ShowPicture                        0x08001f78   Section        0  lcd.o(i.LCD_ShowPicture)
    i.LCD_ShowString                         0x08002048   Section        0  lcd.o(i.LCD_ShowString)
    i.LCD_Show_Adjust_Page                   0x080020b0   Section        0  dis.o(i.LCD_Show_Adjust_Page)
    i.LCD_Show_InPut_Page                    0x080020f0   Section        0  dis.o(i.LCD_Show_InPut_Page)
    i.LCD_Show_Login_Page                    0x08002210   Section        0  dis.o(i.LCD_Show_Login_Page)
    i.LCD_Show_Main_Page                     0x080022f8   Section        0  dis.o(i.LCD_Show_Main_Page)
    i.LCD_Show_WorkingSta_Page               0x080024d4   Section        0  dis.o(i.LCD_Show_WorkingSta_Page)
    i.LCD_WR_DATA                            0x08002774   Section        0  lcd.o(i.LCD_WR_DATA)
    i.LCD_WR_REG                             0x08002780   Section        0  lcd.o(i.LCD_WR_REG)
    i.LCD_WriteRAM_Prepare                   0x0800278c   Section        0  lcd.o(i.LCD_WriteRAM_Prepare)
    i.LCD_WriteReg                           0x080027a0   Section        0  lcd.o(i.LCD_WriteReg)
    i.NVIC_Init                              0x080027b0   Section        0  misc_1.o(i.NVIC_Init)
    i.NVIC_PriorityGroupConfig               0x08002820   Section        0  misc_1.o(i.NVIC_PriorityGroupConfig)
    i.Ping_Serve                             0x08002834   Section        0  netserve.o(i.Ping_Serve)
    i.RCC_AHBPeriphClockCmd                  0x08002864   Section        0  stm32f10x_rcc.o(i.RCC_AHBPeriphClockCmd)
    i.RCC_APB1PeriphClockCmd                 0x08002884   Section        0  stm32f10x_rcc.o(i.RCC_APB1PeriphClockCmd)
    i.RCC_APB2PeriphClockCmd                 0x080028a4   Section        0  stm32f10x_rcc.o(i.RCC_APB2PeriphClockCmd)
    i.RCC_GetClocksFreq                      0x080028c4   Section        0  stm32f10x_rcc.o(i.RCC_GetClocksFreq)
    i.SPI1_ReadWrite                         0x08002998   Section        0  spi_enc28j60.o(i.SPI1_ReadWrite)
    i.SPI_Cmd                                0x080029d0   Section        0  stm32f10x_spi.o(i.SPI_Cmd)
    i.SPI_Enc28j60_Init                      0x080029e8   Section        0  spi_enc28j60.o(i.SPI_Enc28j60_Init)
    i.SPI_I2S_GetFlagStatus                  0x08002a84   Section        0  stm32f10x_spi.o(i.SPI_I2S_GetFlagStatus)
    i.SPI_I2S_ReceiveData                    0x08002a96   Section        0  stm32f10x_spi.o(i.SPI_I2S_ReceiveData)
    i.SPI_I2S_SendData                       0x08002a9c   Section        0  stm32f10x_spi.o(i.SPI_I2S_SendData)
    i.SPI_Init                               0x08002aa0   Section        0  stm32f10x_spi.o(i.SPI_Init)
    i.SendPacket                             0x08002adc   Section        0  netserve.o(i.SendPacket)
    i.SetSysClock                            0x08002b04   Section        0  system_stm32f10x.o(i.SetSysClock)
    SetSysClock                              0x08002b05   Thumb Code     8  system_stm32f10x.o(i.SetSysClock)
    i.SetSysClockTo72                        0x08002b0c   Section        0  system_stm32f10x.o(i.SetSysClockTo72)
    SetSysClockTo72                          0x08002b0d   Thumb Code   214  system_stm32f10x.o(i.SetSysClockTo72)
    i.SysTick_CLKSourceConfig                0x08002bec   Section        0  misc_1.o(i.SysTick_CLKSourceConfig)
    i.SystemInit                             0x08002c14   Section        0  system_stm32f10x.o(i.SystemInit)
    i.TIM3_IRQHandler                        0x08002c74   Section        0  time.o(i.TIM3_IRQHandler)
    i.TIM3_Init                              0x08002d3c   Section        0  time.o(i.TIM3_Init)
    i.TIM_ClearITPendingBit                  0x08002d9c   Section        0  stm32f10x_tim.o(i.TIM_ClearITPendingBit)
    i.TIM_Cmd                                0x08002da2   Section        0  stm32f10x_tim.o(i.TIM_Cmd)
    i.TIM_ITConfig                           0x08002dba   Section        0  stm32f10x_tim.o(i.TIM_ITConfig)
    i.TIM_TimeBaseInit                       0x08002dcc   Section        0  stm32f10x_tim.o(i.TIM_TimeBaseInit)
    i.TP_Adj_Info_Show                       0x08002e70   Section        0  touch.o(i.TP_Adj_Info_Show)
    i.TP_Adjust                              0x08003018   Section        0  touch.o(i.TP_Adjust)
    i.TP_Drow_Touch_Point                    0x0800386c   Section        0  touch.o(i.TP_Drow_Touch_Point)
    i.TP_Get_Adjdata                         0x080038dc   Section        0  touch.o(i.TP_Get_Adjdata)
    i.TP_Init                                0x08003990   Section        0  touch.o(i.TP_Init)
    i.TP_Read_AD                             0x08003a3c   Section        0  touch.o(i.TP_Read_AD)
    i.TP_Read_XOY                            0x08003ac8   Section        0  touch.o(i.TP_Read_XOY)
    i.TP_Read_XY                             0x08003b40   Section        0  touch.o(i.TP_Read_XY)
    i.TP_Read_XY2                            0x08003b70   Section        0  touch.o(i.TP_Read_XY2)
    i.TP_Save_Adjdata                        0x08003c30   Section        0  touch.o(i.TP_Save_Adjdata)
    i.TP_Scan                                0x08003ca4   Section        0  touch.o(i.TP_Scan)
    i.TP_Write_Byte                          0x08003db4   Section        0  touch.o(i.TP_Write_Byte)
    i.UDP_Serve                              0x08003df8   Section        0  netserve.o(i.UDP_Serve)
    i.USART1_IRQHandler                      0x08003ec8   Section        0  usart.o(i.USART1_IRQHandler)
    i.USART_Cmd                              0x08003f50   Section        0  stm32f10x_usart.o(i.USART_Cmd)
    i.USART_GetITStatus                      0x08003f68   Section        0  stm32f10x_usart.o(i.USART_GetITStatus)
    i.USART_ITConfig                         0x08003fbc   Section        0  stm32f10x_usart.o(i.USART_ITConfig)
    i.USART_Init                             0x08004008   Section        0  stm32f10x_usart.o(i.USART_Init)
    i.USART_ReceiveData                      0x080040e0   Section        0  stm32f10x_usart.o(i.USART_ReceiveData)
    i.WorkingSta_Page_Ref                    0x080040ec   Section        0  dis.o(i.WorkingSta_Page_Ref)
    i._Z8Sys_Initv                           0x080041b4   Section        0  main.o(i._Z8Sys_Initv)
    i._ZN10SerialPortC1Ei                    0x08004224   Section        0  serialport.o(i._ZN10SerialPortC1Ei)
    i._ZN3Led2onEv                           0x08004234   Section        0  led.o(i._ZN3Led2onEv)
    i._ZN3Led3offEv                          0x0800423c   Section        0  led.o(i._ZN3Led3offEv)
    i._ZN3Led8overturnEv                     0x08004244   Section        0  led.o(i._ZN3Led8overturnEv)
    i._ZN3LedC1EP12GPIO_TypeDefi             0x08004264   Section        0  led.o(i._ZN3LedC1EP12GPIO_TypeDefi)
    i.__0printf$5                            0x08004304   Section        0  printf5.o(i.__0printf$5)
    i.__EE_Init                              0x08004324   Section        0  eeprom.o(i.__EE_Init)
    i.__scatterload_copy                     0x08004520   Section       14  handlers.o(i.__scatterload_copy)
    i.__scatterload_null                     0x0800452e   Section        2  handlers.o(i.__scatterload_null)
    i.__scatterload_zeroinit                 0x08004530   Section       14  handlers.o(i.__scatterload_zeroinit)
    i.__set_errno                            0x08004540   Section        0  errno.o(i.__set_errno)
    i.__sti___8_main_cpp_DS0                 0x0800454c   Section        0  main.o(i.__sti___8_main_cpp_DS0)
    __sti___8_main_cpp_DS0                   0x0800454d   Thumb Code    24  main.o(i.__sti___8_main_cpp_DS0)
    i._printf_core                           0x08004574   Section        0  printf5.o(i._printf_core)
    _printf_core                             0x08004575   Thumb Code   658  printf5.o(i._printf_core)
    i.checksum                               0x08004834   Section        0  ip_arp_udp_tcp.o(i.checksum)
    i.delay_init                             0x08004888   Section        0  delay.o(i.delay_init)
    i.delay_ms                               0x080048cc   Section        0  delay.o(i.delay_ms)
    i.delay_us                               0x08004918   Section        0  delay.o(i.delay_us)
    i.enc28j60Init                           0x08004964   Section        0  enc28j60.o(i.enc28j60Init)
    i.enc28j60PacketReceive                  0x08004ab0   Section        0  enc28j60.o(i.enc28j60PacketReceive)
    i.enc28j60PacketSend                     0x08004b70   Section        0  enc28j60.o(i.enc28j60PacketSend)
    i.enc28j60PhyWrite                       0x08004bd6   Section        0  enc28j60.o(i.enc28j60PhyWrite)
    i.enc28j60Read                           0x08004c08   Section        0  enc28j60.o(i.enc28j60Read)
    i.enc28j60ReadBuffer                     0x08004c1c   Section        0  enc28j60.o(i.enc28j60ReadBuffer)
    i.enc28j60ReadOp                         0x08004c54   Section        0  enc28j60.o(i.enc28j60ReadOp)
    i.enc28j60SetBank                        0x08004c98   Section        0  enc28j60.o(i.enc28j60SetBank)
    i.enc28j60Write                          0x08004ccc   Section        0  enc28j60.o(i.enc28j60Write)
    i.enc28j60WriteBuffer                    0x08004ce4   Section        0  enc28j60.o(i.enc28j60WriteBuffer)
    i.enc28j60WriteOp                        0x08004d14   Section        0  enc28j60.o(i.enc28j60WriteOp)
    i.eth_type_is_arp_and_my_ip              0x08004d4c   Section        0  ip_arp_udp_tcp.o(i.eth_type_is_arp_and_my_ip)
    i.eth_type_is_ip_and_my_ip               0x08004d90   Section        0  ip_arp_udp_tcp.o(i.eth_type_is_ip_and_my_ip)
    i.fill_ip_hdr_checksum                   0x08004ddc   Section        0  ip_arp_udp_tcp.o(i.fill_ip_hdr_checksum)
    i.fputc                                  0x08004e08   Section        0  usart.o(i.fputc)
    i.init_ip_arp_udp_tcp                    0x08004e24   Section        0  ip_arp_udp_tcp.o(i.init_ip_arp_udp_tcp)
    i.main                                   0x08004e60   Section        0  main.o(i.main)
    i.make_arp_answer_from_request           0x08004e9c   Section        0  ip_arp_udp_tcp.o(i.make_arp_answer_from_request)
    i.make_echo_reply_from_request           0x08004f00   Section        0  ip_arp_udp_tcp.o(i.make_echo_reply_from_request)
    i.make_eth                               0x08004f40   Section        0  ip_arp_udp_tcp.o(i.make_eth)
    i.make_ip                                0x08004f64   Section        0  ip_arp_udp_tcp.o(i.make_ip)
    i.make_udp_reply_from_request            0x08004f94   Section        0  ip_arp_udp_tcp.o(i.make_udp_reply_from_request)
    i.sqrt                                   0x0800501c   Section        0  sqrt.o(i.sqrt)
    i.uart_init                              0x08005068   Section        0  usart.o(i.uart_init)
    .constdata                               0x08005108   Section    10508  lcd.o(.constdata)
    .conststring                             0x08007a14   Section      119  lcd.o(.conststring)
    .conststring                             0x08007a8c   Section      121  touch.o(.conststring)
    .init_array                              0x08007b28   Section        4  main.o(.init_array)
    .init_array                              0x08007b2c   Section        0  cpp_init.o(.init_array)
    .data                                    0x20000000   Section        4  delay.o(.data)
    fac_us                                   0x20000000   Data           1  delay.o(.data)
    fac_ms                                   0x20000002   Data           2  delay.o(.data)
    .data                                    0x20000004   Section        6  usart.o(.data)
    .data                                    0x2000000a   Section        4  lcd.o(.data)
    .data                                    0x20000010   Section       60  touch.o(.data)
    .data                                    0x2000004c   Section       30  bsp.o(.data)
    .data                                    0x2000006c   Section        8  eeprom.o(.data)
    .data                                    0x20000074   Section        1  key.o(.data)
    key_up                                   0x20000074   Data           1  key.o(.data)
    .data                                    0x20000078   Section        4  time.o(.data)
    cnt                                      0x20000078   Data           4  time.o(.data)
    .data                                    0x2000007c   Section       28  enc28j60.o(.data)
    Enc28j60Bank                             0x2000007c   Data           1  enc28j60.o(.data)
    NextPacketPtr                            0x20000080   Data           4  enc28j60.o(.data)
    .data                                    0x20000098   Section       21  ip_arp_udp_tcp.o(.data)
    wwwport                                  0x20000098   Data           1  ip_arp_udp_tcp.o(.data)
    macaddr                                  0x20000099   Data           6  ip_arp_udp_tcp.o(.data)
    ipaddr                                   0x2000009f   Data           4  ip_arp_udp_tcp.o(.data)
    info_hdr_len                             0x200000a4   Data           4  ip_arp_udp_tcp.o(.data)
    info_data_len                            0x200000a8   Data           4  ip_arp_udp_tcp.o(.data)
    seqnum                                   0x200000ac   Data           1  ip_arp_udp_tcp.o(.data)
    .data                                    0x200000b0   Section       26  dis.o(.data)
    flag                                     0x200000c4   Data           1  dis.o(.data)
    dataflag                                 0x200000c5   Data           1  dis.o(.data)
    datacnt                                  0x200000c6   Data           1  dis.o(.data)
    flag                                     0x200000c7   Data           1  dis.o(.data)
    flag                                     0x200000c8   Data           1  dis.o(.data)
    flag                                     0x200000c9   Data           1  dis.o(.data)
    .data                                    0x200000cc   Section       20  system_stm32f10x.o(.data)
    .data                                    0x200000e0   Section       20  stm32f10x_rcc.o(.data)
    APBAHBPrescTable                         0x200000e0   Data          16  stm32f10x_rcc.o(.data)
    ADCPrescTable                            0x200000f0   Data           4  stm32f10x_rcc.o(.data)
    .data                                    0x200000f4   Section        4  errno.o(.data)
    _errno                                   0x200000f4   Data           4  errno.o(.data)
    .bss                                     0x200000f8   Section       24  main.o(.bss)
    .bss                                     0x20000110   Section      200  usart.o(.bss)
    .bss                                     0x200001d8   Section       14  lcd.o(.bss)
    .bss                                     0x200001e6   Section     1501  netserve.o(.bss)
    .bss                                     0x200007c3   Section       22  dis.o(.bss)
    dataword                                 0x200007c3   Data          11  dis.o(.bss)
    password                                 0x200007ce   Data          11  dis.o(.bss)
    STACK                                    0x200007e0   Section     1024  startup_stm32f10x_hd.o(STACK)

    Global Symbols

    Symbol Name                              Value     Ov Type        Size  Object(Section)

    BuildAttributes$$THM_ISAv4$P$D$K$B$S$PE$A:L22UL41UL21$X:L11$S22US41US21$IEEE1$IW$USESV6$~STKCKD$USESV7$~SHL$OTIME$ROPI$IEEEJ$EBA8$MICROLIB$REQ8$PRES8$EABIv2 0x00000000   Number         0  anon$$obj.o ABSOLUTE
    __ARM_use_no_argv                        0x00000000   Number         0  main.o ABSOLUTE
    __use_no_errno                           0x00000000   Number         0  useno.o ABSOLUTE
    __use_no_exception_handling              0x00000000   Number         0  useno.o ABSOLUTE
    __use_no_fp                              0x00000000   Number         0  useno.o ABSOLUTE
    __use_no_heap                            0x00000000   Number         0  useno.o ABSOLUTE
    __use_no_heap_region                     0x00000000   Number         0  useno.o ABSOLUTE
    __use_no_semihosting                     0x00000000   Number         0  useno.o ABSOLUTE
    __use_no_semihosting_swi                 0x00000000   Number         0  useno.o ABSOLUTE
    __use_no_signal_handling                 0x00000000   Number         0  useno.o ABSOLUTE
    _printf_a                                0x00000000   Number         0  stubs.o ABSOLUTE
    _printf_c                                0x00000000   Number         0  stubs.o ABSOLUTE
    _printf_charcount                        0x00000000   Number         0  stubs.o ABSOLUTE
    _printf_d                                0x00000000   Number         0  stubs.o ABSOLUTE
    _printf_e                                0x00000000   Number         0  stubs.o ABSOLUTE
    _printf_f                                0x00000000   Number         0  stubs.o ABSOLUTE
    _printf_flags                            0x00000000   Number         0  stubs.o ABSOLUTE
    _printf_fp_dec                           0x00000000   Number         0  stubs.o ABSOLUTE
    _printf_fp_hex                           0x00000000   Number         0  stubs.o ABSOLUTE
    _printf_g                                0x00000000   Number         0  stubs.o ABSOLUTE
    _printf_i                                0x00000000   Number         0  stubs.o ABSOLUTE
    _printf_int_dec                          0x00000000   Number         0  stubs.o ABSOLUTE
    _printf_l                                0x00000000   Number         0  stubs.o ABSOLUTE
    _printf_lc                               0x00000000   Number         0  stubs.o ABSOLUTE
    _printf_ll                               0x00000000   Number         0  stubs.o ABSOLUTE
    _printf_lld                              0x00000000   Number         0  stubs.o ABSOLUTE
    _printf_lli                              0x00000000   Number         0  stubs.o ABSOLUTE
    _printf_llo                              0x00000000   Number         0  stubs.o ABSOLUTE
    _printf_llu                              0x00000000   Number         0  stubs.o ABSOLUTE
    _printf_llx                              0x00000000   Number         0  stubs.o ABSOLUTE
    _printf_longlong_dec                     0x00000000   Number         0  stubs.o ABSOLUTE
    _printf_longlong_hex                     0x00000000   Number         0  stubs.o ABSOLUTE
    _printf_longlong_oct                     0x00000000   Number         0  stubs.o ABSOLUTE
    _printf_ls                               0x00000000   Number         0  stubs.o ABSOLUTE
    _printf_mbtowc                           0x00000000   Number         0  stubs.o ABSOLUTE
    _printf_n                                0x00000000   Number         0  stubs.o ABSOLUTE
    _printf_o                                0x00000000   Number         0  stubs.o ABSOLUTE
    _printf_p                                0x00000000   Number         0  stubs.o ABSOLUTE
    _printf_percent                          0x00000000   Number         0  stubs.o ABSOLUTE
    _printf_pre_padding                      0x00000000   Number         0  stubs.o ABSOLUTE
    _printf_return_value                     0x00000000   Number         0  stubs.o ABSOLUTE
    _printf_s                                0x00000000   Number         0  stubs.o ABSOLUTE
    _printf_sizespec                         0x00000000   Number         0  stubs.o ABSOLUTE
    _printf_str                              0x00000000   Number         0  stubs.o ABSOLUTE
    _printf_truncate_signed                  0x00000000   Number         0  stubs.o ABSOLUTE
    _printf_truncate_unsigned                0x00000000   Number         0  stubs.o ABSOLUTE
    _printf_u                                0x00000000   Number         0  stubs.o ABSOLUTE
    _printf_wc                               0x00000000   Number         0  stubs.o ABSOLUTE
    _printf_wctomb                           0x00000000   Number         0  stubs.o ABSOLUTE
    _printf_widthprec                        0x00000000   Number         0  stubs.o ABSOLUTE
    _printf_x                                0x00000000   Number         0  stubs.o ABSOLUTE
    __cxa_finalize                            - Undefined Weak Reference
    __decompress                              - Undefined Weak Reference
    _clock_init                               - Undefined Weak Reference
    _microlib_exit                            - Undefined Weak Reference
    __Vectors_Size                           0x00000130   Number         0  startup_stm32f10x_hd.o ABSOLUTE
    __Vectors                                0x08000000   Data           4  startup_stm32f10x_hd.o(RESET)
    __Vectors_End                            0x08000130   Data           0  startup_stm32f10x_hd.o(RESET)
    __main                                   0x08000131   Thumb Code     0  entry.o(.ARM.Collect$$$$00000000)
    _main_stk                                0x08000131   Thumb Code     0  entry2.o(.ARM.Collect$$$$00000001)
    _main_scatterload                        0x08000135   Thumb Code     0  entry5.o(.ARM.Collect$$$$00000004)
    __main_after_scatterload                 0x08000139   Thumb Code     0  entry5.o(.ARM.Collect$$$$00000004)
    _main_clock                              0x08000139   Thumb Code     0  entry7b.o(.ARM.Collect$$$$00000008)
    _main_cpp_init$empty                     0x08000139   Thumb Code     0  entry8a.o(.ARM.Collect$$$$00000009)
    _main_cpp_init                           0x0800013d   Thumb Code     0  entry8b.o(.ARM.Collect$$$$0000000A)
    _main_init                               0x0800013d   Thumb Code     0  entry9a.o(.ARM.Collect$$$$0000000B)
    __rt_final_cpp                           0x08000145   Thumb Code     0  entry10a.o(.ARM.Collect$$$$0000000D)
    __rt_final_exit                          0x08000145   Thumb Code     0  entry11a.o(.ARM.Collect$$$$0000000F)
    Reset_Handler                            0x08000149   Thumb Code     8  startup_stm32f10x_hd.o(.text)
    NMI_Handler                              0x08000151   Thumb Code     2  startup_stm32f10x_hd.o(.text)
    HardFault_Handler                        0x08000153   Thumb Code     2  startup_stm32f10x_hd.o(.text)
    MemManage_Handler                        0x08000155   Thumb Code     2  startup_stm32f10x_hd.o(.text)
    BusFault_Handler                         0x08000157   Thumb Code     2  startup_stm32f10x_hd.o(.text)
    UsageFault_Handler                       0x08000159   Thumb Code     2  startup_stm32f10x_hd.o(.text)
    SVC_Handler                              0x0800015b   Thumb Code     2  startup_stm32f10x_hd.o(.text)
    DebugMon_Handler                         0x0800015d   Thumb Code     2  startup_stm32f10x_hd.o(.text)
    PendSV_Handler                           0x0800015f   Thumb Code     2  startup_stm32f10x_hd.o(.text)
    SysTick_Handler                          0x08000161   Thumb Code     2  startup_stm32f10x_hd.o(.text)
    ADC1_2_IRQHandler                        0x08000163   Thumb Code     0  startup_stm32f10x_hd.o(.text)
    ADC3_IRQHandler                          0x08000163   Thumb Code     0  startup_stm32f10x_hd.o(.text)
    CAN1_RX1_IRQHandler                      0x08000163   Thumb Code     0  startup_stm32f10x_hd.o(.text)
    CAN1_SCE_IRQHandler                      0x08000163   Thumb Code     0  startup_stm32f10x_hd.o(.text)
    DMA1_Channel1_IRQHandler                 0x08000163   Thumb Code     0  startup_stm32f10x_hd.o(.text)
    DMA1_Channel2_IRQHandler                 0x08000163   Thumb Code     0  startup_stm32f10x_hd.o(.text)
    DMA1_Channel3_IRQHandler                 0x08000163   Thumb Code     0  startup_stm32f10x_hd.o(.text)
    DMA1_Channel4_IRQHandler                 0x08000163   Thumb Code     0  startup_stm32f10x_hd.o(.text)
    DMA1_Channel5_IRQHandler                 0x08000163   Thumb Code     0  startup_stm32f10x_hd.o(.text)
    DMA1_Channel6_IRQHandler                 0x08000163   Thumb Code     0  startup_stm32f10x_hd.o(.text)
    DMA1_Channel7_IRQHandler                 0x08000163   Thumb Code     0  startup_stm32f10x_hd.o(.text)
    DMA2_Channel1_IRQHandler                 0x08000163   Thumb Code     0  startup_stm32f10x_hd.o(.text)
    DMA2_Channel2_IRQHandler                 0x08000163   Thumb Code     0  startup_stm32f10x_hd.o(.text)
    DMA2_Channel3_IRQHandler                 0x08000163   Thumb Code     0  startup_stm32f10x_hd.o(.text)
    DMA2_Channel4_5_IRQHandler               0x08000163   Thumb Code     0  startup_stm32f10x_hd.o(.text)
    EXTI0_IRQHandler                         0x08000163   Thumb Code     0  startup_stm32f10x_hd.o(.text)
    EXTI15_10_IRQHandler                     0x08000163   Thumb Code     0  startup_stm32f10x_hd.o(.text)
    EXTI1_IRQHandler                         0x08000163   Thumb Code     0  startup_stm32f10x_hd.o(.text)
    EXTI2_IRQHandler                         0x08000163   Thumb Code     0  startup_stm32f10x_hd.o(.text)
    EXTI3_IRQHandler                         0x08000163   Thumb Code     0  startup_stm32f10x_hd.o(.text)
    EXTI4_IRQHandler                         0x08000163   Thumb Code     0  startup_stm32f10x_hd.o(.text)
    EXTI9_5_IRQHandler                       0x08000163   Thumb Code     0  startup_stm32f10x_hd.o(.text)
    FLASH_IRQHandler                         0x08000163   Thumb Code     0  startup_stm32f10x_hd.o(.text)
    FSMC_IRQHandler                          0x08000163   Thumb Code     0  startup_stm32f10x_hd.o(.text)
    I2C1_ER_IRQHandler                       0x08000163   Thumb Code     0  startup_stm32f10x_hd.o(.text)
    I2C1_EV_IRQHandler                       0x08000163   Thumb Code     0  startup_stm32f10x_hd.o(.text)
    I2C2_ER_IRQHandler                       0x08000163   Thumb Code     0  startup_stm32f10x_hd.o(.text)
    I2C2_EV_IRQHandler                       0x08000163   Thumb Code     0  startup_stm32f10x_hd.o(.text)
    PVD_IRQHandler                           0x08000163   Thumb Code     0  startup_stm32f10x_hd.o(.text)
    RCC_IRQHandler                           0x08000163   Thumb Code     0  startup_stm32f10x_hd.o(.text)
    RTCAlarm_IRQHandler                      0x08000163   Thumb Code     0  startup_stm32f10x_hd.o(.text)
    RTC_IRQHandler                           0x08000163   Thumb Code     0  startup_stm32f10x_hd.o(.text)
    SDIO_IRQHandler                          0x08000163   Thumb Code     0  startup_stm32f10x_hd.o(.text)
    SPI1_IRQHandler                          0x08000163   Thumb Code     0  startup_stm32f10x_hd.o(.text)
    SPI2_IRQHandler                          0x08000163   Thumb Code     0  startup_stm32f10x_hd.o(.text)
    SPI3_IRQHandler                          0x08000163   Thumb Code     0  startup_stm32f10x_hd.o(.text)
    TAMPER_IRQHandler                        0x08000163   Thumb Code     0  startup_stm32f10x_hd.o(.text)
    TIM1_BRK_IRQHandler                      0x08000163   Thumb Code     0  startup_stm32f10x_hd.o(.text)
    TIM1_CC_IRQHandler                       0x08000163   Thumb Code     0  startup_stm32f10x_hd.o(.text)
    TIM1_TRG_COM_IRQHandler                  0x08000163   Thumb Code     0  startup_stm32f10x_hd.o(.text)
    TIM1_UP_IRQHandler                       0x08000163   Thumb Code     0  startup_stm32f10x_hd.o(.text)
    TIM2_IRQHandler                          0x08000163   Thumb Code     0  startup_stm32f10x_hd.o(.text)
    TIM4_IRQHandler                          0x08000163   Thumb Code     0  startup_stm32f10x_hd.o(.text)
    TIM5_IRQHandler                          0x08000163   Thumb Code     0  startup_stm32f10x_hd.o(.text)
    TIM6_IRQHandler                          0x08000163   Thumb Code     0  startup_stm32f10x_hd.o(.text)
    TIM7_IRQHandler                          0x08000163   Thumb Code     0  startup_stm32f10x_hd.o(.text)
    TIM8_BRK_IRQHandler                      0x08000163   Thumb Code     0  startup_stm32f10x_hd.o(.text)
    TIM8_CC_IRQHandler                       0x08000163   Thumb Code     0  startup_stm32f10x_hd.o(.text)
    TIM8_TRG_COM_IRQHandler                  0x08000163   Thumb Code     0  startup_stm32f10x_hd.o(.text)
    TIM8_UP_IRQHandler                       0x08000163   Thumb Code     0  startup_stm32f10x_hd.o(.text)
    UART4_IRQHandler                         0x08000163   Thumb Code     0  startup_stm32f10x_hd.o(.text)
    UART5_IRQHandler                         0x08000163   Thumb Code     0  startup_stm32f10x_hd.o(.text)
    USART2_IRQHandler                        0x08000163   Thumb Code     0  startup_stm32f10x_hd.o(.text)
    USART3_IRQHandler                        0x08000163   Thumb Code     0  startup_stm32f10x_hd.o(.text)
    USBWakeUp_IRQHandler                     0x08000163   Thumb Code     0  startup_stm32f10x_hd.o(.text)
    USB_HP_CAN1_TX_IRQHandler                0x08000163   Thumb Code     0  startup_stm32f10x_hd.o(.text)
    USB_LP_CAN1_RX0_IRQHandler               0x08000163   Thumb Code     0  startup_stm32f10x_hd.o(.text)
    WWDG_IRQHandler                          0x08000163   Thumb Code     0  startup_stm32f10x_hd.o(.text)
    strlen                                   0x0800016d   Thumb Code    14  strlen.o(.text)
    __cpp_initialize__aeabi_                 0x0800017d   Thumb Code    22  cpp_init.o(.text)
    __aeabi_fadd                             0x0800019d   Thumb Code   164  fadd.o(.text)
    __aeabi_fsub                             0x08000241   Thumb Code     6  fadd.o(.text)
    __aeabi_frsub                            0x08000247   Thumb Code     6  fadd.o(.text)
    __aeabi_fmul                             0x0800024d   Thumb Code   100  fmul.o(.text)
    __aeabi_fdiv                             0x080002b1   Thumb Code   124  fdiv.o(.text)
    __aeabi_ddiv                             0x0800032d   Thumb Code   222  ddiv.o(.text)
    __aeabi_i2f                              0x0800040b   Thumb Code    18  fflti.o(.text)
    __aeabi_ui2f                             0x0800041d   Thumb Code    10  ffltui.o(.text)
    __aeabi_i2d                              0x08000427   Thumb Code    34  dflti.o(.text)
    __aeabi_ui2d                             0x08000449   Thumb Code    26  dfltui.o(.text)
    __aeabi_f2iz                             0x08000463   Thumb Code    50  ffixi.o(.text)
    __aeabi_f2uiz                            0x08000495   Thumb Code    40  ffixui.o(.text)
    __aeabi_d2uiz                            0x080004bd   Thumb Code    50  dfixui.o(.text)
    __aeabi_f2d                              0x080004ef   Thumb Code    38  f2d.o(.text)
    __aeabi_cdcmpeq                          0x08000515   Thumb Code     0  cdcmple.o(.text)
    __aeabi_cdcmple                          0x08000515   Thumb Code    48  cdcmple.o(.text)
    __aeabi_cdrcmple                         0x08000545   Thumb Code    48  cdrcmple.o(.text)
    __aeabi_d2f                              0x08000575   Thumb Code    56  d2f.o(.text)
    __aeabi_uldivmod                         0x080005ad   Thumb Code    98  uldiv.o(.text)
    __aeabi_llsr                             0x0800060f   Thumb Code    32  llushr.o(.text)
    _ll_ushift_r                             0x0800060f   Thumb Code     0  llushr.o(.text)
    __I$use$fp                               0x0800062f   Thumb Code     0  iusefp.o(.text)
    _float_round                             0x0800062f   Thumb Code    18  fepilogue.o(.text)
    _float_epilogue                          0x08000641   Thumb Code    92  fepilogue.o(.text)
    _double_round                            0x0800069d   Thumb Code    30  depilogue.o(.text)
    _double_epilogue                         0x080006bb   Thumb Code   156  depilogue.o(.text)
    _dsqrt                                   0x08000757   Thumb Code   162  dsqrt.o(.text)
    __scatterload                            0x080007f9   Thumb Code    28  init.o(.text)
    __scatterload_rt2                        0x080007f9   Thumb Code     0  init.o(.text)
    __aeabi_llsl                             0x0800081d   Thumb Code    30  llshl.o(.text)
    _ll_shift_l                              0x0800081d   Thumb Code     0  llshl.o(.text)
    Dis                                      0x0800083d   Thumb Code    66  dis.o(i.Dis)
    Draw_Circle                              0x08000885   Thumb Code   152  lcd.o(i.Draw_Circle)
    EE_INIT                                  0x080009b1   Thumb Code     8  bsp.o(i.EE_INIT)
    EE_Init                                  0x080009b9   Thumb Code    16  eeprom.o(i.EE_Init)
    EE_ReadVariable                          0x08000abd   Thumb Code    92  eeprom.o(i.EE_ReadVariable)
    EE_Read_Byte                             0x08000b25   Thumb Code    22  bsp.o(i.EE_Read_Byte)
    EE_Read_Word                             0x08000b41   Thumb Code    50  bsp.o(i.EE_Read_Word)
    EE_WriteVariable                         0x08000c01   Thumb Code    36  eeprom.o(i.EE_WriteVariable)
    EE_Write_Byte                            0x08000c25   Thumb Code    20  bsp.o(i.EE_Write_Byte)
    EE_Write_Word                            0x08000c3d   Thumb Code    50  bsp.o(i.EE_Write_Word)
    FLASH_ErasePage                          0x08000c75   Thumb Code    72  stm32f10x_flash.o(i.FLASH_ErasePage)
    FLASH_GetBank1Status                     0x08000cc1   Thumb Code    48  stm32f10x_flash.o(i.FLASH_GetBank1Status)
    FLASH_ProgramHalfWord                    0x08000cf5   Thumb Code    60  stm32f10x_flash.o(i.FLASH_ProgramHalfWord)
    FLASH_Unlock                             0x08000d35   Thumb Code    12  stm32f10x_flash.o(i.FLASH_Unlock)
    FLASH_WaitForLastOperation               0x08000d4d   Thumb Code    38  stm32f10x_flash.o(i.FLASH_WaitForLastOperation)
    FSMC_NORSRAMCmd                          0x08000d75   Thumb Code    46  stm32f10x_fsmc.o(i.FSMC_NORSRAMCmd)
    FSMC_NORSRAMInit                         0x08000da9   Thumb Code   230  stm32f10x_fsmc.o(i.FSMC_NORSRAMInit)
    Find_Font                                0x08000e91   Thumb Code    90  lcd.o(i.Find_Font)
    GPIO_Init                                0x08000ef1   Thumb Code   278  stm32f10x_gpio.o(i.GPIO_Init)
    GPIO_ReadInputDataBit                    0x08001007   Thumb Code    18  stm32f10x_gpio.o(i.GPIO_ReadInputDataBit)
    GPIO_SetBits                             0x08001019   Thumb Code     4  stm32f10x_gpio.o(i.GPIO_SetBits)
    IPandARP_Serve                           0x0800101d   Thumb Code    68  netserve.o(i.IPandARP_Serve)
    InitCurrWrAddress                        0x08001069   Thumb Code    92  eeprom.o(i.InitCurrWrAddress)
    KEY_Init                                 0x080010cd   Thumb Code    52  key.o(i.KEY_Init)
    KEY_Scan                                 0x08001109   Thumb Code   188  key.o(i.KEY_Scan)
    LCD_Clear                                0x080011d1   Thumb Code   100  lcd.o(i.LCD_Clear)
    LCD_DisString                            0x0800123d   Thumb Code    54  lcd.o(i.LCD_DisString)
    LCD_Display_Dir                          0x08001275   Thumb Code    72  lcd.o(i.LCD_Display_Dir)
    LCD_DrawLine                             0x080012c1   Thumb Code   176  lcd.o(i.LCD_DrawLine)
    LCD_DrawPoint                            0x08001371   Thumb Code    28  lcd.o(i.LCD_DrawPoint)
    LCD_Fill                                 0x08001395   Thumb Code   178  lcd.o(i.LCD_Fill)
    LCD_Get_Input                            0x0800144d   Thumb Code   736  dis.o(i.LCD_Get_Input)
    LCD_Init                                 0x08001741   Thumb Code   830  lcd.o(i.LCD_Init)
    LCD_Pow                                  0x08001add   Thumb Code    22  lcd.o(i.LCD_Pow)
    LCD_RD_DATA                              0x08001af5   Thumb Code     6  lcd.o(i.LCD_RD_DATA)
    LCD_ReadReg                              0x08001b01   Thumb Code    22  lcd.o(i.LCD_ReadReg)
    LCD_Scan_Dir                             0x08001b19   Thumb Code   146  lcd.o(i.LCD_Scan_Dir)
    LCD_SetCursor                            0x08001bb1   Thumb Code   262  lcd.o(i.LCD_SetCursor)
    LCD_ShowChar                             0x08001cbd   Thumb Code   340  lcd.o(i.LCD_ShowChar)
    LCD_ShowChinese                          0x08001e25   Thumb Code   180  lcd.o(i.LCD_ShowChinese)
    LCD_ShowNum                              0x08001ee5   Thumb Code   148  lcd.o(i.LCD_ShowNum)
    LCD_ShowPicture                          0x08001f79   Thumb Code   200  lcd.o(i.LCD_ShowPicture)
    LCD_ShowString                           0x08002049   Thumb Code   102  lcd.o(i.LCD_ShowString)
    LCD_Show_Adjust_Page                     0x080020b1   Thumb Code    54  dis.o(i.LCD_Show_Adjust_Page)
    LCD_Show_InPut_Page                      0x080020f1   Thumb Code   268  dis.o(i.LCD_Show_InPut_Page)
    LCD_Show_Login_Page                      0x08002211   Thumb Code   182  dis.o(i.LCD_Show_Login_Page)
    LCD_Show_Main_Page                       0x080022f9   Thumb Code   378  dis.o(i.LCD_Show_Main_Page)
    LCD_Show_WorkingSta_Page                 0x080024d5   Thumb Code   574  dis.o(i.LCD_Show_WorkingSta_Page)
    LCD_WR_DATA                              0x08002775   Thumb Code     6  lcd.o(i.LCD_WR_DATA)
    LCD_WR_REG                               0x08002781   Thumb Code     6  lcd.o(i.LCD_WR_REG)
    LCD_WriteRAM_Prepare                     0x0800278d   Thumb Code    10  lcd.o(i.LCD_WriteRAM_Prepare)
    LCD_WriteReg                             0x080027a1   Thumb Code    10  lcd.o(i.LCD_WriteReg)
    NVIC_Init                                0x080027b1   Thumb Code   100  misc_1.o(i.NVIC_Init)
    NVIC_PriorityGroupConfig                 0x08002821   Thumb Code    10  misc_1.o(i.NVIC_PriorityGroupConfig)
    Ping_Serve                               0x08002835   Thumb Code    38  netserve.o(i.Ping_Serve)
    RCC_AHBPeriphClockCmd                    0x08002865   Thumb Code    26  stm32f10x_rcc.o(i.RCC_AHBPeriphClockCmd)
    RCC_APB1PeriphClockCmd                   0x08002885   Thumb Code    26  stm32f10x_rcc.o(i.RCC_APB1PeriphClockCmd)
    RCC_APB2PeriphClockCmd                   0x080028a5   Thumb Code    26  stm32f10x_rcc.o(i.RCC_APB2PeriphClockCmd)
    RCC_GetClocksFreq                        0x080028c5   Thumb Code   192  stm32f10x_rcc.o(i.RCC_GetClocksFreq)
    SPI1_ReadWrite                           0x08002999   Thumb Code    50  spi_enc28j60.o(i.SPI1_ReadWrite)
    SPI_Cmd                                  0x080029d1   Thumb Code    24  stm32f10x_spi.o(i.SPI_Cmd)
    SPI_Enc28j60_Init                        0x080029e9   Thumb Code   148  spi_enc28j60.o(i.SPI_Enc28j60_Init)
    SPI_I2S_GetFlagStatus                    0x08002a85   Thumb Code    18  stm32f10x_spi.o(i.SPI_I2S_GetFlagStatus)
    SPI_I2S_ReceiveData                      0x08002a97   Thumb Code     6  stm32f10x_spi.o(i.SPI_I2S_ReceiveData)
    SPI_I2S_SendData                         0x08002a9d   Thumb Code     4  stm32f10x_spi.o(i.SPI_I2S_SendData)
    SPI_Init                                 0x08002aa1   Thumb Code    60  stm32f10x_spi.o(i.SPI_Init)
    SendPacket                               0x08002add   Thumb Code    30  netserve.o(i.SendPacket)
    SysTick_CLKSourceConfig                  0x08002bed   Thumb Code    40  misc_1.o(i.SysTick_CLKSourceConfig)
    SystemInit                               0x08002c15   Thumb Code    78  system_stm32f10x.o(i.SystemInit)
    TIM3_IRQHandler                          0x08002c75   Thumb Code   180  time.o(i.TIM3_IRQHandler)
    TIM3_Init                                0x08002d3d   Thumb Code    92  time.o(i.TIM3_Init)
    TIM_ClearITPendingBit                    0x08002d9d   Thumb Code     6  stm32f10x_tim.o(i.TIM_ClearITPendingBit)
    TIM_Cmd                                  0x08002da3   Thumb Code    24  stm32f10x_tim.o(i.TIM_Cmd)
    TIM_ITConfig                             0x08002dbb   Thumb Code    18  stm32f10x_tim.o(i.TIM_ITConfig)
    TIM_TimeBaseInit                         0x08002dcd   Thumb Code   122  stm32f10x_tim.o(i.TIM_TimeBaseInit)
    TP_Adj_Info_Show                         0x08002e71   Thumb Code   376  touch.o(i.TP_Adj_Info_Show)
    TP_Adjust                                0x08003019   Thumb Code  2050  touch.o(i.TP_Adjust)
    TP_Drow_Touch_Point                      0x0800386d   Thumb Code   108  touch.o(i.TP_Drow_Touch_Point)
    TP_Get_Adjdata                           0x080038dd   Thumb Code   164  touch.o(i.TP_Get_Adjdata)
    TP_Init                                  0x08003991   Thumb Code   142  touch.o(i.TP_Init)
    TP_Read_AD                               0x08003a3d   Thumb Code   124  touch.o(i.TP_Read_AD)
    TP_Read_XOY                              0x08003ac9   Thumb Code   120  touch.o(i.TP_Read_XOY)
    TP_Read_XY                               0x08003b41   Thumb Code    38  touch.o(i.TP_Read_XY)
    TP_Read_XY2                              0x08003b71   Thumb Code   192  touch.o(i.TP_Read_XY2)
    TP_Save_Adjdata                          0x08003c31   Thumb Code   108  touch.o(i.TP_Save_Adjdata)
    TP_Scan                                  0x08003ca5   Thumb Code   262  touch.o(i.TP_Scan)
    TP_Write_Byte                            0x08003db5   Thumb Code    54  touch.o(i.TP_Write_Byte)
    UDP_Serve                                0x08003df9   Thumb Code   110  netserve.o(i.UDP_Serve)
    USART1_IRQHandler                        0x08003ec9   Thumb Code   122  usart.o(i.USART1_IRQHandler)
    USART_Cmd                                0x08003f51   Thumb Code    24  stm32f10x_usart.o(i.USART_Cmd)
    USART_GetITStatus                        0x08003f69   Thumb Code    84  stm32f10x_usart.o(i.USART_GetITStatus)
    USART_ITConfig                           0x08003fbd   Thumb Code    74  stm32f10x_usart.o(i.USART_ITConfig)
    USART_Init                               0x08004009   Thumb Code   210  stm32f10x_usart.o(i.USART_Init)
    USART_ReceiveData                        0x080040e1   Thumb Code    10  stm32f10x_usart.o(i.USART_ReceiveData)
    WorkingSta_Page_Ref                      0x080040ed   Thumb Code   192  dis.o(i.WorkingSta_Page_Ref)
    Sys_Init()                               0x080041b5   Thumb Code    94  main.o(i._Z8Sys_Initv)
    SerialPort::SerialPort(int)              0x08004225   Thumb Code    16  serialport.o(i._ZN10SerialPortC1Ei)
    SerialPort::SerialPort__sub_object(int)  0x08004225   Thumb Code     0  serialport.o(i._ZN10SerialPortC1Ei)
    Led::on()                                0x08004235   Thumb Code     8  led.o(i._ZN3Led2onEv)
    Led::off()                               0x0800423d   Thumb Code     8  led.o(i._ZN3Led3offEv)
    Led::overturn()                          0x08004245   Thumb Code    32  led.o(i._ZN3Led8overturnEv)
    Led::Led(GPIO_TypeDef*, int)             0x08004265   Thumb Code   152  led.o(i._ZN3LedC1EP12GPIO_TypeDefi)
    Led::Led__sub_object(GPIO_TypeDef*, int) 0x08004265   Thumb Code     0  led.o(i._ZN3LedC1EP12GPIO_TypeDefi)
    __0printf$5                              0x08004305   Thumb Code    22  printf5.o(i.__0printf$5)
    __1printf$5                              0x08004305   Thumb Code     0  printf5.o(i.__0printf$5)
    __2printf                                0x08004305   Thumb Code     0  printf5.o(i.__0printf$5)
    __EE_Init                                0x08004325   Thumb Code   492  eeprom.o(i.__EE_Init)
    __scatterload_copy                       0x08004521   Thumb Code    14  handlers.o(i.__scatterload_copy)
    __scatterload_null                       0x0800452f   Thumb Code     2  handlers.o(i.__scatterload_null)
    __scatterload_zeroinit                   0x08004531   Thumb Code    14  handlers.o(i.__scatterload_zeroinit)
    __set_errno                              0x08004541   Thumb Code     6  errno.o(i.__set_errno)
    checksum                                 0x08004835   Thumb Code    84  ip_arp_udp_tcp.o(i.checksum)
    delay_init                               0x08004889   Thumb Code    50  delay.o(i.delay_init)
    delay_ms                                 0x080048cd   Thumb Code    72  delay.o(i.delay_ms)
    delay_us                                 0x08004919   Thumb Code    72  delay.o(i.delay_us)
    enc28j60Init                             0x08004965   Thumb Code   318  enc28j60.o(i.enc28j60Init)
    enc28j60PacketReceive                    0x08004ab1   Thumb Code   188  enc28j60.o(i.enc28j60PacketReceive)
    enc28j60PacketSend                       0x08004b71   Thumb Code   102  enc28j60.o(i.enc28j60PacketSend)
    enc28j60PhyWrite                         0x08004bd7   Thumb Code    50  enc28j60.o(i.enc28j60PhyWrite)
    enc28j60Read                             0x08004c09   Thumb Code    20  enc28j60.o(i.enc28j60Read)
    enc28j60ReadBuffer                       0x08004c1d   Thumb Code    50  enc28j60.o(i.enc28j60ReadBuffer)
    enc28j60ReadOp                           0x08004c55   Thumb Code    62  enc28j60.o(i.enc28j60ReadOp)
    enc28j60SetBank                          0x08004c99   Thumb Code    48  enc28j60.o(i.enc28j60SetBank)
    enc28j60Write                            0x08004ccd   Thumb Code    24  enc28j60.o(i.enc28j60Write)
    enc28j60WriteBuffer                      0x08004ce5   Thumb Code    44  enc28j60.o(i.enc28j60WriteBuffer)
    enc28j60WriteOp                          0x08004d15   Thumb Code    52  enc28j60.o(i.enc28j60WriteOp)
    eth_type_is_arp_and_my_ip                0x08004d4d   Thumb Code    64  ip_arp_udp_tcp.o(i.eth_type_is_arp_and_my_ip)
    eth_type_is_ip_and_my_ip                 0x08004d91   Thumb Code    72  ip_arp_udp_tcp.o(i.eth_type_is_ip_and_my_ip)
    fill_ip_hdr_checksum                     0x08004ddd   Thumb Code    44  ip_arp_udp_tcp.o(i.fill_ip_hdr_checksum)
    fputc                                    0x08004e09   Thumb Code    24  usart.o(i.fputc)
    init_ip_arp_udp_tcp                      0x08004e25   Thumb Code    46  ip_arp_udp_tcp.o(i.init_ip_arp_udp_tcp)
    main                                     0x08004e61   Thumb Code    46  main.o(i.main)
    make_arp_answer_from_request             0x08004e9d   Thumb Code    92  ip_arp_udp_tcp.o(i.make_arp_answer_from_request)
    make_echo_reply_from_request             0x08004f01   Thumb Code    62  ip_arp_udp_tcp.o(i.make_echo_reply_from_request)
    make_eth                                 0x08004f41   Thumb Code    30  ip_arp_udp_tcp.o(i.make_eth)
    make_ip                                  0x08004f65   Thumb Code    44  ip_arp_udp_tcp.o(i.make_ip)
    make_udp_reply_from_request              0x08004f95   Thumb Code   136  ip_arp_udp_tcp.o(i.make_udp_reply_from_request)
    sqrt                                     0x0800501d   Thumb Code    76  sqrt.o(i.sqrt)
    uart_init                                0x08005069   Thumb Code   152  usart.o(i.uart_init)
    asc2_1206                                0x08005108   Data        1140  lcd.o(.constdata)
    asc2_1608                                0x0800557c   Data        1520  lcd.o(.constdata)
    Ch_Chara                                 0x08005b6c   Data        4248  lcd.o(.constdata)
    QTU_Pinture                              0x08006c04   Data        2160  lcd.o(.constdata)
    DisNum                                   0x08007474   Data        1440  lcd.o(.constdata)
    Region$$Table$$Base                      0x08007b08   Number         0  anon$$obj.o(Region$$Table)
    Region$$Table$$Limit                     0x08007b28   Number         0  anon$$obj.o(Region$$Table)
    SHT$$INIT_ARRAY$$Base                    0x08007b28   Number         0  main.o(.init_array)
    SHT$$INIT_ARRAY$$Limit                   0x08007b2c   Number         0  cpp_init.o(.init_array)
    __stdout                                 0x20000004   Data           4  usart.o(.data)
    USART_RX_STA                             0x20000008   Data           2  usart.o(.data)
    POINT_COLOR                              0x2000000a   Data           2  lcd.o(.data)
    BACK_COLOR                               0x2000000c   Data           2  lcd.o(.data)
    tp_dev                                   0x20000010   Data          52  touch.o(.data)
    CMD_RDX                                  0x20000044   Data           1  touch.o(.data)
    CMD_RDY                                  0x20000045   Data           1  touch.o(.data)
    TP_REMIND_MSG_TBL                        0x20000048   Data           4  touch.o(.data)
    VirtAddVarTab                            0x2000004c   Data          30  bsp.o(.data)
    DataVar                                  0x2000006c   Data           2  eeprom.o(.data)
    CurWrAddress                             0x20000070   Data           4  eeprom.o(.data)
    mymac                                    0x20000084   Data           6  enc28j60.o(.data)
    myip                                     0x2000008a   Data           4  enc28j60.o(.data)
    myudpport                                0x20000090   Data           4  enc28j60.o(.data)
    Packet_Len                               0x20000094   Data           4  enc28j60.o(.data)
    DisFlag                                  0x200000b0   Data           4  dis.o(.data)
    PassWord                                 0x200000b4   Data          10  dis.o(.data)
    Road_Count                               0x200000be   Data           2  dis.o(.data)
    RoadLinght_Count                         0x200000c0   Data           4  dis.o(.data)
    SystemCoreClock                          0x200000cc   Data           4  system_stm32f10x.o(.data)
    AHBPrescTable                            0x200000d0   Data          16  system_stm32f10x.o(.data)
    DS0                                      0x200000f8   Data          12  main.o(.bss)
    DS1                                      0x20000104   Data          12  main.o(.bss)
    USART_RX_BUF                             0x20000110   Data         200  usart.o(.bss)
    lcddev                                   0x200001d8   Data          14  lcd.o(.bss)
    Packet_Buf                               0x200001e6   Data        1501  netserve.o(.bss)
    __initial_sp                             0x20000be0   Data           0  startup_stm32f10x_hd.o(STACK)



==============================================================================

Memory Map of the image

  Image Entry point : 0x08000131

  Load Region LR_IROM1 (Base: 0x08000000, Size: 0x00007c24, Max: 0x00080000, ABSOLUTE)

    Execution Region ER_IROM1 (Base: 0x08000000, Size: 0x00007b2c, Max: 0x00080000, ABSOLUTE)

    Base Addr    Size         Type   Attr      Idx    E Section Name        Object

    0x08000000   0x00000130   Data   RO         1457    RESET               startup_stm32f10x_hd.o
    0x08000130   0x00000000   Code   RO         3428  * .ARM.Collect$$$$00000000  mc_w.l(entry.o)
    0x08000130   0x00000004   Code   RO         3729    .ARM.Collect$$$$00000001  mc_w.l(entry2.o)
    0x08000134   0x00000004   Code   RO         3732    .ARM.Collect$$$$00000004  mc_w.l(entry5.o)
    0x08000138   0x00000000   Code   RO         3734    .ARM.Collect$$$$00000008  mc_w.l(entry7b.o)
    0x08000138   0x00000004   Code   RO         3735    .ARM.Collect$$$$00000009  mc_w.l(entry8a.o)
    0x0800013c   0x00000000   Code   RO         3736    .ARM.Collect$$$$0000000A  mc_w.l(entry8b.o)
    0x0800013c   0x00000008   Code   RO         3737    .ARM.Collect$$$$0000000B  mc_w.l(entry9a.o)
    0x08000144   0x00000000   Code   RO         3739    .ARM.Collect$$$$0000000D  mc_w.l(entry10a.o)
    0x08000144   0x00000000   Code   RO         3741    .ARM.Collect$$$$0000000F  mc_w.l(entry11a.o)
    0x08000144   0x00000004   Code   RO         3730    .ARM.Collect$$$$00002712  mc_w.l(entry2.o)
    0x08000148   0x00000024   Code   RO         1458    .text               startup_stm32f10x_hd.o
    0x0800016c   0x0000000e   Code   RO         3431    .text               mc_w.l(strlen.o)
    0x0800017a   0x00000002   PAD
    0x0800017c   0x00000020   Code   RO         3697    .text               mc_w.l(cpp_init.o)
    0x0800019c   0x000000b0   Code   RO         3699    .text               mf_w.l(fadd.o)
    0x0800024c   0x00000064   Code   RO         3701    .text               mf_w.l(fmul.o)
    0x080002b0   0x0000007c   Code   RO         3703    .text               mf_w.l(fdiv.o)
    0x0800032c   0x000000de   Code   RO         3705    .text               mf_w.l(ddiv.o)
    0x0800040a   0x00000012   Code   RO         3707    .text               mf_w.l(fflti.o)
    0x0800041c   0x0000000a   Code   RO         3709    .text               mf_w.l(ffltui.o)
    0x08000426   0x00000022   Code   RO         3711    .text               mf_w.l(dflti.o)
    0x08000448   0x0000001a   Code   RO         3713    .text               mf_w.l(dfltui.o)
    0x08000462   0x00000032   Code   RO         3715    .text               mf_w.l(ffixi.o)
    0x08000494   0x00000028   Code   RO         3717    .text               mf_w.l(ffixui.o)
    0x080004bc   0x00000032   Code   RO         3719    .text               mf_w.l(dfixui.o)
    0x080004ee   0x00000026   Code   RO         3721    .text               mf_w.l(f2d.o)
    0x08000514   0x00000030   Code   RO         3723    .text               mf_w.l(cdcmple.o)
    0x08000544   0x00000030   Code   RO         3725    .text               mf_w.l(cdrcmple.o)
    0x08000574   0x00000038   Code   RO         3727    .text               mf_w.l(d2f.o)
    0x080005ac   0x00000062   Code   RO         3745    .text               mc_w.l(uldiv.o)
    0x0800060e   0x00000020   Code   RO         3747    .text               mc_w.l(llushr.o)
    0x0800062e   0x00000000   Code   RO         3756    .text               mc_w.l(iusefp.o)
    0x0800062e   0x0000006e   Code   RO         3757    .text               mf_w.l(fepilogue.o)
    0x0800069c   0x000000ba   Code   RO         3759    .text               mf_w.l(depilogue.o)
    0x08000756   0x000000a2   Code   RO         3765    .text               mf_w.l(dsqrt.o)
    0x080007f8   0x00000024   Code   RO         3769    .text               mc_w.l(init.o)
    0x0800081c   0x0000001e   Code   RO         3771    .text               mc_w.l(llshl.o)
    0x0800083a   0x00000002   PAD
    0x0800083c   0x00000048   Code   RO         1367    i.Dis               dis.o
    0x08000884   0x00000098   Code   RO          468    i.Draw_Circle       lcd.o
    0x0800091c   0x00000058   Code   RO          907    i.EE_FindValidPage  eeprom.o
    0x08000974   0x0000003c   Code   RO          908    i.EE_Format         eeprom.o
    0x080009b0   0x00000008   Code   RO          849    i.EE_INIT           bsp.o
    0x080009b8   0x00000010   Code   RO          909    i.EE_Init           eeprom.o
    0x080009c8   0x000000f4   Code   RO          910    i.EE_PageTransfer   eeprom.o
    0x08000abc   0x00000068   Code   RO          911    i.EE_ReadVariable   eeprom.o
    0x08000b24   0x0000001c   Code   RO          850    i.EE_Read_Byte      bsp.o
    0x08000b40   0x00000038   Code   RO          851    i.EE_Read_Word      bsp.o
    0x08000b78   0x00000088   Code   RO          912    i.EE_VerifyPageFullWriteVariable  eeprom.o
    0x08000c00   0x00000024   Code   RO          913    i.EE_WriteVariable  eeprom.o
    0x08000c24   0x00000018   Code   RO          852    i.EE_Write_Byte     bsp.o
    0x08000c3c   0x00000038   Code   RO          853    i.EE_Write_Word     bsp.o
    0x08000c74   0x0000004c   Code   RO         1864    i.FLASH_ErasePage   stm32f10x_flash.o
    0x08000cc0   0x00000034   Code   RO         1865    i.FLASH_GetBank1Status  stm32f10x_flash.o
    0x08000cf4   0x00000040   Code   RO         1877    i.FLASH_ProgramHalfWord  stm32f10x_flash.o
    0x08000d34   0x00000018   Code   RO         1882    i.FLASH_Unlock      stm32f10x_flash.o
    0x08000d4c   0x00000026   Code   RO         1886    i.FLASH_WaitForLastOperation  stm32f10x_flash.o
    0x08000d72   0x00000002   PAD
    0x08000d74   0x00000034   Code   RO         2056    i.FSMC_NORSRAMCmd   stm32f10x_fsmc.o
    0x08000da8   0x000000e6   Code   RO         2058    i.FSMC_NORSRAMInit  stm32f10x_fsmc.o
    0x08000e8e   0x00000002   PAD
    0x08000e90   0x00000060   Code   RO          469    i.Find_Font         lcd.o
    0x08000ef0   0x00000116   Code   RO         2183    i.GPIO_Init         stm32f10x_gpio.o
    0x08001006   0x00000012   Code   RO         2187    i.GPIO_ReadInputDataBit  stm32f10x_gpio.o
    0x08001018   0x00000004   Code   RO         2191    i.GPIO_SetBits      stm32f10x_gpio.o
    0x0800101c   0x0000004c   Code   RO         1311    i.IPandARP_Serve    netserve.o
    0x08001068   0x00000064   Code   RO          914    i.InitCurrWrAddress  eeprom.o
    0x080010cc   0x0000003c   Code   RO          979    i.KEY_Init          key.o
    0x08001108   0x000000c8   Code   RO          980    i.KEY_Scan          key.o
    0x080011d0   0x0000006c   Code   RO          471    i.LCD_Clear         lcd.o
    0x0800123c   0x00000036   Code   RO          473    i.LCD_DisString     lcd.o
    0x08001272   0x00000002   PAD
    0x08001274   0x0000004c   Code   RO          476    i.LCD_Display_Dir   lcd.o
    0x080012c0   0x000000b0   Code   RO          477    i.LCD_DrawLine      lcd.o
    0x08001370   0x00000024   Code   RO          478    i.LCD_DrawPoint     lcd.o
    0x08001394   0x000000b8   Code   RO          481    i.LCD_Fill          lcd.o
    0x0800144c   0x000002f4   Code   RO         1368    i.LCD_Get_Input     dis.o
    0x08001740   0x0000039c   Code   RO          482    i.LCD_Init          lcd.o
    0x08001adc   0x00000016   Code   RO          483    i.LCD_Pow           lcd.o
    0x08001af2   0x00000002   PAD
    0x08001af4   0x0000000c   Code   RO          484    i.LCD_RD_DATA       lcd.o
    0x08001b00   0x00000016   Code   RO          486    i.LCD_ReadReg       lcd.o
    0x08001b16   0x00000002   PAD
    0x08001b18   0x00000098   Code   RO          487    i.LCD_Scan_Dir      lcd.o
    0x08001bb0   0x0000010c   Code   RO          488    i.LCD_SetCursor     lcd.o
    0x08001cbc   0x00000168   Code   RO          490    i.LCD_ShowChar      lcd.o
    0x08001e24   0x000000c0   Code   RO          491    i.LCD_ShowChinese   lcd.o
    0x08001ee4   0x00000094   Code   RO          492    i.LCD_ShowNum       lcd.o
    0x08001f78   0x000000d0   Code   RO          493    i.LCD_ShowPicture   lcd.o
    0x08002048   0x00000066   Code   RO          494    i.LCD_ShowString    lcd.o
    0x080020ae   0x00000002   PAD
    0x080020b0   0x00000040   Code   RO         1369    i.LCD_Show_Adjust_Page  dis.o
    0x080020f0   0x00000120   Code   RO         1370    i.LCD_Show_InPut_Page  dis.o
    0x08002210   0x000000e8   Code   RO         1371    i.LCD_Show_Login_Page  dis.o
    0x080022f8   0x000001dc   Code   RO         1372    i.LCD_Show_Main_Page  dis.o
    0x080024d4   0x000002a0   Code   RO         1374    i.LCD_Show_WorkingSta_Page  dis.o
    0x08002774   0x0000000c   Code   RO          496    i.LCD_WR_DATA       lcd.o
    0x08002780   0x0000000c   Code   RO          497    i.LCD_WR_REG        lcd.o
    0x0800278c   0x00000014   Code   RO          499    i.LCD_WriteRAM_Prepare  lcd.o
    0x080027a0   0x00000010   Code   RO          500    i.LCD_WriteReg      lcd.o
    0x080027b0   0x00000070   Code   RO         1511    i.NVIC_Init         misc_1.o
    0x08002820   0x00000014   Code   RO         1512    i.NVIC_PriorityGroupConfig  misc_1.o
    0x08002834   0x00000030   Code   RO         1312    i.Ping_Serve        netserve.o
    0x08002864   0x00000020   Code   RO         2304    i.RCC_AHBPeriphClockCmd  stm32f10x_rcc.o
    0x08002884   0x00000020   Code   RO         2305    i.RCC_APB1PeriphClockCmd  stm32f10x_rcc.o
    0x080028a4   0x00000020   Code   RO         2307    i.RCC_APB2PeriphClockCmd  stm32f10x_rcc.o
    0x080028c4   0x000000d4   Code   RO         2315    i.RCC_GetClocksFreq  stm32f10x_rcc.o
    0x08002998   0x00000038   Code   RO          435    i.SPI1_ReadWrite    spi_enc28j60.o
    0x080029d0   0x00000018   Code   RO         2520    i.SPI_Cmd           stm32f10x_spi.o
    0x080029e8   0x0000009c   Code   RO          436    i.SPI_Enc28j60_Init  spi_enc28j60.o
    0x08002a84   0x00000012   Code   RO         2528    i.SPI_I2S_GetFlagStatus  stm32f10x_spi.o
    0x08002a96   0x00000006   Code   RO         2531    i.SPI_I2S_ReceiveData  stm32f10x_spi.o
    0x08002a9c   0x00000004   Code   RO         2532    i.SPI_I2S_SendData  stm32f10x_spi.o
    0x08002aa0   0x0000003c   Code   RO         2533    i.SPI_Init          stm32f10x_spi.o
    0x08002adc   0x00000028   Code   RO         1313    i.SendPacket        netserve.o
    0x08002b04   0x00000008   Code   RO         1465    i.SetSysClock       system_stm32f10x.o
    0x08002b0c   0x000000e0   Code   RO         1466    i.SetSysClockTo72   system_stm32f10x.o
    0x08002bec   0x00000028   Code   RO         1515    i.SysTick_CLKSourceConfig  misc_1.o
    0x08002c14   0x00000060   Code   RO         1468    i.SystemInit        system_stm32f10x.o
    0x08002c74   0x000000c8   Code   RO         1011    i.TIM3_IRQHandler   time.o
    0x08002d3c   0x00000060   Code   RO         1012    i.TIM3_Init         time.o
    0x08002d9c   0x00000006   Code   RO         2682    i.TIM_ClearITPendingBit  stm32f10x_tim.o
    0x08002da2   0x00000018   Code   RO         2687    i.TIM_Cmd           stm32f10x_tim.o
    0x08002dba   0x00000012   Code   RO         2712    i.TIM_ITConfig      stm32f10x_tim.o
    0x08002dcc   0x000000a4   Code   RO         2758    i.TIM_TimeBaseInit  stm32f10x_tim.o
    0x08002e70   0x000001a8   Code   RO          732    i.TP_Adj_Info_Show  touch.o
    0x08003018   0x00000854   Code   RO          733    i.TP_Adjust         touch.o
    0x0800386c   0x00000070   Code   RO          735    i.TP_Drow_Touch_Point  touch.o
    0x080038dc   0x000000b4   Code   RO          736    i.TP_Get_Adjdata    touch.o
    0x08003990   0x000000ac   Code   RO          737    i.TP_Init           touch.o
    0x08003a3c   0x0000008c   Code   RO          738    i.TP_Read_AD        touch.o
    0x08003ac8   0x00000078   Code   RO          739    i.TP_Read_XOY       touch.o
    0x08003b40   0x00000030   Code   RO          740    i.TP_Read_XY        touch.o
    0x08003b70   0x000000c0   Code   RO          741    i.TP_Read_XY2       touch.o
    0x08003c30   0x00000074   Code   RO          742    i.TP_Save_Adjdata   touch.o
    0x08003ca4   0x00000110   Code   RO          743    i.TP_Scan           touch.o
    0x08003db4   0x00000044   Code   RO          744    i.TP_Write_Byte     touch.o
    0x08003df8   0x000000d0   Code   RO         1314    i.UDP_Serve         netserve.o
    0x08003ec8   0x00000088   Code   RO          382    i.USART1_IRQHandler  usart.o
    0x08003f50   0x00000018   Code   RO         3235    i.USART_Cmd         stm32f10x_usart.o
    0x08003f68   0x00000054   Code   RO         3239    i.USART_GetITStatus  stm32f10x_usart.o
    0x08003fbc   0x0000004a   Code   RO         3241    i.USART_ITConfig    stm32f10x_usart.o
    0x08004006   0x00000002   PAD
    0x08004008   0x000000d8   Code   RO         3242    i.USART_Init        stm32f10x_usart.o
    0x080040e0   0x0000000a   Code   RO         3249    i.USART_ReceiveData  stm32f10x_usart.o
    0x080040ea   0x00000002   PAD
    0x080040ec   0x000000c8   Code   RO         1375    i.WorkingSta_Page_Ref  dis.o
    0x080041b4   0x00000070   Code   RO            4    i._Z8Sys_Initv      main.o
    0x08004224   0x00000010   Code   RO          227    i._ZN10SerialPortC1Ei  serialport.o
    0x08004234   0x00000008   Code   RO          182    i._ZN3Led2onEv      led.o
    0x0800423c   0x00000008   Code   RO          183    i._ZN3Led3offEv     led.o
    0x08004244   0x00000020   Code   RO          184    i._ZN3Led8overturnEv  led.o
    0x08004264   0x000000a0   Code   RO          185    i._ZN3LedC1EP12GPIO_TypeDefi  led.o
    0x08004304   0x00000020   Code   RO         3566    i.__0printf$5       mc_w.l(printf5.o)
    0x08004324   0x000001fc   Code   RO          915    i.__EE_Init         eeprom.o
    0x08004520   0x0000000e   Code   RO         3777    i.__scatterload_copy  mc_w.l(handlers.o)
    0x0800452e   0x00000002   Code   RO         3778    i.__scatterload_null  mc_w.l(handlers.o)
    0x08004530   0x0000000e   Code   RO         3779    i.__scatterload_zeroinit  mc_w.l(handlers.o)
    0x0800453e   0x00000002   PAD
    0x08004540   0x0000000c   Code   RO         3751    i.__set_errno       mc_w.l(errno.o)
    0x0800454c   0x00000028   Code   RO            5    i.__sti___8_main_cpp_DS0  main.o
    0x08004574   0x000002c0   Code   RO         3573    i._printf_core      mc_w.l(printf5.o)
    0x08004834   0x00000054   Code   RO         1173    i.checksum          ip_arp_udp_tcp.o
    0x08004888   0x00000044   Code   RO          254    i.delay_init        delay.o
    0x080048cc   0x0000004c   Code   RO          255    i.delay_ms          delay.o
    0x08004918   0x0000004c   Code   RO          256    i.delay_us          delay.o
    0x08004964   0x0000014c   Code   RO         1068    i.enc28j60Init      enc28j60.o
    0x08004ab0   0x000000c0   Code   RO         1069    i.enc28j60PacketReceive  enc28j60.o
    0x08004b70   0x00000066   Code   RO         1070    i.enc28j60PacketSend  enc28j60.o
    0x08004bd6   0x00000032   Code   RO         1071    i.enc28j60PhyWrite  enc28j60.o
    0x08004c08   0x00000014   Code   RO         1072    i.enc28j60Read      enc28j60.o
    0x08004c1c   0x00000038   Code   RO         1073    i.enc28j60ReadBuffer  enc28j60.o
    0x08004c54   0x00000044   Code   RO         1074    i.enc28j60ReadOp    enc28j60.o
    0x08004c98   0x00000034   Code   RO         1075    i.enc28j60SetBank   enc28j60.o
    0x08004ccc   0x00000018   Code   RO         1076    i.enc28j60Write     enc28j60.o
    0x08004ce4   0x00000030   Code   RO         1077    i.enc28j60WriteBuffer  enc28j60.o
    0x08004d14   0x00000038   Code   RO         1078    i.enc28j60WriteOp   enc28j60.o
    0x08004d4c   0x00000044   Code   RO         1174    i.eth_type_is_arp_and_my_ip  ip_arp_udp_tcp.o
    0x08004d90   0x0000004c   Code   RO         1175    i.eth_type_is_ip_and_my_ip  ip_arp_udp_tcp.o
    0x08004ddc   0x0000002c   Code   RO         1176    i.fill_ip_hdr_checksum  ip_arp_udp_tcp.o
    0x08004e08   0x0000001c   Code   RO          384    i.fputc             usart.o
    0x08004e24   0x0000003c   Code   RO         1180    i.init_ip_arp_udp_tcp  ip_arp_udp_tcp.o
    0x08004e60   0x0000003c   Code   RO            6    i.main              main.o
    0x08004e9c   0x00000064   Code   RO         1182    i.make_arp_answer_from_request  ip_arp_udp_tcp.o
    0x08004f00   0x0000003e   Code   RO         1183    i.make_echo_reply_from_request  ip_arp_udp_tcp.o
    0x08004f3e   0x00000002   PAD
    0x08004f40   0x00000024   Code   RO         1184    i.make_eth          ip_arp_udp_tcp.o
    0x08004f64   0x00000030   Code   RO         1185    i.make_ip           ip_arp_udp_tcp.o
    0x08004f94   0x00000088   Code   RO         1190    i.make_udp_reply_from_request  ip_arp_udp_tcp.o
    0x0800501c   0x0000004c   Code   RO         3421    i.sqrt              m_ws.l(sqrt.o)
    0x08005068   0x000000a0   Code   RO          385    i.uart_init         usart.o
    0x08005108   0x0000290c   Data   RO          504    .constdata          lcd.o
    0x08007a14   0x00000077   Data   RO          505    .conststring        lcd.o
    0x08007a8b   0x00000001   PAD
    0x08007a8c   0x00000079   Data   RO          745    .conststring        touch.o
    0x08007b05   0x00000003   PAD
    0x08007b08   0x00000020   Data   RO         3775    Region$$Table       anon$$obj.o
    0x08007b28   0x00000004   Data   RO           13    .init_array         main.o
    0x08007b2c   0x00000000   Data   RO         3695    .init_array         mc_w.l(cpp_init.o)


    Execution Region RW_IRAM1 (Base: 0x20000000, Size: 0x00000be0, Max: 0x00010000, ABSOLUTE)

    Base Addr    Size         Type   Attr      Idx    E Section Name        Object

    0x20000000   0x00000004   Data   RW          257    .data               delay.o
    0x20000004   0x00000006   Data   RW          387    .data               usart.o
    0x2000000a   0x00000004   Data   RW          506    .data               lcd.o
    0x2000000e   0x00000002   PAD
    0x20000010   0x0000003c   Data   RW          746    .data               touch.o
    0x2000004c   0x0000001e   Data   RW          854    .data               bsp.o
    0x2000006a   0x00000002   PAD
    0x2000006c   0x00000008   Data   RW          916    .data               eeprom.o
    0x20000074   0x00000001   Data   RW          981    .data               key.o
    0x20000075   0x00000003   PAD
    0x20000078   0x00000004   Data   RW         1013    .data               time.o
    0x2000007c   0x0000001c   Data   RW         1081    .data               enc28j60.o
    0x20000098   0x00000015   Data   RW         1191    .data               ip_arp_udp_tcp.o
    0x200000ad   0x00000003   PAD
    0x200000b0   0x0000001a   Data   RW         1377    .data               dis.o
    0x200000ca   0x00000002   PAD
    0x200000cc   0x00000014   Data   RW         1469    .data               system_stm32f10x.o
    0x200000e0   0x00000014   Data   RW         2335    .data               stm32f10x_rcc.o
    0x200000f4   0x00000004   Data   RW         3752    .data               mc_w.l(errno.o)
    0x200000f8   0x00000018   Zero   RW           12    .bss                main.o
    0x20000110   0x000000c8   Zero   RW          386    .bss                usart.o
    0x200001d8   0x0000000e   Zero   RW          503    .bss                lcd.o
    0x200001e6   0x000005dd   Zero   RW         1315    .bss                netserve.o
    0x200007c3   0x00000016   Zero   RW         1376    .bss                dis.o
    0x200007d9   0x00000007   PAD
    0x200007e0   0x00000400   Zero   RW         1455    STACK               startup_stm32f10x_hd.o


==============================================================================

Image component sizes


      Code (inc. data)   RO Data    RW Data    ZI Data      Debug   Object Name

       172         22          0         30          0       3096   bsp.o
       220         26          0          4          0     276327   delay.o
      2760        310          0         26         22       6460   dis.o
      1292         88          0          8          0       7314   eeprom.o
      1000         42          0         28          0       7184   enc28j60.o
       714         40          0         21          0       7200   ip_arp_udp_tcp.o
       260         20          0          1          0       1094   key.o
      3352        228      10627          4         14      20501   lcd.o
       208          8          0          0          0       2800   led.o
       212         48          4          0         24     218220   main.o
       172         22          0          0          0       2217   misc_1.o
       372        126          0          0       1501       2636   netserve.o
        16          0          0          0          0        932   serialport.o
       212         14          0          0          0       1149   spi_enc28j60.o
        36          8        304          0       1024        808   startup_stm32f10x_hd.o
       254         24          0          0          0       3117   stm32f10x_flash.o
       282          6          0          0          0       1945   stm32f10x_fsmc.o
       300          0          0          0          0       3275   stm32f10x_gpio.o
       308         38          0         20          0       5178   stm32f10x_rcc.o
       112          0          0          0          0       4050   stm32f10x_spi.o
       212         42          0          0          0       3056   stm32f10x_tim.o
       408          6          0          0          0       5210   stm32f10x_usart.o
       328         28          0         20          0       2241   system_stm32f10x.o
       296         24          0          4          0       1038   time.o
      3976        274        121         60          0       9405   touch.o
       324         26          0          6        200       3444   usart.o

    ----------------------------------------------------------------------
     17816       1470      11092        244       2792     599897   Object Totals
         0          0         32          0          0          0   (incl. Generated)
        18          0          4         12          7          0   (incl. Padding)

    ----------------------------------------------------------------------

      Code (inc. data)   RO Data    RW Data    ZI Data      Debug   Library Member Name

        76          0          0          0          0         84   sqrt.o
        32         10          0          0          0         80   cpp_init.o
         0          0          0          0          0          0   entry.o
         0          0          0          0          0          0   entry10a.o
         0          0          0          0          0          0   entry11a.o
         8          4          0          0          0          0   entry2.o
         4          0          0          0          0          0   entry5.o
         0          0          0          0          0          0   entry7b.o
         4          0          0          0          0          0   entry8a.o
         0          0          0          0          0          0   entry8b.o
         8          4          0          0          0          0   entry9a.o
        12          6          0          4          0         68   errno.o
        30          0          0          0          0          0   handlers.o
        36          8          0          0          0         68   init.o
         0          0          0          0          0          0   iusefp.o
        30          0          0          0          0         68   llshl.o
        32          0          0          0          0         68   llushr.o
       736         56          0          0          0        184   printf5.o
        14          0          0          0          0         68   strlen.o
        98          0          0          0          0         92   uldiv.o
        48          0          0          0          0         68   cdcmple.o
        48          0          0          0          0         68   cdrcmple.o
        56          0          0          0          0         88   d2f.o
       222          0          0          0          0        100   ddiv.o
       186          0          0          0          0        176   depilogue.o
        50          0          0          0          0         76   dfixui.o
        34          0          0          0          0         76   dflti.o
        26          0          0          0          0         76   dfltui.o
       162          0          0          0          0        100   dsqrt.o
        38          0          0          0          0         68   f2d.o
       176          0          0          0          0        140   fadd.o
       124          0          0          0          0         88   fdiv.o
       110          0          0          0          0        168   fepilogue.o
        50          0          0          0          0         68   ffixi.o
        40          0          0          0          0         68   ffixui.o
        18          0          0          0          0         68   fflti.o
        10          0          0          0          0         68   ffltui.o
       100          0          0          0          0         76   fmul.o

    ----------------------------------------------------------------------
      2624         88          0          4          0       2420   Library Totals
         6          0          0          0          0          0   (incl. Padding)

    ----------------------------------------------------------------------

      Code (inc. data)   RO Data    RW Data    ZI Data      Debug   Library Name

        76          0          0          0          0         84   m_ws.l
      1044         88          0          4          0        696   mc_w.l
      1498          0          0          0          0       1640   mf_w.l

    ----------------------------------------------------------------------
      2624         88          0          4          0       2420   Library Totals

    ----------------------------------------------------------------------

==============================================================================


      Code (inc. data)   RO Data    RW Data    ZI Data      Debug   

     20440       1558      11092        248       2792     594253   Grand Totals
     20440       1558      11092        248       2792     594253   ELF Image Totals
     20440       1558      11092        248          0          0   ROM Totals

==============================================================================

    Total RO  Size (Code + RO Data)                31532 (  30.79kB)
    Total RW  Size (RW Data + ZI Data)              3040 (   2.97kB)
    Total ROM Size (Code + RO Data + RW Data)      31780 (  31.04kB)

==============================================================================

