Component: ARM Compiler 5.06 update 1 (build 61) Tool: armlink [4d35a8]

==============================================================================

Section Cross References

    main.o(i._Z8Sys_Initv) refers to delay.o(i.delay_init) for delay_init
    main.o(i._Z8Sys_Initv) refers to misc.o(i.NVIC_PriorityGroupConfig) for NVIC_PriorityGroupConfig
    main.o(i._Z8Sys_Initv) refers to serialport.o(i._ZN10SerialPortC1Ei) for SerialPort::SerialPort(int)
    main.o(i._Z8Sys_Initv) refers to spi_enc28j60.o(i.SPI_Enc28j60_Init) for SPI_Enc28j60_Init
    main.o(i._Z8Sys_Initv) refers to enc28j60.o(i.enc28j60Init) for enc28j60Init
    main.o(i._Z8Sys_Initv) refers to enc28j60.o(i.enc28j60PhyWrite) for enc28j60PhyWrite
    main.o(i._Z8Sys_Initv) refers to ip_arp_udp_tcp.o(i.init_ip_arp_udp_tcp) for init_ip_arp_udp_tcp
    main.o(i._Z8Sys_Initv) refers to lcd.o(i.LCD_Init) for LCD_Init
    main.o(i._Z8Sys_Initv) refers to key.o(i.KEY_Init) for KEY_Init
    main.o(i._Z8Sys_Initv) refers to stm32f10x_flash.o(i.FLASH_Unlock) for FLASH_Unlock
    main.o(i._Z8Sys_Initv) refers to bsp.o(i.EE_INIT) for EE_INIT
    main.o(i._Z8Sys_Initv) refers to time.o(i.TIM3_Init) for TIM3_Init
    main.o(i._Z8Sys_Initv) refers to enc28j60.o(.data) for myip
    main.o(i._Z8Sys_Initv) refers to touch.o(.data) for tp_dev
    main.o(i._Z8rtp_testv) refers to key.o(i.KEY_Scan) for KEY_Scan
    main.o(i._Z8rtp_testv) refers to lcd.o(i.Load_Drow_Dialog) for Load_Drow_Dialog
    main.o(i._Z8rtp_testv) refers to touch.o(i.TP_Draw_Big_Point) for TP_Draw_Big_Point
    main.o(i._Z8rtp_testv) refers to delay.o(i.delay_ms) for delay_ms
    main.o(i._Z8rtp_testv) refers to lcd.o(i.LCD_Clear) for LCD_Clear
    main.o(i._Z8rtp_testv) refers to touch.o(i.TP_Adjust) for TP_Adjust
    main.o(i._Z8rtp_testv) refers to touch.o(i.TP_Save_Adjdata) for TP_Save_Adjdata
    main.o(i._Z8rtp_testv) refers to led.o(i._ZN3Led8overturnEv) for Led::overturn()
    main.o(i._Z8rtp_testv) refers to touch.o(.data) for tp_dev
    main.o(i._Z8rtp_testv) refers to lcd.o(.bss) for lcddev
    main.o(i._Z8rtp_testv) refers to main.o(.bss) for DS0
    main.o(i.__sti___8_main_cpp_DS0) refers to led.o(i._ZN3LedC1EP12GPIO_TypeDefi) for Led::Led(GPIO_TypeDef*, int)
    main.o(i.__sti___8_main_cpp_DS0) refers to main.o(.bss) for DS0
    main.o(i.main) refers to main.o(i._Z8Sys_Initv) for Sys_Init()
    main.o(i.main) refers to led.o(i._ZN3Led2onEv) for Led::on()
    main.o(i.main) refers to printf5.o(i.__0printf$5) for __2printf
    main.o(i.main) refers to lcd.o(i.LCD_ShowString) for LCD_ShowString
    main.o(i.main) refers to lcd.o(i.LCD_ShowNum) for LCD_ShowNum
    main.o(i.main) refers to delay.o(i.delay_ms) for delay_ms
    main.o(i.main) refers to lcd.o(i.Load_Drow_Dialog) for Load_Drow_Dialog
    main.o(i.main) refers to main.o(i._Z8rtp_testv) for rtp_test()
    main.o(i.main) refers to main.o(.bss) for DS1
    main.o(i.main) refers to lcd.o(.data) for POINT_COLOR
    main.o(i.main) refers to lcd.o(.bss) for lcddev
    main.o(.ARM.exidx) refers to main.o(i._Z8Sys_Initv) for i._Z8Sys_Initv
    main.o(.ARM.exidx) refers to main.o(i._Z8rtp_testv) for i._Z8rtp_testv
    main.o(.ARM.exidx) refers to main.o(i.main) for i.main
    main.o(.ARM.exidx) refers to main.o(i.__sti___8_main_cpp_DS0) for i.__sti___8_main_cpp_DS0
    main.o(.init_array) refers to main.o(i.__sti___8_main_cpp_DS0) for __sti___8_main_cpp_DS0
    main.o(.init_array) refers to cpp_init.o(.text) for __cpp_initialize__aeabi_
    led.o(i._ZN3Led8overturnEv) refers to led.o(i._ZN3Led3offEv) for Led::off()
    led.o(i._ZN3Led8overturnEv) refers to led.o(i._ZN3Led2onEv) for Led::on()
    led.o(i._ZN3LedC1EP12GPIO_TypeDefi) refers to stm32f10x_rcc.o(i.RCC_APB2PeriphClockCmd) for RCC_APB2PeriphClockCmd
    led.o(i._ZN3LedC1EP12GPIO_TypeDefi) refers to stm32f10x_gpio.o(i.GPIO_Init) for GPIO_Init
    led.o(i._ZN3LedC1EP12GPIO_TypeDefi) refers to led.o(i._ZN3Led3offEv) for Led::off()
    led.o(.ARM.exidx) refers to led.o(i._ZN3Led3offEv) for i._ZN3Led3offEv
    led.o(.ARM.exidx) refers to led.o(i._ZN3LedC1EP12GPIO_TypeDefi) for i._ZN3LedC1EP12GPIO_TypeDefi
    led.o(.ARM.exidx) refers to led.o(i._ZN3Led2onEv) for i._ZN3Led2onEv
    led.o(.ARM.exidx) refers to led.o(i._ZN3Led8overturnEv) for i._ZN3Led8overturnEv
    serialport.o(i._ZN10SerialPortC1Ei) refers to usart.o(i.uart_init) for uart_init
    serialport.o(.ARM.exidx) refers to serialport.o(i._ZN10SerialPortC1Ei) for i._ZN10SerialPortC1Ei
    delay.o(i.delay_init) refers to misc.o(i.SysTick_CLKSourceConfig) for SysTick_CLKSourceConfig
    delay.o(i.delay_init) refers to system_stm32f10x.o(.data) for SystemCoreClock
    delay.o(i.delay_init) refers to delay.o(.data) for fac_us
    delay.o(i.delay_ms) refers to delay.o(.data) for fac_ms
    delay.o(i.delay_us) refers to delay.o(.data) for fac_us
    sys.o(i.NVIC_Configuration) refers to misc.o(i.NVIC_PriorityGroupConfig) for NVIC_PriorityGroupConfig
[...]
    Removing stm32f10x_tim.o(i.TIM_SelectSlaveMode), (18 bytes).
    Removing stm32f10x_tim.o(i.TIM_SetAutoreload), (4 bytes).
    Removing stm32f10x_tim.o(i.TIM_SetClockDivision), (18 bytes).
    Removing stm32f10x_tim.o(i.TIM_SetCompare1), (4 bytes).
    Removing stm32f10x_tim.o(i.TIM_SetCompare2), (4 bytes).
    Removing stm32f10x_tim.o(i.TIM_SetCompare3), (4 bytes).
    Removing stm32f10x_tim.o(i.TIM_SetCompare4), (6 bytes).
    Removing stm32f10x_tim.o(i.TIM_SetCounter), (4 bytes).
    Removing stm32f10x_tim.o(i.TIM_SetIC1Prescaler), (18 bytes).
    Removing stm32f10x_tim.o(i.TIM_SetIC2Prescaler), (26 bytes).
    Removing stm32f10x_tim.o(i.TIM_SetIC3Prescaler), (18 bytes).
    Removing stm32f10x_tim.o(i.TIM_SetIC4Prescaler), (26 bytes).
    Removing stm32f10x_tim.o(i.TIM_TIxExternalClockConfig), (62 bytes).
    Removing stm32f10x_tim.o(i.TIM_TimeBaseStructInit), (18 bytes).
    Removing stm32f10x_tim.o(i.TIM_UpdateDisableConfig), (24 bytes).
    Removing stm32f10x_tim.o(i.TIM_UpdateRequestConfig), (24 bytes).
    Removing stm32f10x_usart.o(.rev16_text), (4 bytes).
    Removing stm32f10x_usart.o(.revsh_text), (4 bytes).
    Removing stm32f10x_usart.o(i.USART_ClearFlag), (18 bytes).
    Removing stm32f10x_usart.o(i.USART_ClearITPendingBit), (30 bytes).
    Removing stm32f10x_usart.o(i.USART_ClockInit), (34 bytes).
    Removing stm32f10x_usart.o(i.USART_ClockStructInit), (12 bytes).
    Removing stm32f10x_usart.o(i.USART_DMACmd), (18 bytes).
    Removing stm32f10x_usart.o(i.USART_DeInit), (156 bytes).
    Removing stm32f10x_usart.o(i.USART_GetFlagStatus), (26 bytes).
    Removing stm32f10x_usart.o(i.USART_HalfDuplexCmd), (24 bytes).
    Removing stm32f10x_usart.o(i.USART_IrDACmd), (24 bytes).
    Removing stm32f10x_usart.o(i.USART_IrDAConfig), (18 bytes).
    Removing stm32f10x_usart.o(i.USART_LINBreakDetectLengthConfig), (18 bytes).
    Removing stm32f10x_usart.o(i.USART_LINCmd), (24 bytes).
    Removing stm32f10x_usart.o(i.USART_OneBitMethodCmd), (24 bytes).
    Removing stm32f10x_usart.o(i.USART_OverSampling8Cmd), (22 bytes).
    Removing stm32f10x_usart.o(i.USART_ReceiverWakeUpCmd), (24 bytes).
    Removing stm32f10x_usart.o(i.USART_SendBreak), (10 bytes).
    Removing stm32f10x_usart.o(i.USART_SendData), (8 bytes).
    Removing stm32f10x_usart.o(i.USART_SetAddress), (18 bytes).
    Removing stm32f10x_usart.o(i.USART_SetGuardTime), (16 bytes).
    Removing stm32f10x_usart.o(i.USART_SetPrescaler), (16 bytes).
    Removing stm32f10x_usart.o(i.USART_SmartCardCmd), (24 bytes).
    Removing stm32f10x_usart.o(i.USART_SmartCardNACKCmd), (24 bytes).
    Removing stm32f10x_usart.o(i.USART_StructInit), (24 bytes).
    Removing stm32f10x_usart.o(i.USART_WakeUpConfig), (18 bytes).
    Removing dadd.o(.text), (334 bytes).
    Removing dmul.o(.text), (228 bytes).
    Removing ddiv.o(.text), (222 bytes).
    Removing dfixul.o(.text), (48 bytes).

352 unused section(s) (total 14642 bytes) removed from the image.

==============================================================================

Image Symbol Table

    Local Symbols

    Symbol Name                              Value     Ov Type        Size  Object(Section)

    ../clib/microlib/cpp/cpp_init.c          0x00000000   Number         0  cpp_init.o ABSOLUTE
    ../clib/microlib/cpp/cpp_init.c          0x00000000   Number         0  cpp_init.o ABSOLUTE
    ../clib/microlib/division.c              0x00000000   Number         0  uldiv.o ABSOLUTE
    ../clib/microlib/division.c              0x00000000   Number         0  uidiv.o ABSOLUTE
    ../clib/microlib/errno.c                 0x00000000   Number         0  errno.o ABSOLUTE
    ../clib/microlib/init/entry.s            0x00000000   Number         0  entry2.o ABSOLUTE
    ../clib/microlib/init/entry.s            0x00000000   Number         0  entry7a.o ABSOLUTE
    ../clib/microlib/init/entry.s            0x00000000   Number         0  entry7b.o ABSOLUTE
    ../clib/microlib/init/entry.s            0x00000000   Number         0  entry11a.o ABSOLUTE
    ../clib/microlib/init/entry.s            0x00000000   Number         0  entry11b.o ABSOLUTE
    ../clib/microlib/init/entry.s            0x00000000   Number         0  entry8b.o ABSOLUTE
    ../clib/microlib/init/entry.s            0x00000000   Number         0  entry.o ABSOLUTE
    ../clib/microlib/init/entry.s            0x00000000   Number         0  entry8a.o ABSOLUTE
    ../clib/microlib/init/entry.s            0x00000000   Number         0  entry9a.o ABSOLUTE
    ../clib/microlib/init/entry.s            0x00000000   Number         0  entry9b.o ABSOLUTE
    ../clib/microlib/init/entry.s            0x00000000   Number         0  entry10a.o ABSOLUTE
    ../clib/microlib/init/entry.s            0x00000000   Number         0  entry10b.o ABSOLUTE
    ../clib/microlib/init/entry.s            0x00000000   Number         0  entry5.o ABSOLUTE
    ../clib/microlib/longlong.c              0x00000000   Number         0  llushr.o ABSOLUTE
    ../clib/microlib/longlong.c              0x00000000   Number         0  llsshr.o ABSOLUTE
    ../clib/microlib/longlong.c              0x00000000   Number         0  llshl.o ABSOLUTE
    ../clib/microlib/printf/printf.c         0x00000000   Number         0  printf3.o ABSOLUTE
    ../clib/microlib/printf/printf.c         0x00000000   Number         0  printf4.o ABSOLUTE
    ../clib/microlib/printf/printf.c         0x00000000   Number         0  printf5.o ABSOLUTE
    ../clib/microlib/printf/printf.c         0x00000000   Number         0  printfa.o ABSOLUTE
    ../clib/microlib/printf/printf.c         0x00000000   Number         0  printf8.o ABSOLUTE
    ../clib/microlib/printf/printf.c         0x00000000   Number         0  printf7.o ABSOLUTE
    ../clib/microlib/printf/printf.c         0x00000000   Number         0  printf2.o ABSOLUTE
    ../clib/microlib/printf/printf.c         0x00000000   Number         0  printf1.o ABSOLUTE
    ../clib/microlib/printf/printf.c         0x00000000   Number         0  printf0.o ABSOLUTE
    ../clib/microlib/printf/printf.c         0x00000000   Number         0  printfb.o ABSOLUTE
    ../clib/microlib/printf/printf.c         0x00000000   Number         0  printf6.o ABSOLUTE
    ../clib/microlib/printf/stubs.s          0x00000000   Number         0  stubs.o ABSOLUTE
    ../clib/microlib/string/strlen.c         0x00000000   Number         0  strlen.o ABSOLUTE
    ../clib/microlib/stubs.s                 0x00000000   Number         0  iusefp.o ABSOLUTE
    ../clib/microlib/stubs.s                 0x00000000   Number         0  useno.o ABSOLUTE
    ../fplib/microlib/f2d.c                  0x00000000   Number         0  f2d.o ABSOLUTE
    ../fplib/microlib/fpadd.c                0x00000000   Number         0  fadd.o ABSOLUTE
    ../fplib/microlib/fpadd.c                0x00000000   Number         0  dadd.o ABSOLUTE
    ../fplib/microlib/fpdiv.c                0x00000000   Number         0  fdiv.o ABSOLUTE
    ../fplib/microlib/fpdiv.c                0x00000000   Number         0  ddiv.o ABSOLUTE
    ../fplib/microlib/fpepilogue.c           0x00000000   Number         0  fepilogue.o ABSOLUTE
    ../fplib/microlib/fpepilogue.c           0x00000000   Number         0  depilogue.o ABSOLUTE
    ../fplib/microlib/fpfix.c                0x00000000   Number         0  ffixui.o ABSOLUTE
    ../fplib/microlib/fpfix.c                0x00000000   Number         0  dfixui.o ABSOLUTE
    ../fplib/microlib/fpfix.c                0x00000000   Number         0  ffixi.o ABSOLUTE
    ../fplib/microlib/fpfix.c                0x00000000   Number         0  dfixul.o ABSOLUTE
    ../fplib/microlib/fpflt.c                0x00000000   Number         0  dfltui.o ABSOLUTE
    ../fplib/microlib/fpflt.c                0x00000000   Number         0  fflti.o ABSOLUTE
    ../fplib/microlib/fpflt.c                0x00000000   Number         0  ffltui.o ABSOLUTE
    ../fplib/microlib/fpmul.c                0x00000000   Number         0  fmul.o ABSOLUTE
    ../fplib/microlib/fpmul.c                0x00000000   Number         0  dmul.o ABSOLUTE
    ../fplib/microlib/fpsqrt.c               0x00000000   Number         0  dsqrt.o ABSOLUTE
    ../mathlib/sqrt.c                        0x00000000   Number         0  sqrt_x.o ABSOLUTE
    ../mathlib/sqrt.c                        0x00000000   Number         0  sqrt.o ABSOLUTE
    Class\\led.cpp                           0x00000000   Number         0  led.o ABSOLUTE
    Class\\serialport.cpp                    0x00000000   Number         0  serialport.o ABSOLUTE
    Class\led.cpp                            0x00000000   Number         0  led.o ABSOLUTE
    Class\serialport.cpp                     0x00000000   Number         0  serialport.o ABSOLUTE
    RTE\Device\STM32F103ZE\startup_stm32f10x_hd.s 0x00000000   Number         0  startup_stm32f10x_hd.o ABSOLUTE
    RTE\Device\STM32F103ZE\system_stm32f10x.c 0x00000000   Number         0  system_stm32f10x.o ABSOLUTE
    RTE\\Device\\STM32F103ZE\\system_stm32f10x.c 0x00000000   Number         0  system_stm32f10x.o ABSOLUTE
    SYSTEM\\delay.c                          0x00000000   Number         0  delay.o ABSOLUTE
    SYSTEM\\sys.c                            0x00000000   Number         0  sys.o ABSOLUTE
    SYSTEM\\usart.c                          0x00000000   Number         0  usart.o ABSOLUTE
    SYSTEM\delay.c                           0x00000000   Number         0  delay.o ABSOLUTE
    SYSTEM\sys.c                             0x00000000   Number         0  sys.o ABSOLUTE
    SYSTEM\usart.c                           0x00000000   Number         0  usart.o ABSOLUTE
    USER\\main.cpp                           0x00000000   Number         0  main.o ABSOLUTE
    USER\\misc.c                             0x00000000   Number         0  misc.o ABSOLUTE
    USER\main.cpp                            0x00000000   Number         0  main.o ABSOLUTE
    USER\misc.c                              0x00000000   Number         0  misc.o ABSOLUTE
    app\\netserve.c                          0x00000000   Number         0  netserve.o ABSOLUTE
    app\netserve.c                           0x00000000   Number         0  netserve.o ABSOLUTE
    cdcmple.s                                0x00000000   Number         0  cdcmple.o ABSOLUTE
    cdrcmple.s                               0x00000000   Number         0  cdrcmple.o ABSOLUTE
    dc.s                                     0x00000000   Number         0  dc.o ABSOLUTE
    drive\\enc28j60.c                        0x00000000   Number         0  enc28j60.o ABSOLUTE
    drive\\ip_arp_udp_tcp.c                  0x00000000   Number         0  ip_arp_udp_tcp.o ABSOLUTE
    drive\enc28j60.c                         0x00000000   Number         0  enc28j60.o ABSOLUTE
    drive\ip_arp_udp_tcp.c                   0x00000000   Number         0  ip_arp_udp_tcp.o ABSOLUTE
    f:\Keil\ARM\PACK\Keil\STM32F1xx_DFP\2.0.0\Device\StdPeriph_Driver\src\stm32f10x_adc.c 0x00000000   Number         0  stm32f10x_adc.o ABSOLUTE
    f:\Keil\ARM\PACK\Keil\STM32F1xx_DFP\2.0.0\Device\StdPeriph_Driver\src\stm32f10x_exti.c 0x00000000   Number         0  stm32f10x_exti.o ABSOLUTE
    f:\Keil\ARM\PACK\Keil\STM32F1xx_DFP\2.0.0\Device\StdPeriph_Driver\src\stm32f10x_flash.c 0x00000000   Number         0  stm32f10x_flash.o ABSOLUTE
    f:\Keil\ARM\PACK\Keil\STM32F1xx_DFP\2.0.0\Device\StdPeriph_Driver\src\stm32f10x_fsmc.c 0x00000000   Number         0  stm32f10x_fsmc.o ABSOLUTE
    f:\Keil\ARM\PACK\Keil\STM32F1xx_DFP\2.0.0\Device\StdPeriph_Driver\src\stm32f10x_gpio.c 0x00000000   Number         0  stm32f10x_gpio.o ABSOLUTE
    f:\Keil\ARM\PACK\Keil\STM32F1xx_DFP\2.0.0\Device\StdPeriph_Driver\src\stm32f10x_rcc.c 0x00000000   Number         0  stm32f10x_rcc.o ABSOLUTE
    f:\Keil\ARM\PACK\Keil\STM32F1xx_DFP\2.0.0\Device\StdPeriph_Driver\src\stm32f10x_spi.c 0x00000000   Number         0  stm32f10x_spi.o ABSOLUTE
    f:\Keil\ARM\PACK\Keil\STM32F1xx_DFP\2.0.0\Device\StdPeriph_Driver\src\stm32f10x_tim.c 0x00000000   Number         0  stm32f10x_tim.o ABSOLUTE
    f:\Keil\ARM\PACK\Keil\STM32F1xx_DFP\2.0.0\Device\StdPeriph_Driver\src\stm32f10x_usart.c 0x00000000   Number         0  stm32f10x_usart.o ABSOLUTE
    f:\\Keil\\ARM\\PACK\\Keil\\STM32F1xx_DFP\\2.0.0\\Device\\StdPeriph_Driver\\src\\stm32f10x_adc.c 0x00000000   Number         0  stm32f10x_adc.o ABSOLUTE
    f:\\Keil\\ARM\\PACK\\Keil\\STM32F1xx_DFP\\2.0.0\\Device\\StdPeriph_Driver\\src\\stm32f10x_exti.c 0x00000000   Number         0  stm32f10x_exti.o ABSOLUTE
    f:\\Keil\\ARM\\PACK\\Keil\\STM32F1xx_DFP\\2.0.0\\Device\\StdPeriph_Driver\\src\\stm32f10x_flash.c 0x00000000   Number         0  stm32f10x_flash.o ABSOLUTE
    f:\\Keil\\ARM\\PACK\\Keil\\STM32F1xx_DFP\\2.0.0\\Device\\StdPeriph_Driver\\src\\stm32f10x_fsmc.c 0x00000000   Number         0  stm32f10x_fsmc.o ABSOLUTE
    f:\\Keil\\ARM\\PACK\\Keil\\STM32F1xx_DFP\\2.0.0\\Device\\StdPeriph_Driver\\src\\stm32f10x_gpio.c 0x00000000   Number         0  stm32f10x_gpio.o ABSOLUTE
    f:\\Keil\\ARM\\PACK\\Keil\\STM32F1xx_DFP\\2.0.0\\Device\\StdPeriph_Driver\\src\\stm32f10x_rcc.c 0x00000000   Number         0  stm32f10x_rcc.o ABSOLUTE
    f:\\Keil\\ARM\\PACK\\Keil\\STM32F1xx_DFP\\2.0.0\\Device\\StdPeriph_Driver\\src\\stm32f10x_spi.c 0x00000000   Number         0  stm32f10x_spi.o ABSOLUTE
    f:\\Keil\\ARM\\PACK\\Keil\\STM32F1xx_DFP\\2.0.0\\Device\\StdPeriph_Driver\\src\\stm32f10x_tim.c 0x00000000   Number         0  stm32f10x_tim.o ABSOLUTE
    f:\\Keil\\ARM\\PACK\\Keil\\STM32F1xx_DFP\\2.0.0\\Device\\StdPeriph_Driver\\src\\stm32f10x_usart.c 0x00000000   Number         0  stm32f10x_usart.o ABSOLUTE
    handlers.s                               0x00000000   Number         0  handlers.o ABSOLUTE
    hard\\bsp.c                              0x00000000   Number         0  bsp.o ABSOLUTE
    hard\\eeprom.c                           0x00000000   Number         0  eeprom.o ABSOLUTE
    hard\\key.c                              0x00000000   Number         0  key.o ABSOLUTE
    hard\\lcd.c                              0x00000000   Number         0  lcd.o ABSOLUTE
    hard\\spi_enc28j60.c                     0x00000000   Number         0  spi_enc28j60.o ABSOLUTE
    hard\\time.c                             0x00000000   Number         0  time.o ABSOLUTE
    hard\\touch.c                            0x00000000   Number         0  touch.o ABSOLUTE
    hard\bsp.c                               0x00000000   Number         0  bsp.o ABSOLUTE
    hard\eeprom.c                            0x00000000   Number         0  eeprom.o ABSOLUTE
    hard\key.c                               0x00000000   Number         0  key.o ABSOLUTE
    hard\lcd.c                               0x00000000   Number         0  lcd.o ABSOLUTE
    hard\spi_enc28j60.c                      0x00000000   Number         0  spi_enc28j60.o ABSOLUTE
    hard\time.c                              0x00000000   Number         0  time.o ABSOLUTE
    hard\touch.c                             0x00000000   Number         0  touch.o ABSOLUTE
    init.s                                   0x00000000   Number         0  init.o ABSOLUTE
    RESET                                    0x08000000   Section      304  startup_stm32f10x_hd.o(RESET)
    .ARM.Collect$$$$00000000                 0x08000130   Section        0  entry.o(.ARM.Collect$$$$00000000)
    .ARM.Collect$$$$00000001                 0x08000130   Section        4  entry2.o(.ARM.Collect$$$$00000001)
    .ARM.Collect$$$$00000004                 0x08000134   Section        4  entry5.o(.ARM.Collect$$$$00000004)
    .ARM.Collect$$$$00000008                 0x08000138   Section        0  entry7b.o(.ARM.Collect$$$$00000008)
    .ARM.Collect$$$$00000009                 0x08000138   Section        4  entry8a.o(.ARM.Collect$$$$00000009)
    .ARM.Collect$$$$0000000A                 0x0800013c   Section        0  entry8b.o(.ARM.Collect$$$$0000000A)
    .ARM.Collect$$$$0000000B                 0x0800013c   Section        8  entry9a.o(.ARM.Collect$$$$0000000B)
    .ARM.Collect$$$$0000000D                 0x08000144   Section        0  entry10a.o(.ARM.Collect$$$$0000000D)
    .ARM.Collect$$$$0000000F                 0x08000144   Section        0  entry11a.o(.ARM.Collect$$$$0000000F)
    .ARM.Collect$$$$00002712                 0x08000144   Section        4  entry2.o(.ARM.Collect$$$$00002712)
    __lit__00000000                          0x08000144   Data           4  entry2.o(.ARM.Collect$$$$00002712)
    .text                                    0x08000148   Section       36  startup_stm32f10x_hd.o(.text)
    .text                                    0x0800016c   Section        0  strlen.o(.text)
    .text                                    0x0800017c   Section        0  cpp_init.o(.text)
    .text                                    0x0800019c   Section        0  fadd.o(.text)
    .text                                    0x0800024c   Section        0  fmul.o(.text)
    .text                                    0x080002b0   Section        0  fdiv.o(.text)
    .text                                    0x0800032c   Section        0  fflti.o(.text)
    .text                                    0x0800033e   Section        0  ffltui.o(.text)
    .text                                    0x08000348   Section        0  dfltui.o(.text)
    .text                                    0x08000362   Section        0  ffixi.o(.text)
    .text                                    0x08000394   Section        0  ffixui.o(.text)
    .text                                    0x080003bc   Section        0  dfixui.o(.text)
    .text                                    0x080003ee   Section        0  f2d.o(.text)
    .text                                    0x08000414   Section       48  cdcmple.o(.text)
    .text                                    0x08000444   Section       48  cdrcmple.o(.text)
    .text                                    0x08000474   Section        0  uldiv.o(.text)
    .text                                    0x080004d6   Section        0  llushr.o(.text)
    .text                                    0x080004f6   Section        0  fepilogue.o(.text)
    .text                                    0x080004f6   Section        0  iusefp.o(.text)
    .text                                    0x08000564   Section        0  depilogue.o(.text)
    .text                                    0x0800061e   Section        0  dsqrt.o(.text)
    .text                                    0x080006c0   Section       36  init.o(.text)
    .text                                    0x080006e4   Section        0  llshl.o(.text)
    i.Draw_Circle                            0x08000702   Section        0  lcd.o(i.Draw_Circle)
    i.EE_FindValidPage                       0x0800079c   Section        0  eeprom.o(i.EE_FindValidPage)
    EE_FindValidPage                         0x0800079d   Thumb Code    80  eeprom.o(i.EE_FindValidPage)
    i.EE_Format                              0x080007f4   Section        0  eeprom.o(i.EE_Format)
    EE_Format                                0x080007f5   Thumb Code    50  eeprom.o(i.EE_Format)
    i.EE_INIT                                0x08000830   Section        0  bsp.o(i.EE_INIT)
    i.EE_Init                                0x08000838   Section        0  eeprom.o(i.EE_Init)
    i.EE_PageTransfer                        0x08000848   Section        0  eeprom.o(i.EE_PageTransfer)
    EE_PageTransfer                          0x08000849   Thumb Code   224  eeprom.o(i.EE_PageTransfer)
    i.EE_ReadVariable                        0x0800093c   Section        0  eeprom.o(i.EE_ReadVariable)
    i.EE_Read_Byte                           0x080009a4   Section        0  bsp.o(i.EE_Read_Byte)
    i.EE_Read_Word                           0x080009c0   Section        0  bsp.o(i.EE_Read_Word)
    i.EE_VerifyPageFullWriteVariable         0x080009f4   Section        0  eeprom.o(i.EE_VerifyPageFullWriteVariable)
    EE_VerifyPageFullWriteVariable           0x080009f5   Thumb Code   122  eeprom.o(i.EE_VerifyPageFullWriteVariable)
    i.EE_WriteVariable                       0x08000a7c   Section        0  eeprom.o(i.EE_WriteVariable)
    i.EE_Write_Byte                          0x08000aa0   Section        0  bsp.o(i.EE_Write_Byte)
    i.EE_Write_Word                          0x08000ab8   Section        0  bsp.o(i.EE_Write_Word)
    i.FLASH_ErasePage                        0x08000af0   Section        0  stm32f10x_flash.o(i.FLASH_ErasePage)
    i.FLASH_GetBank1Status                   0x08000b3c   Section        0  stm32f10x_flash.o(i.FLASH_GetBank1Status)
    i.FLASH_ProgramHalfWord                  0x08000b70   Section        0  stm32f10x_flash.o(i.FLASH_ProgramHalfWord)
    i.FLASH_Unlock                           0x08000bb0   Section        0  stm32f10x_flash.o(i.FLASH_Unlock)
    i.FLASH_WaitForLastOperation             0x08000bc8   Section        0  stm32f10x_flash.o(i.FLASH_WaitForLastOperation)
    i.FSMC_NORSRAMCmd                        0x08000bf0   Section        0  stm32f10x_fsmc.o(i.FSMC_NORSRAMCmd)
    i.FSMC_NORSRAMInit                       0x08000c24   Section        0  stm32f10x_fsmc.o(i.FSMC_NORSRAMInit)
    i.GPIO_Init                              0x08000d0a   Section        0  stm32f10x_gpio.o(i.GPIO_Init)
    i.GPIO_ReadInputDataBit                  0x08000e20   Section        0  stm32f10x_gpio.o(i.GPIO_ReadInputDataBit)
    i.GPIO_SetBits                           0x08000e32   Section        0  stm32f10x_gpio.o(i.GPIO_SetBits)
    i.IPandARP_Serve                         0x08000e38   Section        0  netserve.o(i.IPandARP_Serve)
    i.InitCurrWrAddress                      0x08000e84   Section        0  eeprom.o(i.InitCurrWrAddress)
    i.KEY_Init                               0x08000ee8   Section        0  key.o(i.KEY_Init)
    i.KEY_Scan                               0x08000f24   Section        0  key.o(i.KEY_Scan)
    i.LCD_Clear                              0x08000fec   Section        0  lcd.o(i.LCD_Clear)
    i.LCD_Display_Dir                        0x08001058   Section        0  lcd.o(i.LCD_Display_Dir)
    i.LCD_DrawLine                           0x08001200   Section        0  lcd.o(i.LCD_DrawLine)
    i.LCD_DrawPoint                          0x080012b0   Section        0  lcd.o(i.LCD_DrawPoint)
    i.LCD_Init                               0x080012d4   Section        0  lcd.o(i.LCD_Init)
    i.LCD_Pow                                0x080049e8   Section        0  lcd.o(i.LCD_Pow)
    i.LCD_RD_DATA                            0x08004a00   Section        0  lcd.o(i.LCD_RD_DATA)
    i.LCD_ReadReg                            0x08004a0c   Section        0  lcd.o(i.LCD_ReadReg)
    i.LCD_Scan_Dir                           0x08004a24   Section        0  lcd.o(i.LCD_Scan_Dir)
    i.LCD_SetCursor                          0x08004cec   Section        0  lcd.o(i.LCD_SetCursor)
    i.LCD_ShowChar                           0x08004df8   Section        0  lcd.o(i.LCD_ShowChar)
    i.LCD_ShowNum                            0x08004f60   Section        0  lcd.o(i.LCD_ShowNum)
    i.LCD_ShowString                         0x08004ff4   Section        0  lcd.o(i.LCD_ShowString)
    i.LCD_WR_DATA                            0x0800505c   Section        0  lcd.o(i.LCD_WR_DATA)
    i.LCD_WR_REG                             0x08005068   Section        0  lcd.o(i.LCD_WR_REG)
    i.LCD_WriteRAM_Prepare                   0x08005074   Section        0  lcd.o(i.LCD_WriteRAM_Prepare)
    i.LCD_WriteReg                           0x08005088   Section        0  lcd.o(i.LCD_WriteReg)
    i.Load_Drow_Dialog                       0x08005098   Section        0  lcd.o(i.Load_Drow_Dialog)
    i.NVIC_Init                              0x080050d8   Section        0  misc.o(i.NVIC_Init)
    i.NVIC_PriorityGroupConfig               0x08005148   Section        0  misc.o(i.NVIC_PriorityGroupConfig)
    i.Ping_Serve                             0x0800515c   Section        0  netserve.o(i.Ping_Serve)
    i.RCC_AHBPeriphClockCmd                  0x0800518c   Section        0  stm32f10x_rcc.o(i.RCC_AHBPeriphClockCmd)
    i.RCC_APB1PeriphClockCmd                 0x080051ac   Section        0  stm32f10x_rcc.o(i.RCC_APB1PeriphClockCmd)
    i.RCC_APB2PeriphClockCmd                 0x080051cc   Section        0  stm32f10x_rcc.o(i.RCC_APB2PeriphClockCmd)
    i.RCC_GetClocksFreq                      0x080051ec   Section        0  stm32f10x_rcc.o(i.RCC_GetClocksFreq)
    i.SPI1_ReadWrite                         0x080052c0   Section        0  spi_enc28j60.o(i.SPI1_ReadWrite)
    i.SPI_Cmd                                0x080052f8   Section        0  stm32f10x_spi.o(i.SPI_Cmd)
    i.SPI_Enc28j60_Init                      0x08005310   Section        0  spi_enc28j60.o(i.SPI_Enc28j60_Init)
    i.SPI_I2S_GetFlagStatus                  0x080053ac   Section        0  stm32f10x_spi.o(i.SPI_I2S_GetFlagStatus)
    i.SPI_I2S_ReceiveData                    0x080053be   Section        0  stm32f10x_spi.o(i.SPI_I2S_ReceiveData)
    i.SPI_I2S_SendData                       0x080053c4   Section        0  stm32f10x_spi.o(i.SPI_I2S_SendData)
    i.SPI_Init                               0x080053c8   Section        0  stm32f10x_spi.o(i.SPI_Init)
    i.SendPacket                             0x08005404   Section        0  netserve.o(i.SendPacket)
    i.SetSysClock                            0x0800542c   Section        0  system_stm32f10x.o(i.SetSysClock)
    SetSysClock                              0x0800542d   Thumb Code     8  system_stm32f10x.o(i.SetSysClock)
    i.SetSysClockTo72                        0x08005434   Section        0  system_stm32f10x.o(i.SetSysClockTo72)
    SetSysClockTo72                          0x08005435   Thumb Code   214  system_stm32f10x.o(i.SetSysClockTo72)
    i.SysTick_CLKSourceConfig                0x08005514   Section        0  misc.o(i.SysTick_CLKSourceConfig)
    i.SystemInit                             0x0800553c   Section        0  system_stm32f10x.o(i.SystemInit)
    i.TIM3_IRQHandler                        0x0800559c   Section        0  time.o(i.TIM3_IRQHandler)
    i.TIM3_Init                              0x080055c8   Section        0  time.o(i.TIM3_Init)
    i.TIM_ClearITPendingBit                  0x08005628   Section        0  stm32f10x_tim.o(i.TIM_ClearITPendingBit)
    i.TIM_Cmd                                0x0800562e   Section        0  stm32f10x_tim.o(i.TIM_Cmd)
    i.TIM_ITConfig                           0x08005646   Section        0  stm32f10x_tim.o(i.TIM_ITConfig)
    i.TIM_TimeBaseInit                       0x08005658   Section        0  stm32f10x_tim.o(i.TIM_TimeBaseInit)
    i.TP_Adj_Info_Show                       0x080056fc   Section        0  touch.o(i.TP_Adj_Info_Show)
    i.TP_Adjust                              0x080058a4   Section        0  touch.o(i.TP_Adjust)
    i.TP_Draw_Big_Point                      0x080060f8   Section        0  touch.o(i.TP_Draw_Big_Point)
    i.TP_Drow_Touch_Point                    0x08006134   Section        0  touch.o(i.TP_Drow_Touch_Point)
    i.TP_Get_Adjdata                         0x080061a4   Section        0  touch.o(i.TP_Get_Adjdata)
    i.TP_Init                                0x08006244   Section        0  touch.o(i.TP_Init)
    i.TP_Read_AD                             0x080062f0   Section        0  touch.o(i.TP_Read_AD)
    i.TP_Read_XOY                            0x0800637c   Section        0  touch.o(i.TP_Read_XOY)
    i.TP_Read_XY                             0x080063f4   Section        0  touch.o(i.TP_Read_XY)
    i.TP_Read_XY2                            0x08006424   Section        0  touch.o(i.TP_Read_XY2)
    i.TP_Save_Adjdata                        0x080064e4   Section        0  touch.o(i.TP_Save_Adjdata)
    i.TP_Scan                                0x08006558   Section        0  touch.o(i.TP_Scan)
    i.TP_Write_Byte                          0x08006668   Section        0  touch.o(i.TP_Write_Byte)
    i.UDP_Serve                              0x080066ac   Section        0  netserve.o(i.UDP_Serve)
    i.USART1_IRQHandler                      0x0800677c   Section        0  usart.o(i.USART1_IRQHandler)
    i.USART_Cmd                              0x08006804   Section        0  stm32f10x_usart.o(i.USART_Cmd)
    i.USART_GetITStatus                      0x0800681c   Section        0  stm32f10x_usart.o(i.USART_GetITStatus)
    i.USART_ITConfig                         0x08006870   Section        0  stm32f10x_usart.o(i.USART_ITConfig)
    i.USART_Init                             0x080068bc   Section        0  stm32f10x_usart.o(i.USART_Init)
    i.USART_ReceiveData                      0x08006994   Section        0  stm32f10x_usart.o(i.USART_ReceiveData)
    i._Z8Sys_Initv                           0x080069a0   Section        0  main.o(i._Z8Sys_Initv)
    i._Z8rtp_testv                           0x080069fc   Section        0  main.o(i._Z8rtp_testv)
    i._ZN10SerialPortC1Ei                    0x08006aa0   Section        0  serialport.o(i._ZN10SerialPortC1Ei)
    i._ZN3Led2onEv                           0x08006ab0   Section        0  led.o(i._ZN3Led2onEv)
    i._ZN3Led3offEv                          0x08006ab8   Section        0  led.o(i._ZN3Led3offEv)
    i._ZN3Led8overturnEv                     0x08006ac0   Section        0  led.o(i._ZN3Led8overturnEv)
    i._ZN3LedC1EP12GPIO_TypeDefi             0x08006ae0   Section        0  led.o(i._ZN3LedC1EP12GPIO_TypeDefi)
    i.__0printf$5                            0x08006b80   Section        0  printf5.o(i.__0printf$5)
    i.__EE_Init                              0x08006ba0   Section        0  eeprom.o(i.__EE_Init)
    i.__scatterload_copy                     0x08006d9c   Section       14  handlers.o(i.__scatterload_copy)
    i.__scatterload_null                     0x08006daa   Section        2  handlers.o(i.__scatterload_null)
    i.__scatterload_zeroinit                 0x08006dac   Section       14  handlers.o(i.__scatterload_zeroinit)
    i.__set_errno                            0x08006dbc   Section        0  errno.o(i.__set_errno)
    i.__sti___8_main_cpp_DS0                 0x08006dc8   Section        0  main.o(i.__sti___8_main_cpp_DS0)
    __sti___8_main_cpp_DS0                   0x08006dc9   Thumb Code    24  main.o(i.__sti___8_main_cpp_DS0)
    i._printf_core                           0x08006df0   Section        0  printf5.o(i._printf_core)
    _printf_core                             0x08006df1   Thumb Code   658  printf5.o(i._printf_core)
    i.checksum                               0x080070b0   Section        0  ip_arp_udp_tcp.o(i.checksum)
    i.delay_init                             0x08007104   Section        0  delay.o(i.delay_init)
    i.delay_ms                               0x08007148   Section        0  delay.o(i.delay_ms)
    i.delay_us                               0x08007194   Section        0  delay.o(i.delay_us)
    i.enc28j60Init                           0x080071e0   Section        0  enc28j60.o(i.enc28j60Init)
    i.enc28j60PacketReceive                  0x0800732c   Section        0  enc28j60.o(i.enc28j60PacketReceive)
    i.enc28j60PacketSend                     0x080073ec   Section        0  enc28j60.o(i.enc28j60PacketSend)
    i.enc28j60PhyWrite                       0x08007452   Section        0  enc28j60.o(i.enc28j60PhyWrite)
    i.enc28j60Read                           0x08007484   Section        0  enc28j60.o(i.enc28j60Read)
    i.enc28j60ReadBuffer                     0x08007498   Section        0  enc28j60.o(i.enc28j60ReadBuffer)
    i.enc28j60ReadOp                         0x080074d0   Section        0  enc28j60.o(i.enc28j60ReadOp)
    i.enc28j60SetBank                        0x08007514   Section        0  enc28j60.o(i.enc28j60SetBank)
    i.enc28j60Write                          0x08007548   Section        0  enc28j60.o(i.enc28j60Write)
    i.enc28j60WriteBuffer                    0x08007560   Section        0  enc28j60.o(i.enc28j60WriteBuffer)
    i.enc28j60WriteOp                        0x08007590   Section        0  enc28j60.o(i.enc28j60WriteOp)
    i.eth_type_is_arp_and_my_ip              0x080075c8   Section        0  ip_arp_udp_tcp.o(i.eth_type_is_arp_and_my_ip)
    i.eth_type_is_ip_and_my_ip               0x0800760c   Section        0  ip_arp_udp_tcp.o(i.eth_type_is_ip_and_my_ip)
    i.fill_ip_hdr_checksum                   0x08007658   Section        0  ip_arp_udp_tcp.o(i.fill_ip_hdr_checksum)
    i.fputc                                  0x08007684   Section        0  usart.o(i.fputc)
    i.init_ip_arp_udp_tcp                    0x080076a0   Section        0  ip_arp_udp_tcp.o(i.init_ip_arp_udp_tcp)
    i.main                                   0x080076dc   Section        0  main.o(i.main)
    i.make_arp_answer_from_request           0x08007804   Section        0  ip_arp_udp_tcp.o(i.make_arp_answer_from_request)
    i.make_echo_reply_from_request           0x08007868   Section        0  ip_arp_udp_tcp.o(i.make_echo_reply_from_request)
    i.make_eth                               0x080078a8   Section        0  ip_arp_udp_tcp.o(i.make_eth)
    i.make_ip                                0x080078cc   Section        0  ip_arp_udp_tcp.o(i.make_ip)
    i.make_udp_reply_from_request            0x080078fc   Section        0  ip_arp_udp_tcp.o(i.make_udp_reply_from_request)
    i.sqrt                                   0x08007984   Section        0  sqrt.o(i.sqrt)
    i.uart_init                              0x080079d0   Section        0  usart.o(i.uart_init)
    .constdata                               0x08007a70   Section     2660  lcd.o(.constdata)
    .conststring                             0x080084d4   Section      121  touch.o(.conststring)
    .init_array                              0x08008570   Section        4  main.o(.init_array)
    .init_array                              0x08008574   Section        0  cpp_init.o(.init_array)
    .data                                    0x20000000   Section        4  delay.o(.data)
    fac_us                                   0x20000000   Data           1  delay.o(.data)
    fac_ms                                   0x20000002   Data           2  delay.o(.data)
    .data                                    0x20000004   Section        6  usart.o(.data)
    .data                                    0x2000000a   Section        4  lcd.o(.data)
    .data                                    0x20000010   Section       60  touch.o(.data)
    .data                                    0x2000004c   Section       30  bsp.o(.data)
    .data                                    0x2000006c   Section        8  eeprom.o(.data)
    .data                                    0x20000074   Section        1  key.o(.data)
    key_up                                   0x20000074   Data           1  key.o(.data)
    .data                                    0x20000078   Section       24  enc28j60.o(.data)
    Enc28j60Bank                             0x20000078   Data           1  enc28j60.o(.data)
    NextPacketPtr                            0x2000007c   Data           4  enc28j60.o(.data)
    .data                                    0x20000090   Section       21  ip_arp_udp_tcp.o(.data)
    wwwport                                  0x20000090   Data           1  ip_arp_udp_tcp.o(.data)
    macaddr                                  0x20000091   Data           6  ip_arp_udp_tcp.o(.data)
    ipaddr                                   0x20000097   Data           4  ip_arp_udp_tcp.o(.data)
    info_hdr_len                             0x2000009c   Data           4  ip_arp_udp_tcp.o(.data)
    info_data_len                            0x200000a0   Data           4  ip_arp_udp_tcp.o(.data)
    seqnum                                   0x200000a4   Data           1  ip_arp_udp_tcp.o(.data)
    .data                                    0x200000a8   Section        4  netserve.o(.data)
    .data                                    0x200000ac   Section       20  system_stm32f10x.o(.data)
    .data                                    0x200000c0   Section       20  stm32f10x_rcc.o(.data)
    APBAHBPrescTable                         0x200000c0   Data          16  stm32f10x_rcc.o(.data)
    ADCPrescTable                            0x200000d0   Data           4  stm32f10x_rcc.o(.data)
    .data                                    0x200000d4   Section        4  errno.o(.data)
    _errno                                   0x200000d4   Data           4  errno.o(.data)
    .bss                                     0x200000d8   Section       24  main.o(.bss)
    .bss                                     0x200000f0   Section      200  usart.o(.bss)
    .bss                                     0x200001b8   Section       14  lcd.o(.bss)
    .bss                                     0x200001c6   Section     1501  netserve.o(.bss)
    STACK                                    0x200007a8   Section     1024  startup_stm32f10x_hd.o(STACK)

    Global Symbols

    Symbol Name                              Value     Ov Type        Size  Object(Section)

    BuildAttributes$$THM_ISAv4$P$D$K$B$S$PE$A:L22UL41UL21$X:L11$S22US41US21$IEEE1$IW$USESV6$~STKCKD$USESV7$~SHL$OTIME$ROPI$IEEEJ$EBA8$MICROLIB$REQ8$PRES8$EABIv2 0x00000000   Number         0  anon$$obj.o ABSOLUTE
    __ARM_use_no_argv                        0x00000000   Number         0  main.o ABSOLUTE
    __use_no_errno                           0x00000000   Number         0  useno.o ABSOLUTE
    __use_no_exception_handling              0x00000000   Number         0  useno.o ABSOLUTE
    __use_no_fp                              0x00000000   Number         0  useno.o ABSOLUTE
    __use_no_heap                            0x00000000   Number         0  useno.o ABSOLUTE
    __use_no_heap_region                     0x00000000   Number         0  useno.o ABSOLUTE
    __use_no_semihosting                     0x00000000   Number         0  useno.o ABSOLUTE
    __use_no_semihosting_swi                 0x00000000   Number         0  useno.o ABSOLUTE
    __use_no_signal_handling                 0x00000000   Number         0  useno.o ABSOLUTE
    _printf_a                                0x00000000   Number         0  stubs.o ABSOLUTE
    _printf_c                                0x00000000   Number         0  stubs.o ABSOLUTE
    _printf_charcount                        0x00000000   Number         0  stubs.o ABSOLUTE
    _printf_d                                0x00000000   Number         0  stubs.o ABSOLUTE
    _printf_e                                0x00000000   Number         0  stubs.o ABSOLUTE
    _printf_f                                0x00000000   Number         0  stubs.o ABSOLUTE
    _printf_flags                            0x00000000   Number         0  stubs.o ABSOLUTE
    _printf_fp_dec                           0x00000000   Number         0  stubs.o ABSOLUTE
    _printf_fp_hex                           0x00000000   Number         0  stubs.o ABSOLUTE
    _printf_g                                0x00000000   Number         0  stubs.o ABSOLUTE
    _printf_i                                0x00000000   Number         0  stubs.o ABSOLUTE
    _printf_int_dec                          0x00000000   Number         0  stubs.o ABSOLUTE
    _printf_l                                0x00000000   Number         0  stubs.o ABSOLUTE
    _printf_lc                               0x00000000   Number         0  stubs.o ABSOLUTE
    _printf_ll                               0x00000000   Number         0  stubs.o ABSOLUTE
    _printf_lld                              0x00000000   Number         0  stubs.o ABSOLUTE
    _printf_lli                              0x00000000   Number         0  stubs.o ABSOLUTE
    _printf_llo                              0x00000000   Number         0  stubs.o ABSOLUTE
    _printf_llu                              0x00000000   Number         0  stubs.o ABSOLUTE
    _printf_llx                              0x00000000   Number         0  stubs.o ABSOLUTE
    _printf_longlong_dec                     0x00000000   Number         0  stubs.o ABSOLUTE
    _printf_longlong_hex                     0x00000000   Number         0  stubs.o ABSOLUTE
    _printf_longlong_oct                     0x00000000   Number         0  stubs.o ABSOLUTE
    _printf_ls                               0x00000000   Number         0  stubs.o ABSOLUTE
    _printf_mbtowc                           0x00000000   Number         0  stubs.o ABSOLUTE
    _printf_n                                0x00000000   Number         0  stubs.o ABSOLUTE
    _printf_o                                0x00000000   Number         0  stubs.o ABSOLUTE
    _printf_p                                0x00000000   Number         0  stubs.o ABSOLUTE
    _printf_percent                          0x00000000   Number         0  stubs.o ABSOLUTE
    _printf_pre_padding                      0x00000000   Number         0  stubs.o ABSOLUTE
    _printf_return_value                     0x00000000   Number         0  stubs.o ABSOLUTE
    _printf_s                                0x00000000   Number         0  stubs.o ABSOLUTE
    _printf_sizespec                         0x00000000   Number         0  stubs.o ABSOLUTE
    _printf_str                              0x00000000   Number         0  stubs.o ABSOLUTE
    _printf_truncate_signed                  0x00000000   Number         0  stubs.o ABSOLUTE
    _printf_truncate_unsigned                0x00000000   Number         0  stubs.o ABSOLUTE
    _printf_u                                0x00000000   Number         0  stubs.o ABSOLUTE
    _printf_wc                               0x00000000   Number         0  stubs.o ABSOLUTE
    _printf_wctomb                           0x00000000   Number         0  stubs.o ABSOLUTE
    _printf_widthprec                        0x00000000   Number         0  stubs.o ABSOLUTE
    _printf_x                                0x00000000   Number         0  stubs.o ABSOLUTE
    __cxa_finalize                            - Undefined Weak Reference
    __decompress                              - Undefined Weak Reference
    _clock_init                               - Undefined Weak Reference
    _microlib_exit                            - Undefined Weak Reference
    __Vectors_Size                           0x00000130   Number         0  startup_stm32f10x_hd.o ABSOLUTE
    __Vectors                                0x08000000   Data           4  startup_stm32f10x_hd.o(RESET)
    __Vectors_End                            0x08000130   Data           0  startup_stm32f10x_hd.o(RESET)
    __main                                   0x08000131   Thumb Code     0  entry.o(.ARM.Collect$$$$00000000)
    _main_stk                                0x08000131   Thumb Code     0  entry2.o(.ARM.Collect$$$$00000001)
    _main_scatterload                        0x08000135   Thumb Code     0  entry5.o(.ARM.Collect$$$$00000004)
    __main_after_scatterload                 0x08000139   Thumb Code     0  entry5.o(.ARM.Collect$$$$00000004)
    _main_clock                              0x08000139   Thumb Code     0  entry7b.o(.ARM.Collect$$$$00000008)
    _main_cpp_init$empty                     0x08000139   Thumb Code     0  entry8a.o(.ARM.Collect$$$$00000009)
    _main_cpp_init                           0x0800013d   Thumb Code     0  entry8b.o(.ARM.Collect$$$$0000000A)
    _main_init                               0x0800013d   Thumb Code     0  entry9a.o(.ARM.Collect$$$$0000000B)
    __rt_final_cpp                           0x08000145   Thumb Code     0  entry10a.o(.ARM.Collect$$$$0000000D)
    __rt_final_exit                          0x08000145   Thumb Code     0  entry11a.o(.ARM.Collect$$$$0000000F)
    Reset_Handler                            0x08000149   Thumb Code     8  startup_stm32f10x_hd.o(.text)
    NMI_Handler                              0x08000151   Thumb Code     2  startup_stm32f10x_hd.o(.text)
    HardFault_Handler                        0x08000153   Thumb Code     2  startup_stm32f10x_hd.o(.text)
    MemManage_Handler                        0x08000155   Thumb Code     2  startup_stm32f10x_hd.o(.text)
    BusFault_Handler                         0x08000157   Thumb Code     2  startup_stm32f10x_hd.o(.text)
    UsageFault_Handler                       0x08000159   Thumb Code     2  startup_stm32f10x_hd.o(.text)
    SVC_Handler                              0x0800015b   Thumb Code     2  startup_stm32f10x_hd.o(.text)
    DebugMon_Handler                         0x0800015d   Thumb Code     2  startup_stm32f10x_hd.o(.text)
    PendSV_Handler                           0x0800015f   Thumb Code     2  startup_stm32f10x_hd.o(.text)
    SysTick_Handler                          0x08000161   Thumb Code     2  startup_stm32f10x_hd.o(.text)
    ADC1_2_IRQHandler                        0x08000163   Thumb Code     0  startup_stm32f10x_hd.o(.text)
    ADC3_IRQHandler                          0x08000163   Thumb Code     0  startup_stm32f10x_hd.o(.text)
    CAN1_RX1_IRQHandler                      0x08000163   Thumb Code     0  startup_stm32f10x_hd.o(.text)
    CAN1_SCE_IRQHandler                      0x08000163   Thumb Code     0  startup_stm32f10x_hd.o(.text)
    DMA1_Channel1_IRQHandler                 0x08000163   Thumb Code     0  startup_stm32f10x_hd.o(.text)
    DMA1_Channel2_IRQHandler                 0x08000163   Thumb Code     0  startup_stm32f10x_hd.o(.text)
    DMA1_Channel3_IRQHandler                 0x08000163   Thumb Code     0  startup_stm32f10x_hd.o(.text)
    DMA1_Channel4_IRQHandler                 0x08000163   Thumb Code     0  startup_stm32f10x_hd.o(.text)
    DMA1_Channel5_IRQHandler                 0x08000163   Thumb Code     0  startup_stm32f10x_hd.o(.text)
    DMA1_Channel6_IRQHandler                 0x08000163   Thumb Code     0  startup_stm32f10x_hd.o(.text)
    DMA1_Channel7_IRQHandler                 0x08000163   Thumb Code     0  startup_stm32f10x_hd.o(.text)
    DMA2_Channel1_IRQHandler                 0x08000163   Thumb Code     0  startup_stm32f10x_hd.o(.text)
    DMA2_Channel2_IRQHandler                 0x08000163   Thumb Code     0  startup_stm32f10x_hd.o(.text)
    DMA2_Channel3_IRQHandler                 0x08000163   Thumb Code     0  startup_stm32f10x_hd.o(.text)
    DMA2_Channel4_5_IRQHandler               0x08000163   Thumb Code     0  startup_stm32f10x_hd.o(.text)
    EXTI0_IRQHandler                         0x08000163   Thumb Code     0  startup_stm32f10x_hd.o(.text)
    EXTI15_10_IRQHandler                     0x08000163   Thumb Code     0  startup_stm32f10x_hd.o(.text)
    EXTI1_IRQHandler                         0x08000163   Thumb Code     0  startup_stm32f10x_hd.o(.text)
    EXTI2_IRQHandler                         0x08000163   Thumb Code     0  startup_stm32f10x_hd.o(.text)
    EXTI3_IRQHandler                         0x08000163   Thumb Code     0  startup_stm32f10x_hd.o(.text)
    EXTI4_IRQHandler                         0x08000163   Thumb Code     0  startup_stm32f10x_hd.o(.text)
    EXTI9_5_IRQHandler                       0x08000163   Thumb Code     0  startup_stm32f10x_hd.o(.text)
    FLASH_IRQHandler                         0x08000163   Thumb Code     0  startup_stm32f10x_hd.o(.text)
    FSMC_IRQHandler                          0x08000163   Thumb Code     0  startup_stm32f10x_hd.o(.text)
    I2C1_ER_IRQHandler                       0x08000163   Thumb Code     0  startup_stm32f10x_hd.o(.text)
    I2C1_EV_IRQHandler                       0x08000163   Thumb Code     0  startup_stm32f10x_hd.o(.text)
    I2C2_ER_IRQHandler                       0x08000163   Thumb Code     0  startup_stm32f10x_hd.o(.text)
    I2C2_EV_IRQHandler                       0x08000163   Thumb Code     0  startup_stm32f10x_hd.o(.text)
    PVD_IRQHandler                           0x08000163   Thumb Code     0  startup_stm32f10x_hd.o(.text)
    RCC_IRQHandler                           0x08000163   Thumb Code     0  startup_stm32f10x_hd.o(.text)
    RTCAlarm_IRQHandler                      0x08000163   Thumb Code     0  startup_stm32f10x_hd.o(.text)
    RTC_IRQHandler                           0x08000163   Thumb Code     0  startup_stm32f10x_hd.o(.text)
    SDIO_IRQHandler                          0x08000163   Thumb Code     0  startup_stm32f10x_hd.o(.text)
    SPI1_IRQHandler                          0x08000163   Thumb Code     0  startup_stm32f10x_hd.o(.text)
    SPI2_IRQHandler                          0x08000163   Thumb Code     0  startup_stm32f10x_hd.o(.text)
    SPI3_IRQHandler                          0x08000163   Thumb Code     0  startup_stm32f10x_hd.o(.text)
    TAMPER_IRQHandler                        0x08000163   Thumb Code     0  startup_stm32f10x_hd.o(.text)
    TIM1_BRK_IRQHandler                      0x08000163   Thumb Code     0  startup_stm32f10x_hd.o(.text)
    TIM1_CC_IRQHandler                       0x08000163   Thumb Code     0  startup_stm32f10x_hd.o(.text)
    TIM1_TRG_COM_IRQHandler                  0x08000163   Thumb Code     0  startup_stm32f10x_hd.o(.text)
    TIM1_UP_IRQHandler                       0x08000163   Thumb Code     0  startup_stm32f10x_hd.o(.text)
    TIM2_IRQHandler                          0x08000163   Thumb Code     0  startup_stm32f10x_hd.o(.text)
    TIM4_IRQHandler                          0x08000163   Thumb Code     0  startup_stm32f10x_hd.o(.text)
    TIM5_IRQHandler                          0x08000163   Thumb Code     0  startup_stm32f10x_hd.o(.text)
    TIM6_IRQHandler                          0x08000163   Thumb Code     0  startup_stm32f10x_hd.o(.text)
    TIM7_IRQHandler                          0x08000163   Thumb Code     0  startup_stm32f10x_hd.o(.text)
    TIM8_BRK_IRQHandler                      0x08000163   Thumb Code     0  startup_stm32f10x_hd.o(.text)
    TIM8_CC_IRQHandler                       0x08000163   Thumb Code     0  startup_stm32f10x_hd.o(.text)
    TIM8_TRG_COM_IRQHandler                  0x08000163   Thumb Code     0  startup_stm32f10x_hd.o(.text)
    TIM8_UP_IRQHandler                       0x08000163   Thumb Code     0  startup_stm32f10x_hd.o(.text)
    UART4_IRQHandler                         0x08000163   Thumb Code     0  startup_stm32f10x_hd.o(.text)
    UART5_IRQHandler                         0x08000163   Thumb Code     0  startup_stm32f10x_hd.o(.text)
    USART2_IRQHandler                        0x08000163   Thumb Code     0  startup_stm32f10x_hd.o(.text)
    USART3_IRQHandler                        0x08000163   Thumb Code     0  startup_stm32f10x_hd.o(.text)
    USBWakeUp_IRQHandler                     0x08000163   Thumb Code     0  startup_stm32f10x_hd.o(.text)
    USB_HP_CAN1_TX_IRQHandler                0x08000163   Thumb Code     0  startup_stm32f10x_hd.o(.text)
    USB_LP_CAN1_RX0_IRQHandler               0x08000163   Thumb Code     0  startup_stm32f10x_hd.o(.text)
    WWDG_IRQHandler                          0x08000163   Thumb Code     0  startup_stm32f10x_hd.o(.text)
    strlen                                   0x0800016d   Thumb Code    14  strlen.o(.text)
    __cpp_initialize__aeabi_                 0x0800017d   Thumb Code    22  cpp_init.o(.text)
    __aeabi_fadd                             0x0800019d   Thumb Code   164  fadd.o(.text)
    __aeabi_fsub                             0x08000241   Thumb Code     6  fadd.o(.text)
    __aeabi_frsub                            0x08000247   Thumb Code     6  fadd.o(.text)
    __aeabi_fmul                             0x0800024d   Thumb Code   100  fmul.o(.text)
    __aeabi_fdiv                             0x080002b1   Thumb Code   124  fdiv.o(.text)
    __aeabi_i2f                              0x0800032d   Thumb Code    18  fflti.o(.text)
    __aeabi_ui2f                             0x0800033f   Thumb Code    10  ffltui.o(.text)
    __aeabi_ui2d                             0x08000349   Thumb Code    26  dfltui.o(.text)
    __aeabi_f2iz                             0x08000363   Thumb Code    50  ffixi.o(.text)
    __aeabi_f2uiz                            0x08000395   Thumb Code    40  ffixui.o(.text)
    __aeabi_d2uiz                            0x080003bd   Thumb Code    50  dfixui.o(.text)
    __aeabi_f2d                              0x080003ef   Thumb Code    38  f2d.o(.text)
    __aeabi_cdcmpeq                          0x08000415   Thumb Code     0  cdcmple.o(.text)
    __aeabi_cdcmple                          0x08000415   Thumb Code    48  cdcmple.o(.text)
    __aeabi_cdrcmple                         0x08000445   Thumb Code    48  cdrcmple.o(.text)
    __aeabi_uldivmod                         0x08000475   Thumb Code    98  uldiv.o(.text)
    __aeabi_llsr                             0x080004d7   Thumb Code    32  llushr.o(.text)
    _ll_ushift_r                             0x080004d7   Thumb Code     0  llushr.o(.text)
    __I$use$fp                               0x080004f7   Thumb Code     0  iusefp.o(.text)
    _float_round                             0x080004f7   Thumb Code    18  fepilogue.o(.text)
    _float_epilogue                          0x08000509   Thumb Code    92  fepilogue.o(.text)
    _double_round                            0x08000565   Thumb Code    30  depilogue.o(.text)
    _double_epilogue                         0x08000583   Thumb Code   156  depilogue.o(.text)
    _dsqrt                                   0x0800061f   Thumb Code   162  dsqrt.o(.text)
    __scatterload                            0x080006c1   Thumb Code    28  init.o(.text)
    __scatterload_rt2                        0x080006c1   Thumb Code     0  init.o(.text)
    __aeabi_llsl                             0x080006e5   Thumb Code    30  llshl.o(.text)
    _ll_shift_l                              0x080006e5   Thumb Code     0  llshl.o(.text)
    Draw_Circle                              0x08000703   Thumb Code   152  lcd.o(i.Draw_Circle)
    EE_INIT                                  0x08000831   Thumb Code     8  bsp.o(i.EE_INIT)
    EE_Init                                  0x08000839   Thumb Code    16  eeprom.o(i.EE_Init)
    EE_ReadVariable                          0x0800093d   Thumb Code    92  eeprom.o(i.EE_ReadVariable)
    EE_Read_Byte                             0x080009a5   Thumb Code    22  bsp.o(i.EE_Read_Byte)
    EE_Read_Word                             0x080009c1   Thumb Code    48  bsp.o(i.EE_Read_Word)
    EE_WriteVariable                         0x08000a7d   Thumb Code    36  eeprom.o(i.EE_WriteVariable)
    EE_Write_Byte                            0x08000aa1   Thumb Code    20  bsp.o(i.EE_Write_Byte)
    EE_Write_Word                            0x08000ab9   Thumb Code    50  bsp.o(i.EE_Write_Word)
    FLASH_ErasePage                          0x08000af1   Thumb Code    72  stm32f10x_flash.o(i.FLASH_ErasePage)
    FLASH_GetBank1Status                     0x08000b3d   Thumb Code    48  stm32f10x_flash.o(i.FLASH_GetBank1Status)
    FLASH_ProgramHalfWord                    0x08000b71   Thumb Code    60  stm32f10x_flash.o(i.FLASH_ProgramHalfWord)
    FLASH_Unlock                             0x08000bb1   Thumb Code    12  stm32f10x_flash.o(i.FLASH_Unlock)
    FLASH_WaitForLastOperation               0x08000bc9   Thumb Code    38  stm32f10x_flash.o(i.FLASH_WaitForLastOperation)
    FSMC_NORSRAMCmd                          0x08000bf1   Thumb Code    46  stm32f10x_fsmc.o(i.FSMC_NORSRAMCmd)
    FSMC_NORSRAMInit                         0x08000c25   Thumb Code   230  stm32f10x_fsmc.o(i.FSMC_NORSRAMInit)
    GPIO_Init                                0x08000d0b   Thumb Code   278  stm32f10x_gpio.o(i.GPIO_Init)
    GPIO_ReadInputDataBit                    0x08000e21   Thumb Code    18  stm32f10x_gpio.o(i.GPIO_ReadInputDataBit)
    GPIO_SetBits                             0x08000e33   Thumb Code     4  stm32f10x_gpio.o(i.GPIO_SetBits)
    IPandARP_Serve                           0x08000e39   Thumb Code    68  netserve.o(i.IPandARP_Serve)
    InitCurrWrAddress                        0x08000e85   Thumb Code    92  eeprom.o(i.InitCurrWrAddress)
    KEY_Init                                 0x08000ee9   Thumb Code    52  key.o(i.KEY_Init)
    KEY_Scan                                 0x08000f25   Thumb Code   188  key.o(i.KEY_Scan)
    LCD_Clear                                0x08000fed   Thumb Code   100  lcd.o(i.LCD_Clear)
    LCD_Display_Dir                          0x08001059   Thumb Code   420  lcd.o(i.LCD_Display_Dir)
    LCD_DrawLine                             0x08001201   Thumb Code   176  lcd.o(i.LCD_DrawLine)
    LCD_DrawPoint                            0x080012b1   Thumb Code    28  lcd.o(i.LCD_DrawPoint)
    LCD_Init                                 0x080012d5   Thumb Code 14090  lcd.o(i.LCD_Init)
    LCD_Pow                                  0x080049e9   Thumb Code    22  lcd.o(i.LCD_Pow)
    LCD_RD_DATA                              0x08004a01   Thumb Code     6  lcd.o(i.LCD_RD_DATA)
    LCD_ReadReg                              0x08004a0d   Thumb Code    22  lcd.o(i.LCD_ReadReg)
    LCD_Scan_Dir                             0x08004a25   Thumb Code   708  lcd.o(i.LCD_Scan_Dir)
    LCD_SetCursor                            0x08004ced   Thumb Code   262  lcd.o(i.LCD_SetCursor)
    LCD_ShowChar                             0x08004df9   Thumb Code   340  lcd.o(i.LCD_ShowChar)
    LCD_ShowNum                              0x08004f61   Thumb Code   148  lcd.o(i.LCD_ShowNum)
    LCD_ShowString                           0x08004ff5   Thumb Code   102  lcd.o(i.LCD_ShowString)
    LCD_WR_DATA                              0x0800505d   Thumb Code     6  lcd.o(i.LCD_WR_DATA)
    LCD_WR_REG                               0x08005069   Thumb Code     6  lcd.o(i.LCD_WR_REG)
    LCD_WriteRAM_Prepare                     0x08005075   Thumb Code    10  lcd.o(i.LCD_WriteRAM_Prepare)
    LCD_WriteReg                             0x08005089   Thumb Code    10  lcd.o(i.LCD_WriteReg)
    Load_Drow_Dialog                         0x08005099   Thumb Code    52  lcd.o(i.Load_Drow_Dialog)
    NVIC_Init                                0x080050d9   Thumb Code   100  misc.o(i.NVIC_Init)
    NVIC_PriorityGroupConfig                 0x08005149   Thumb Code    10  misc.o(i.NVIC_PriorityGroupConfig)
    Ping_Serve                               0x0800515d   Thumb Code    38  netserve.o(i.Ping_Serve)
    RCC_AHBPeriphClockCmd                    0x0800518d   Thumb Code    26  stm32f10x_rcc.o(i.RCC_AHBPeriphClockCmd)
    RCC_APB1PeriphClockCmd                   0x080051ad   Thumb Code    26  stm32f10x_rcc.o(i.RCC_APB1PeriphClockCmd)
    RCC_APB2PeriphClockCmd                   0x080051cd   Thumb Code    26  stm32f10x_rcc.o(i.RCC_APB2PeriphClockCmd)
    RCC_GetClocksFreq                        0x080051ed   Thumb Code   192  stm32f10x_rcc.o(i.RCC_GetClocksFreq)
    SPI1_ReadWrite                           0x080052c1   Thumb Code    50  spi_enc28j60.o(i.SPI1_ReadWrite)
    SPI_Cmd                                  0x080052f9   Thumb Code    24  stm32f10x_spi.o(i.SPI_Cmd)
    SPI_Enc28j60_Init                        0x08005311   Thumb Code   148  spi_enc28j60.o(i.SPI_Enc28j60_Init)
    SPI_I2S_GetFlagStatus                    0x080053ad   Thumb Code    18  stm32f10x_spi.o(i.SPI_I2S_GetFlagStatus)
    SPI_I2S_ReceiveData                      0x080053bf   Thumb Code     6  stm32f10x_spi.o(i.SPI_I2S_ReceiveData)
    SPI_I2S_SendData                         0x080053c5   Thumb Code     4  stm32f10x_spi.o(i.SPI_I2S_SendData)
    SPI_Init                                 0x080053c9   Thumb Code    60  stm32f10x_spi.o(i.SPI_Init)
    SendPacket                               0x08005405   Thumb Code    30  netserve.o(i.SendPacket)
    SysTick_CLKSourceConfig                  0x08005515   Thumb Code    40  misc.o(i.SysTick_CLKSourceConfig)
    SystemInit                               0x0800553d   Thumb Code    78  system_stm32f10x.o(i.SystemInit)
    TIM3_IRQHandler                          0x0800559d   Thumb Code    38  time.o(i.TIM3_IRQHandler)
    TIM3_Init                                0x080055c9   Thumb Code    92  time.o(i.TIM3_Init)
    TIM_ClearITPendingBit                    0x08005629   Thumb Code     6  stm32f10x_tim.o(i.TIM_ClearITPendingBit)
    TIM_Cmd                                  0x0800562f   Thumb Code    24  stm32f10x_tim.o(i.TIM_Cmd)
    TIM_ITConfig                             0x08005647   Thumb Code    18  stm32f10x_tim.o(i.TIM_ITConfig)
    TIM_TimeBaseInit                         0x08005659   Thumb Code   122  stm32f10x_tim.o(i.TIM_TimeBaseInit)
    TP_Adj_Info_Show                         0x080056fd   Thumb Code   376  touch.o(i.TP_Adj_Info_Show)
    TP_Adjust                                0x080058a5   Thumb Code  2050  touch.o(i.TP_Adjust)
    TP_Draw_Big_Point                        0x080060f9   Thumb Code    54  touch.o(i.TP_Draw_Big_Point)
    TP_Drow_Touch_Point                      0x08006135   Thumb Code   108  touch.o(i.TP_Drow_Touch_Point)
    TP_Get_Adjdata                           0x080061a5   Thumb Code   144  touch.o(i.TP_Get_Adjdata)
    TP_Init                                  0x08006245   Thumb Code   142  touch.o(i.TP_Init)
    TP_Read_AD                               0x080062f1   Thumb Code   124  touch.o(i.TP_Read_AD)
    TP_Read_XOY                              0x0800637d   Thumb Code   120  touch.o(i.TP_Read_XOY)
    TP_Read_XY                               0x080063f5   Thumb Code    38  touch.o(i.TP_Read_XY)
    TP_Read_XY2                              0x08006425   Thumb Code   192  touch.o(i.TP_Read_XY2)
    TP_Save_Adjdata                          0x080064e5   Thumb Code   108  touch.o(i.TP_Save_Adjdata)
    TP_Scan                                  0x08006559   Thumb Code   262  touch.o(i.TP_Scan)
    TP_Write_Byte                            0x08006669   Thumb Code    54  touch.o(i.TP_Write_Byte)
    UDP_Serve                                0x080066ad   Thumb Code   110  netserve.o(i.UDP_Serve)
    USART1_IRQHandler                        0x0800677d   Thumb Code   122  usart.o(i.USART1_IRQHandler)
    USART_Cmd                                0x08006805   Thumb Code    24  stm32f10x_usart.o(i.USART_Cmd)
    USART_GetITStatus                        0x0800681d   Thumb Code    84  stm32f10x_usart.o(i.USART_GetITStatus)
    USART_ITConfig                           0x08006871   Thumb Code    74  stm32f10x_usart.o(i.USART_ITConfig)
    USART_Init                               0x080068bd   Thumb Code   210  stm32f10x_usart.o(i.USART_Init)
    USART_ReceiveData                        0x08006995   Thumb Code    10  stm32f10x_usart.o(i.USART_ReceiveData)
    Sys_Init()                               0x080069a1   Thumb Code    80  main.o(i._Z8Sys_Initv)
    rtp_test()                               0x080069fd   Thumb Code   152  main.o(i._Z8rtp_testv)
    SerialPort::SerialPort(int)              0x08006aa1   Thumb Code    16  serialport.o(i._ZN10SerialPortC1Ei)
    SerialPort::SerialPort__sub_object(int)  0x08006aa1   Thumb Code     0  serialport.o(i._ZN10SerialPortC1Ei)
    Led::on()                                0x08006ab1   Thumb Code     8  led.o(i._ZN3Led2onEv)
    Led::off()                               0x08006ab9   Thumb Code     8  led.o(i._ZN3Led3offEv)
    Led::overturn()                          0x08006ac1   Thumb Code    32  led.o(i._ZN3Led8overturnEv)
    Led::Led(GPIO_TypeDef*, int)             0x08006ae1   Thumb Code   152  led.o(i._ZN3LedC1EP12GPIO_TypeDefi)
    Led::Led__sub_object(GPIO_TypeDef*, int) 0x08006ae1   Thumb Code     0  led.o(i._ZN3LedC1EP12GPIO_TypeDefi)
    __0printf$5                              0x08006b81   Thumb Code    22  printf5.o(i.__0printf$5)
    __1printf$5                              0x08006b81   Thumb Code     0  printf5.o(i.__0printf$5)
    __2printf                                0x08006b81   Thumb Code     0  printf5.o(i.__0printf$5)
    __EE_Init                                0x08006ba1   Thumb Code   492  eeprom.o(i.__EE_Init)
    __scatterload_copy                       0x08006d9d   Thumb Code    14  handlers.o(i.__scatterload_copy)
    __scatterload_null                       0x08006dab   Thumb Code     2  handlers.o(i.__scatterload_null)
    __scatterload_zeroinit                   0x08006dad   Thumb Code    14  handlers.o(i.__scatterload_zeroinit)
    __set_errno                              0x08006dbd   Thumb Code     6  errno.o(i.__set_errno)
    checksum                                 0x080070b1   Thumb Code    84  ip_arp_udp_tcp.o(i.checksum)
    delay_init                               0x08007105   Thumb Code    50  delay.o(i.delay_init)
    delay_ms                                 0x08007149   Thumb Code    72  delay.o(i.delay_ms)
    delay_us                                 0x08007195   Thumb Code    72  delay.o(i.delay_us)
    enc28j60Init                             0x080071e1   Thumb Code   318  enc28j60.o(i.enc28j60Init)
    enc28j60PacketReceive                    0x0800732d   Thumb Code   188  enc28j60.o(i.enc28j60PacketReceive)
    enc28j60PacketSend                       0x080073ed   Thumb Code   102  enc28j60.o(i.enc28j60PacketSend)
    enc28j60PhyWrite                         0x08007453   Thumb Code    50  enc28j60.o(i.enc28j60PhyWrite)
    enc28j60Read                             0x08007485   Thumb Code    20  enc28j60.o(i.enc28j60Read)
    enc28j60ReadBuffer                       0x08007499   Thumb Code    50  enc28j60.o(i.enc28j60ReadBuffer)
    enc28j60ReadOp                           0x080074d1   Thumb Code    62  enc28j60.o(i.enc28j60ReadOp)
    enc28j60SetBank                          0x08007515   Thumb Code    48  enc28j60.o(i.enc28j60SetBank)
    enc28j60Write                            0x08007549   Thumb Code    24  enc28j60.o(i.enc28j60Write)
    enc28j60WriteBuffer                      0x08007561   Thumb Code    44  enc28j60.o(i.enc28j60WriteBuffer)
    enc28j60WriteOp                          0x08007591   Thumb Code    52  enc28j60.o(i.enc28j60WriteOp)
    eth_type_is_arp_and_my_ip                0x080075c9   Thumb Code    64  ip_arp_udp_tcp.o(i.eth_type_is_arp_and_my_ip)
    eth_type_is_ip_and_my_ip                 0x0800760d   Thumb Code    72  ip_arp_udp_tcp.o(i.eth_type_is_ip_and_my_ip)
    fill_ip_hdr_checksum                     0x08007659   Thumb Code    44  ip_arp_udp_tcp.o(i.fill_ip_hdr_checksum)
    fputc                                    0x08007685   Thumb Code    24  usart.o(i.fputc)
    init_ip_arp_udp_tcp                      0x080076a1   Thumb Code    46  ip_arp_udp_tcp.o(i.init_ip_arp_udp_tcp)
    main                                     0x080076dd   Thumb Code   166  main.o(i.main)
    make_arp_answer_from_request             0x08007805   Thumb Code    92  ip_arp_udp_tcp.o(i.make_arp_answer_from_request)
    make_echo_reply_from_request             0x08007869   Thumb Code    62  ip_arp_udp_tcp.o(i.make_echo_reply_from_request)
    make_eth                                 0x080078a9   Thumb Code    30  ip_arp_udp_tcp.o(i.make_eth)
    make_ip                                  0x080078cd   Thumb Code    44  ip_arp_udp_tcp.o(i.make_ip)
    make_udp_reply_from_request              0x080078fd   Thumb Code   136  ip_arp_udp_tcp.o(i.make_udp_reply_from_request)
    sqrt                                     0x08007985   Thumb Code    76  sqrt.o(i.sqrt)
    uart_init                                0x080079d1   Thumb Code   152  usart.o(i.uart_init)
    asc2_1206                                0x08007a70   Data        1140  lcd.o(.constdata)
    asc2_1608                                0x08007ee4   Data        1520  lcd.o(.constdata)
    Region$$Table$$Base                      0x08008550   Number         0  anon$$obj.o(Region$$Table)
    Region$$Table$$Limit                     0x08008570   Number         0  anon$$obj.o(Region$$Table)
    SHT$$INIT_ARRAY$$Base                    0x08008570   Number         0  main.o(.init_array)
    SHT$$INIT_ARRAY$$Limit                   0x08008574   Number         0  cpp_init.o(.init_array)
    __stdout                                 0x20000004   Data           4  usart.o(.data)
    USART_RX_STA                             0x20000008   Data           2  usart.o(.data)
    POINT_COLOR                              0x2000000a   Data           2  lcd.o(.data)
    BACK_COLOR                               0x2000000c   Data           2  lcd.o(.data)
    tp_dev                                   0x20000010   Data          52  touch.o(.data)
    CMD_RDX                                  0x20000044   Data           1  touch.o(.data)
    CMD_RDY                                  0x20000045   Data           1  touch.o(.data)
    TP_REMIND_MSG_TBL                        0x20000048   Data           4  touch.o(.data)
    VirtAddVarTab                            0x2000004c   Data          30  bsp.o(.data)
    DataVar                                  0x2000006c   Data           2  eeprom.o(.data)
    CurWrAddress                             0x20000070   Data           4  eeprom.o(.data)
    mymac                                    0x20000080   Data           6  enc28j60.o(.data)
    myip                                     0x20000086   Data           4  enc28j60.o(.data)
    Packet_Len                               0x2000008c   Data           4  enc28j60.o(.data)
    myudpport                                0x200000a8   Data           4  netserve.o(.data)
    SystemCoreClock                          0x200000ac   Data           4  system_stm32f10x.o(.data)
    AHBPrescTable                            0x200000b0   Data          16  system_stm32f10x.o(.data)
    DS0                                      0x200000d8   Data          12  main.o(.bss)
    DS1                                      0x200000e4   Data          12  main.o(.bss)
    USART_RX_BUF                             0x200000f0   Data         200  usart.o(.bss)
    lcddev                                   0x200001b8   Data          14  lcd.o(.bss)
    Packet_Buf                               0x200001c6   Data        1501  netserve.o(.bss)
    __initial_sp                             0x20000ba8   Data           0  startup_stm32f10x_hd.o(STACK)



==============================================================================

Memory Map of the image

  Image Entry point : 0x08000131

  Load Region LR_IROM1 (Base: 0x08000000, Size: 0x0000864c, Max: 0x00080000, ABSOLUTE)

    Execution Region ER_IROM1 (Base: 0x08000000, Size: 0x00008574, Max: 0x00080000, ABSOLUTE)

    Base Addr    Size         Type   Attr      Idx    E Section Name        Object

    0x08000000   0x00000130   Data   RO         1381    RESET               startup_stm32f10x_hd.o
    0x08000130   0x00000000   Code   RO         3264  * .ARM.Collect$$$$00000000  mc_w.l(entry.o)
    0x08000130   0x00000004   Code   RO         3559    .ARM.Collect$$$$00000001  mc_w.l(entry2.o)
    0x08000134   0x00000004   Code   RO         3562    .ARM.Collect$$$$00000004  mc_w.l(entry5.o)
    0x08000138   0x00000000   Code   RO         3564    .ARM.Collect$$$$00000008  mc_w.l(entry7b.o)
    0x08000138   0x00000004   Code   RO         3565    .ARM.Collect$$$$00000009  mc_w.l(entry8a.o)
    0x0800013c   0x00000000   Code   RO         3566    .ARM.Collect$$$$0000000A  mc_w.l(entry8b.o)
    0x0800013c   0x00000008   Code   RO         3567    .ARM.Collect$$$$0000000B  mc_w.l(entry9a.o)
    0x08000144   0x00000000   Code   RO         3569    .ARM.Collect$$$$0000000D  mc_w.l(entry10a.o)
    0x08000144   0x00000000   Code   RO         3571    .ARM.Collect$$$$0000000F  mc_w.l(entry11a.o)
    0x08000144   0x00000004   Code   RO         3560    .ARM.Collect$$$$00002712  mc_w.l(entry2.o)
    0x08000148   0x00000024   Code   RO         1382    .text               startup_stm32f10x_hd.o
    0x0800016c   0x0000000e   Code   RO         3267    .text               mc_w.l(strlen.o)
    0x0800017a   0x00000002   PAD
    0x0800017c   0x00000020   Code   RO         3533    .text               mc_w.l(cpp_init.o)
    0x0800019c   0x000000b0   Code   RO         3535    .text               mf_w.l(fadd.o)
    0x0800024c   0x00000064   Code   RO         3537    .text               mf_w.l(fmul.o)
    0x080002b0   0x0000007c   Code   RO         3539    .text               mf_w.l(fdiv.o)
    0x0800032c   0x00000012   Code   RO         3541    .text               mf_w.l(fflti.o)
    0x0800033e   0x0000000a   Code   RO         3543    .text               mf_w.l(ffltui.o)
    0x08000348   0x0000001a   Code   RO         3545    .text               mf_w.l(dfltui.o)
    0x08000362   0x00000032   Code   RO         3547    .text               mf_w.l(ffixi.o)
    0x08000394   0x00000028   Code   RO         3549    .text               mf_w.l(ffixui.o)
    0x080003bc   0x00000032   Code   RO         3551    .text               mf_w.l(dfixui.o)
    0x080003ee   0x00000026   Code   RO         3553    .text               mf_w.l(f2d.o)
    0x08000414   0x00000030   Code   RO         3555    .text               mf_w.l(cdcmple.o)
    0x08000444   0x00000030   Code   RO         3557    .text               mf_w.l(cdrcmple.o)
    0x08000474   0x00000062   Code   RO         3575    .text               mc_w.l(uldiv.o)
    0x080004d6   0x00000020   Code   RO         3577    .text               mc_w.l(llushr.o)
    0x080004f6   0x00000000   Code   RO         3586    .text               mc_w.l(iusefp.o)
    0x080004f6   0x0000006e   Code   RO         3587    .text               mf_w.l(fepilogue.o)
    0x08000564   0x000000ba   Code   RO         3589    .text               mf_w.l(depilogue.o)
    0x0800061e   0x000000a2   Code   RO         3597    .text               mf_w.l(dsqrt.o)
    0x080006c0   0x00000024   Code   RO         3601    .text               mc_w.l(init.o)
    0x080006e4   0x0000001e   Code   RO         3603    .text               mc_w.l(llshl.o)
    0x08000702   0x00000098   Code   RO          545    i.Draw_Circle       lcd.o
    0x0800079a   0x00000002   PAD
    0x0800079c   0x00000058   Code   RO          947    i.EE_FindValidPage  eeprom.o
    0x080007f4   0x0000003c   Code   RO          948    i.EE_Format         eeprom.o
    0x08000830   0x00000008   Code   RO          893    i.EE_INIT           bsp.o
    0x08000838   0x00000010   Code   RO          949    i.EE_Init           eeprom.o
    0x08000848   0x000000f4   Code   RO          950    i.EE_PageTransfer   eeprom.o
    0x0800093c   0x00000068   Code   RO          951    i.EE_ReadVariable   eeprom.o
    0x080009a4   0x0000001c   Code   RO          894    i.EE_Read_Byte      bsp.o
    0x080009c0   0x00000034   Code   RO          895    i.EE_Read_Word      bsp.o
    0x080009f4   0x00000088   Code   RO          952    i.EE_VerifyPageFullWriteVariable  eeprom.o
    0x08000a7c   0x00000024   Code   RO          953    i.EE_WriteVariable  eeprom.o
    0x08000aa0   0x00000018   Code   RO          896    i.EE_Write_Byte     bsp.o
    0x08000ab8   0x00000038   Code   RO          897    i.EE_Write_Word     bsp.o
    0x08000af0   0x0000004c   Code   RO         1727    i.FLASH_ErasePage   stm32f10x_flash.o
    0x08000b3c   0x00000034   Code   RO         1728    i.FLASH_GetBank1Status  stm32f10x_flash.o
    0x08000b70   0x00000040   Code   RO         1740    i.FLASH_ProgramHalfWord  stm32f10x_flash.o
    0x08000bb0   0x00000018   Code   RO         1745    i.FLASH_Unlock      stm32f10x_flash.o
    0x08000bc8   0x00000026   Code   RO         1749    i.FLASH_WaitForLastOperation  stm32f10x_flash.o
    0x08000bee   0x00000002   PAD
    0x08000bf0   0x00000034   Code   RO         1915    i.FSMC_NORSRAMCmd   stm32f10x_fsmc.o
    0x08000c24   0x000000e6   Code   RO         1917    i.FSMC_NORSRAMInit  stm32f10x_fsmc.o
    0x08000d0a   0x00000116   Code   RO         2038    i.GPIO_Init         stm32f10x_gpio.o
    0x08000e20   0x00000012   Code   RO         2042    i.GPIO_ReadInputDataBit  stm32f10x_gpio.o
    0x08000e32   0x00000004   Code   RO         2046    i.GPIO_SetBits      stm32f10x_gpio.o
    0x08000e36   0x00000002   PAD
    0x08000e38   0x0000004c   Code   RO         1329    i.IPandARP_Serve    netserve.o
    0x08000e84   0x00000064   Code   RO          954    i.InitCurrWrAddress  eeprom.o
    0x08000ee8   0x0000003c   Code   RO         1015    i.KEY_Init          key.o
    0x08000f24   0x000000c8   Code   RO         1016    i.KEY_Scan          key.o
    0x08000fec   0x0000006c   Code   RO          547    i.LCD_Clear         lcd.o
    0x08001058   0x000001a8   Code   RO          551    i.LCD_Display_Dir   lcd.o
    0x08001200   0x000000b0   Code   RO          552    i.LCD_DrawLine      lcd.o
    0x080012b0   0x00000024   Code   RO          553    i.LCD_DrawPoint     lcd.o
    0x080012d4   0x00003714   Code   RO          557    i.LCD_Init          lcd.o
    0x080049e8   0x00000016   Code   RO          558    i.LCD_Pow           lcd.o
    0x080049fe   0x00000002   PAD
    0x08004a00   0x0000000c   Code   RO          559    i.LCD_RD_DATA       lcd.o
    0x08004a0c   0x00000016   Code   RO          561    i.LCD_ReadReg       lcd.o
    0x08004a22   0x00000002   PAD
    0x08004a24   0x000002c8   Code   RO          562    i.LCD_Scan_Dir      lcd.o
    0x08004cec   0x0000010c   Code   RO          563    i.LCD_SetCursor     lcd.o
    0x08004df8   0x00000168   Code   RO          565    i.LCD_ShowChar      lcd.o
    0x08004f60   0x00000094   Code   RO          566    i.LCD_ShowNum       lcd.o
    0x08004ff4   0x00000066   Code   RO          567    i.LCD_ShowString    lcd.o
    0x0800505a   0x00000002   PAD
    0x0800505c   0x0000000c   Code   RO          569    i.LCD_WR_DATA       lcd.o
    0x08005068   0x0000000c   Code   RO          570    i.LCD_WR_REG        lcd.o
    0x08005074   0x00000014   Code   RO          572    i.LCD_WriteRAM_Prepare  lcd.o
    0x08005088   0x00000010   Code   RO          573    i.LCD_WriteReg      lcd.o
    0x08005098   0x00000040   Code   RO          574    i.Load_Drow_Dialog  lcd.o
    0x080050d8   0x00000070   Code   RO          206    i.NVIC_Init         misc.o
    0x08005148   0x00000014   Code   RO          207    i.NVIC_PriorityGroupConfig  misc.o
    0x0800515c   0x00000030   Code   RO         1330    i.Ping_Serve        netserve.o
    0x0800518c   0x00000020   Code   RO         2155    i.RCC_AHBPeriphClockCmd  stm32f10x_rcc.o
    0x080051ac   0x00000020   Code   RO         2156    i.RCC_APB1PeriphClockCmd  stm32f10x_rcc.o
    0x080051cc   0x00000020   Code   RO         2158    i.RCC_APB2PeriphClockCmd  stm32f10x_rcc.o
    0x080051ec   0x000000d4   Code   RO         2166    i.RCC_GetClocksFreq  stm32f10x_rcc.o
    0x080052c0   0x00000038   Code   RO          516    i.SPI1_ReadWrite    spi_enc28j60.o
    0x080052f8   0x00000018   Code   RO         2367    i.SPI_Cmd           stm32f10x_spi.o
    0x08005310   0x0000009c   Code   RO          517    i.SPI_Enc28j60_Init  spi_enc28j60.o
    0x080053ac   0x00000012   Code   RO         2375    i.SPI_I2S_GetFlagStatus  stm32f10x_spi.o
    0x080053be   0x00000006   Code   RO         2378    i.SPI_I2S_ReceiveData  stm32f10x_spi.o
    0x080053c4   0x00000004   Code   RO         2379    i.SPI_I2S_SendData  stm32f10x_spi.o
    0x080053c8   0x0000003c   Code   RO         2380    i.SPI_Init          stm32f10x_spi.o
    0x08005404   0x00000028   Code   RO         1331    i.SendPacket        netserve.o
    0x0800542c   0x00000008   Code   RO         1388    i.SetSysClock       system_stm32f10x.o
    0x08005434   0x000000e0   Code   RO         1389    i.SetSysClockTo72   system_stm32f10x.o
    0x08005514   0x00000028   Code   RO          210    i.SysTick_CLKSourceConfig  misc.o
    0x0800553c   0x00000060   Code   RO         1391    i.SystemInit        system_stm32f10x.o
    0x0800559c   0x0000002c   Code   RO         1043    i.TIM3_IRQHandler   time.o
    0x080055c8   0x00000060   Code   RO         1044    i.TIM3_Init         time.o
    0x08005628   0x00000006   Code   RO         2525    i.TIM_ClearITPendingBit  stm32f10x_tim.o
    0x0800562e   0x00000018   Code   RO         2530    i.TIM_Cmd           stm32f10x_tim.o
    0x08005646   0x00000012   Code   RO         2555    i.TIM_ITConfig      stm32f10x_tim.o
    0x08005658   0x000000a4   Code   RO         2601    i.TIM_TimeBaseInit  stm32f10x_tim.o
    0x080056fc   0x000001a8   Code   RO          780    i.TP_Adj_Info_Show  touch.o
    0x080058a4   0x00000854   Code   RO          781    i.TP_Adjust         touch.o
    0x080060f8   0x0000003c   Code   RO          782    i.TP_Draw_Big_Point  touch.o
    0x08006134   0x00000070   Code   RO          783    i.TP_Drow_Touch_Point  touch.o
    0x080061a4   0x000000a0   Code   RO          784    i.TP_Get_Adjdata    touch.o
    0x08006244   0x000000ac   Code   RO          785    i.TP_Init           touch.o
    0x080062f0   0x0000008c   Code   RO          786    i.TP_Read_AD        touch.o
    0x0800637c   0x00000078   Code   RO          787    i.TP_Read_XOY       touch.o
    0x080063f4   0x00000030   Code   RO          788    i.TP_Read_XY        touch.o
    0x08006424   0x000000c0   Code   RO          789    i.TP_Read_XY2       touch.o
    0x080064e4   0x00000074   Code   RO          790    i.TP_Save_Adjdata   touch.o
    0x08006558   0x00000110   Code   RO          791    i.TP_Scan           touch.o
    0x08006668   0x00000044   Code   RO          792    i.TP_Write_Byte     touch.o
    0x080066ac   0x000000d0   Code   RO         1332    i.UDP_Serve         netserve.o
    0x0800677c   0x00000088   Code   RO          467    i.USART1_IRQHandler  usart.o
    0x08006804   0x00000018   Code   RO         3074    i.USART_Cmd         stm32f10x_usart.o
    0x0800681c   0x00000054   Code   RO         3078    i.USART_GetITStatus  stm32f10x_usart.o
    0x08006870   0x0000004a   Code   RO         3080    i.USART_ITConfig    stm32f10x_usart.o
    0x080068ba   0x00000002   PAD
    0x080068bc   0x000000d8   Code   RO         3081    i.USART_Init        stm32f10x_usart.o
    0x08006994   0x0000000a   Code   RO         3088    i.USART_ReceiveData  stm32f10x_usart.o
    0x0800699e   0x00000002   PAD
    0x080069a0   0x0000005c   Code   RO            3    i._Z8Sys_Initv      main.o
    0x080069fc   0x000000a4   Code   RO            4    i._Z8rtp_testv      main.o
    0x08006aa0   0x00000010   Code   RO          384    i._ZN10SerialPortC1Ei  serialport.o
    0x08006ab0   0x00000008   Code   RO          343    i._ZN3Led2onEv      led.o
    0x08006ab8   0x00000008   Code   RO          344    i._ZN3Led3offEv     led.o
    0x08006ac0   0x00000020   Code   RO          345    i._ZN3Led8overturnEv  led.o
    0x08006ae0   0x000000a0   Code   RO          346    i._ZN3LedC1EP12GPIO_TypeDefi  led.o
    0x08006b80   0x00000020   Code   RO         3402    i.__0printf$5       mc_w.l(printf5.o)
    0x08006ba0   0x000001fc   Code   RO          955    i.__EE_Init         eeprom.o
    0x08006d9c   0x0000000e   Code   RO         3609    i.__scatterload_copy  mc_w.l(handlers.o)
    0x08006daa   0x00000002   Code   RO         3610    i.__scatterload_null  mc_w.l(handlers.o)
    0x08006dac   0x0000000e   Code   RO         3611    i.__scatterload_zeroinit  mc_w.l(handlers.o)
    0x08006dba   0x00000002   PAD
    0x08006dbc   0x0000000c   Code   RO         3581    i.__set_errno       mc_w.l(errno.o)
    0x08006dc8   0x00000028   Code   RO            5    i.__sti___8_main_cpp_DS0  main.o
    0x08006df0   0x000002c0   Code   RO         3409    i._printf_core      mc_w.l(printf5.o)
    0x080070b0   0x00000054   Code   RO         1195    i.checksum          ip_arp_udp_tcp.o
    0x08007104   0x00000044   Code   RO          407    i.delay_init        delay.o
    0x08007148   0x0000004c   Code   RO          408    i.delay_ms          delay.o
    0x08007194   0x0000004c   Code   RO          409    i.delay_us          delay.o
    0x080071e0   0x0000014c   Code   RO         1094    i.enc28j60Init      enc28j60.o
    0x0800732c   0x000000c0   Code   RO         1095    i.enc28j60PacketReceive  enc28j60.o
    0x080073ec   0x00000066   Code   RO         1096    i.enc28j60PacketSend  enc28j60.o
    0x08007452   0x00000032   Code   RO         1097    i.enc28j60PhyWrite  enc28j60.o
    0x08007484   0x00000014   Code   RO         1098    i.enc28j60Read      enc28j60.o
    0x08007498   0x00000038   Code   RO         1099    i.enc28j60ReadBuffer  enc28j60.o
    0x080074d0   0x00000044   Code   RO         1100    i.enc28j60ReadOp    enc28j60.o
    0x08007514   0x00000034   Code   RO         1101    i.enc28j60SetBank   enc28j60.o
    0x08007548   0x00000018   Code   RO         1102    i.enc28j60Write     enc28j60.o
    0x08007560   0x00000030   Code   RO         1103    i.enc28j60WriteBuffer  enc28j60.o
    0x08007590   0x00000038   Code   RO         1104    i.enc28j60WriteOp   enc28j60.o
    0x080075c8   0x00000044   Code   RO         1196    i.eth_type_is_arp_and_my_ip  ip_arp_udp_tcp.o
    0x0800760c   0x0000004c   Code   RO         1197    i.eth_type_is_ip_and_my_ip  ip_arp_udp_tcp.o
    0x08007658   0x0000002c   Code   RO         1198    i.fill_ip_hdr_checksum  ip_arp_udp_tcp.o
    0x08007684   0x0000001c   Code   RO          469    i.fputc             usart.o
    0x080076a0   0x0000003c   Code   RO         1202    i.init_ip_arp_udp_tcp  ip_arp_udp_tcp.o
    0x080076dc   0x00000128   Code   RO            6    i.main              main.o
    0x08007804   0x00000064   Code   RO         1204    i.make_arp_answer_from_request  ip_arp_udp_tcp.o
    0x08007868   0x0000003e   Code   RO         1205    i.make_echo_reply_from_request  ip_arp_udp_tcp.o
    0x080078a6   0x00000002   PAD
    0x080078a8   0x00000024   Code   RO         1206    i.make_eth          ip_arp_udp_tcp.o
    0x080078cc   0x00000030   Code   RO         1207    i.make_ip           ip_arp_udp_tcp.o
    0x080078fc   0x00000088   Code   RO         1212    i.make_udp_reply_from_request  ip_arp_udp_tcp.o
    0x08007984   0x0000004c   Code   RO         3257    i.sqrt              m_ws.l(sqrt.o)
    0x080079d0   0x000000a0   Code   RO          470    i.uart_init         usart.o
    0x08007a70   0x00000a64   Data   RO          577    .constdata          lcd.o
    0x080084d4   0x00000079   Data   RO          793    .conststring        touch.o
    0x0800854d   0x00000003   PAD
    0x08008550   0x00000020   Data   RO         3607    Region$$Table       anon$$obj.o
    0x08008570   0x00000004   Data   RO           12    .init_array         main.o
    0x08008574   0x00000000   Data   RO         3531    .init_array         mc_w.l(cpp_init.o)


    Execution Region RW_IRAM1 (Base: 0x20000000, Size: 0x00000ba8, Max: 0x00010000, ABSOLUTE)

    Base Addr    Size         Type   Attr      Idx    E Section Name        Object

    0x20000000   0x00000004   Data   RW          410    .data               delay.o
    0x20000004   0x00000006   Data   RW          472    .data               usart.o
    0x2000000a   0x00000004   Data   RW          578    .data               lcd.o
    0x2000000e   0x00000002   PAD
    0x20000010   0x0000003c   Data   RW          794    .data               touch.o
    0x2000004c   0x0000001e   Data   RW          898    .data               bsp.o
    0x2000006a   0x00000002   PAD
    0x2000006c   0x00000008   Data   RW          956    .data               eeprom.o
    0x20000074   0x00000001   Data   RW         1017    .data               key.o
    0x20000075   0x00000003   PAD
    0x20000078   0x00000018   Data   RW         1107    .data               enc28j60.o
    0x20000090   0x00000015   Data   RW         1213    .data               ip_arp_udp_tcp.o
    0x200000a5   0x00000003   PAD
    0x200000a8   0x00000004   Data   RW         1334    .data               netserve.o
    0x200000ac   0x00000014   Data   RW         1392    .data               system_stm32f10x.o
    0x200000c0   0x00000014   Data   RW         2186    .data               stm32f10x_rcc.o
    0x200000d4   0x00000004   Data   RW         3582    .data               mc_w.l(errno.o)
    0x200000d8   0x00000018   Zero   RW           11    .bss                main.o
    0x200000f0   0x000000c8   Zero   RW          471    .bss                usart.o
    0x200001b8   0x0000000e   Zero   RW          576    .bss                lcd.o
    0x200001c6   0x000005dd   Zero   RW         1333    .bss                netserve.o
    0x200007a3   0x00000005   PAD
    0x200007a8   0x00000400   Zero   RW         1379    STACK               startup_stm32f10x_hd.o


==============================================================================

Image component sizes


      Code (inc. data)   RO Data    RW Data    ZI Data      Debug   Object Name

       168         20          0         30          0       3088   bsp.o
       220         26          0          4          0       1563   delay.o
      1292         88          0          8          0       7298   eeprom.o
      1000         42          0         24          0       7138   enc28j60.o
       714         40          0         21          0       7196   ip_arp_udp_tcp.o
       260         20          0          1          0       1090   key.o
     16766        188       2660          4         14      22297   lcd.o
       208          8          0          0          0       2800   led.o
       592        170          4          0         24     218775   main.o
       172         22          0          0          0     276593   misc.o
       372        126          0          4       1501       2682   netserve.o
        16          0          0          0          0        932   serialport.o
       212         14          0          0          0       1149   spi_enc28j60.o
        36          8        304          0       1024        808   startup_stm32f10x_hd.o
       254         24          0          0          0       3109   stm32f10x_flash.o
       282          6          0          0          0       1941   stm32f10x_fsmc.o
       300          0          0          0          0       3275   stm32f10x_gpio.o
       308         38          0         20          0       5162   stm32f10x_rcc.o
       112          0          0          0          0       4038   stm32f10x_spi.o
       212         42          0          0          0       3056   stm32f10x_tim.o
       408          6          0          0          0       5206   stm32f10x_usart.o
       328         28          0         20          0       2241   system_stm32f10x.o
       140         10          0          0          0        954   time.o
      4016        280        121         60          0       9961   touch.o
       324         26          0          6        200       3440   usart.o

    ----------------------------------------------------------------------
     28730       1232       3124        212       2768     595792   Object Totals
         0          0         32          0          0          0   (incl. Generated)
        18          0          3         10          5          0   (incl. Padding)

    ----------------------------------------------------------------------

      Code (inc. data)   RO Data    RW Data    ZI Data      Debug   Library Member Name

        76          0          0          0          0         84   sqrt.o
        32         10          0          0          0         80   cpp_init.o
         0          0          0          0          0          0   entry.o
         0          0          0          0          0          0   entry10a.o
         0          0          0          0          0          0   entry11a.o
         8          4          0          0          0          0   entry2.o
         4          0          0          0          0          0   entry5.o
         0          0          0          0          0          0   entry7b.o
         4          0          0          0          0          0   entry8a.o
         0          0          0          0          0          0   entry8b.o
         8          4          0          0          0          0   entry9a.o
        12          6          0          4          0         68   errno.o
        30          0          0          0          0          0   handlers.o
        36          8          0          0          0         68   init.o
         0          0          0          0          0          0   iusefp.o
        30          0          0          0          0         68   llshl.o
        32          0          0          0          0         68   llushr.o
       736         56          0          0          0        184   printf5.o
        14          0          0          0          0         68   strlen.o
        98          0          0          0          0         92   uldiv.o
        48          0          0          0          0         68   cdcmple.o
        48          0          0          0          0         68   cdrcmple.o
       186          0          0          0          0        176   depilogue.o
        50          0          0          0          0         76   dfixui.o
        26          0          0          0          0         76   dfltui.o
       162          0          0          0          0        100   dsqrt.o
        38          0          0          0          0         68   f2d.o
       176          0          0          0          0        140   fadd.o
       124          0          0          0          0         88   fdiv.o
       110          0          0          0          0        168   fepilogue.o
        50          0          0          0          0         68   ffixi.o
        40          0          0          0          0         68   ffixui.o
        18          0          0          0          0         68   fflti.o
        10          0          0          0          0         68   ffltui.o
       100          0          0          0          0         76   fmul.o

    ----------------------------------------------------------------------
      2310         88          0          4          0       2156   Library Totals
         4          0          0          0          0          0   (incl. Padding)

    ----------------------------------------------------------------------

      Code (inc. data)   RO Data    RW Data    ZI Data      Debug   Library Name

        76          0          0          0          0         84   m_ws.l
      1044         88          0          4          0        696   mc_w.l
      1186          0          0          0          0       1376   mf_w.l

    ----------------------------------------------------------------------
      2310         88          0          4          0       2156   Library Totals

    ----------------------------------------------------------------------

==============================================================================


      Code (inc. data)   RO Data    RW Data    ZI Data      Debug   

     31040       1320       3124        216       2768     590560   Grand Totals
     31040       1320       3124        216       2768     590560   ELF Image Totals
     31040       1320       3124        216          0          0   ROM Totals

==============================================================================

    Total RO  Size (Code + RO Data)                34164 (  33.36kB)
    Total RW  Size (RW Data + ZI Data)              2984 (   2.91kB)
    Total ROM Size (Code + RO Data + RW Data)      34380 (  33.57kB)

==============================================================================

